Component: ARM Compiler 5.05 update 1 (build 106) Tool: armlink [4d0efa]

==============================================================================

Section Cross References

    main.o(.text) refers to misc.o(.text) for NVIC_PriorityGroupConfig
    main.o(.text) refers to delay.o(.text) for delay_init
    main.o(.text) refers to led.o(.text) for LED_Init
    main.o(.text) refers to key.o(.text) for KEY_Init
    main.o(.text) refers to beep.o(.text) for BEEP_Init
    main.o(.text) refers to myiic.o(.text) for IIC_Init
    main.o(.text) refers to mpu6050.o(.text) for MPU_Init
    main.o(.text) refers to usart4.o(.text) for usart4_init
    main.o(.text) refers to usart3.o(.text) for usart3_init
    main.o(.text) refers to exti.o(.text) for EXTIX_Init
    main.o(.text) refers to main.o(.data) for safe_distance
    system_stm32f4xx.o(.text) refers to system_stm32f4xx.o(.data) for SystemCoreClock
    led.o(.text) refers to stm32f4xx_rcc.o(.text) for RCC_AHB1PeriphClockCmd
    led.o(.text) refers to stm32f4xx_gpio.o(.text) for GPIO_Init
    key.o(.text) refers to stm32f4xx_rcc.o(.text) for RCC_AHB1PeriphClockCmd
    key.o(.text) refers to stm32f4xx_gpio.o(.text) for GPIO_Init
    key.o(.text) refers to delay.o(.text) for delay_ms
    key.o(.text) refers to usart4.o(.text) for USART4_GPS
    key.o(.text) refers to sim800c.o(.text) for sim800c_sms_send_test
    key.o(.text) refers to beep.o(.text) for Timer_get
    key.o(.text) refers to key.o(.data) for key_up
    key.o(.text) refers to main.o(.data) for flag_msg
    myiic.o(.text) refers to stm32f4xx_rcc.o(.text) for RCC_AHB1PeriphClockCmd
    myiic.o(.text) refers to stm32f4xx_gpio.o(.text) for GPIO_Init
    myiic.o(.text) refers to delay.o(.text) for delay_us
    myiic.o(.text) refers to beep.o(.text) for Beep_warning
    timer.o(.text) refers to stm32f4xx_tim.o(.text) for TIM_SetCounter
    timer.o(.text) refers to stm32f4xx_rcc.o(.text) for RCC_APB1PeriphClockCmd
    timer.o(.text) refers to misc.o(.text) for NVIC_Init
    timer.o(.text) refers to sim800c.o(.data) for Scan_Wtime
    timer.o(.text) refers to timer.o(.data) for i
    timer.o(.text) refers to usart3.o(.data) for USART3_RX_STA
    timer.o(.text) refers to usart4.o(.data) for USART4_RX_STA
    usart3.o(.text) refers to stm32f4xx_usart.o(.text) for USART_GetITStatus
    usart3.o(.text) refers to stm32f4xx_tim.o(.text) for TIM_SetCounter
    usart3.o(.text) refers to stm32f4xx_rcc.o(.text) for RCC_AHB1PeriphClockCmd
    usart3.o(.text) refers to stm32f4xx_gpio.o(.text) for GPIO_PinAFConfig
    usart3.o(.text) refers to misc.o(.text) for NVIC_Init
    usart3.o(.text) refers to timer.o(.text) for TIM7_Int_Init
    usart3.o(.text) refers to printfa.o(i.__0vsprintf) for vsprintf
    usart3.o(.text) refers to strlen.o(.text) for strlen
    usart3.o(.text) refers to usart3.o(.data) for USART3_RX_STA
    usart3.o(.text) refers to usart3.o(.bss) for USART3_RX_BUF
    beep.o(.text) refers to stm32f4xx_rcc.o(.text) for RCC_AHB1PeriphClockCmd
    beep.o(.text) refers to stm32f4xx_gpio.o(.text) for GPIO_Init
    beep.o(.text) refers to delay.o(.text) for delay_ms
    beep.o(.text) refers to sim800c.o(.text) for sim800c_send_cmd
    beep.o(.text) refers to strstr.o(.text) for strstr
    beep.o(.text) refers to strncpy.o(.text) for strncpy
    beep.o(.text) refers to main.o(.data) for safe_distance
    beep.o(.text) refers to usart3.o(.bss) for USART3_RX_BUF
    gps.o(.text) refers to strlen.o(.text) for strlen
    gps.o(.text) refers to memcpya.o(.text) for __aeabi_memcpy4
    gps.o(.text) refers to strstr.o(.text) for strstr
    gps.o(.text) refers to strncpy.o(.text) for strncpy
    gps.o(.text) refers to strcpy.o(.text) for strcpy
    gps.o(.text) refers to atoi.o(.text) for atoi
    gps.o(.text) refers to dflti.o(.text) for __aeabi_i2d
    gps.o(.text) refers to ddiv.o(.text) for __aeabi_ddiv
    gps.o(.text) refers to printfa.o(i.__0sprintf) for __2sprintf
    gps.o(.text) refers to strcat.o(.text) for strcat
    gps.o(.text) refers to gps.o(.constdata) for .constdata
    gps.o(.text) refers to main.o(.bss) for gpsbuff
    usart2.o(.text) refers to stm32f4xx_usart.o(.text) for USART_GetITStatus
    usart2.o(.text) refers to stm32f4xx_tim.o(.text) for TIM_SetCounter
    usart2.o(.text) refers to stm32f4xx_rcc.o(.text) for RCC_AHB1PeriphClockCmd
    usart2.o(.text) refers to stm32f4xx_gpio.o(.text) for GPIO_PinAFConfig
    usart2.o(.text) refers to misc.o(.text) for NVIC_Init
    usart2.o(.text) refers to timer.o(.text) for TIM2_Int_Init
    usart2.o(.text) refers to printfa.o(i.__0vsprintf) for vsprintf
    usart2.o(.text) refers to strlen.o(.text) for strlen
    usart2.o(.text) refers to usart2.o(.data) for USART2_RX_STA
    usart2.o(.text) refers to usart2.o(.bss) for USART2_RX_BUF
    usart4.o(.text) refers to stm32f4xx_usart.o(.text) for USART_GetITStatus
    usart4.o(.text) refers to stm32f4xx_tim.o(.text) for TIM_SetCounter
[...]
    ../mathlib/sqrt.c                        0x00000000   Number         0  sqrt_x.o ABSOLUTE
    ..\CORE\startup_stm32f40_41xxx.s         0x00000000   Number         0  startup_stm32f40_41xxx.o ABSOLUTE
    ..\FWLIB\src\misc.c                      0x00000000   Number         0  misc.o ABSOLUTE
    ..\FWLIB\src\stm32f4xx_exti.c            0x00000000   Number         0  stm32f4xx_exti.o ABSOLUTE
    ..\FWLIB\src\stm32f4xx_gpio.c            0x00000000   Number         0  stm32f4xx_gpio.o ABSOLUTE
    ..\FWLIB\src\stm32f4xx_rcc.c             0x00000000   Number         0  stm32f4xx_rcc.o ABSOLUTE
    ..\FWLIB\src\stm32f4xx_syscfg.c          0x00000000   Number         0  stm32f4xx_syscfg.o ABSOLUTE
    ..\FWLIB\src\stm32f4xx_tim.c             0x00000000   Number         0  stm32f4xx_tim.o ABSOLUTE
    ..\FWLIB\src\stm32f4xx_usart.c           0x00000000   Number         0  stm32f4xx_usart.o ABSOLUTE
    ..\HARDWARE\BEEP\beep.c                  0x00000000   Number         0  beep.o ABSOLUTE
    ..\HARDWARE\EXTI\exti.c                  0x00000000   Number         0  exti.o ABSOLUTE
    ..\HARDWARE\GPS\gps.c                    0x00000000   Number         0  gps.o ABSOLUTE
    ..\HARDWARE\IIC\myiic.c                  0x00000000   Number         0  myiic.o ABSOLUTE
    ..\HARDWARE\KEY\key.c                    0x00000000   Number         0  key.o ABSOLUTE
    ..\HARDWARE\LED\led.c                    0x00000000   Number         0  led.o ABSOLUTE
    ..\HARDWARE\MPU6050\eMPL\inv_mpu.c       0x00000000   Number         0  inv_mpu.o ABSOLUTE
    ..\HARDWARE\MPU6050\eMPL\inv_mpu_dmp_motion_driver.c 0x00000000   Number         0  inv_mpu_dmp_motion_driver.o ABSOLUTE
    ..\HARDWARE\MPU6050\mpu6050.c            0x00000000   Number         0  mpu6050.o ABSOLUTE
    ..\HARDWARE\TIMER\timer.c                0x00000000   Number         0  timer.o ABSOLUTE
    ..\HARDWARE\USART2\usart2.c              0x00000000   Number         0  usart2.o ABSOLUTE
    ..\HARDWARE\USART3\usart3.c              0x00000000   Number         0  usart3.o ABSOLUTE
    ..\HARDWARE\USART4\usart4.c              0x00000000   Number         0  usart4.o ABSOLUTE
    ..\SIM800C\sim800c.c                     0x00000000   Number         0  sim800c.o ABSOLUTE
    ..\SYSTEM\delay\delay.c                  0x00000000   Number         0  delay.o ABSOLUTE
    ..\SYSTEM\sys\sys.c                      0x00000000   Number         0  sys.o ABSOLUTE
    ..\SYSTEM\usart\usart.c                  0x00000000   Number         0  usart.o ABSOLUTE
    ..\USMART\usmart.c                       0x00000000   Number         0  usmart.o ABSOLUTE
    ..\USMART\usmart_config.c                0x00000000   Number         0  usmart_config.o ABSOLUTE
    ..\USMART\usmart_str.c                   0x00000000   Number         0  usmart_str.o ABSOLUTE
    ..\\FWLIB\\src\\misc.c                   0x00000000   Number         0  misc.o ABSOLUTE
    ..\\FWLIB\\src\\stm32f4xx_exti.c         0x00000000   Number         0  stm32f4xx_exti.o ABSOLUTE
    ..\\FWLIB\\src\\stm32f4xx_gpio.c         0x00000000   Number         0  stm32f4xx_gpio.o ABSOLUTE
    ..\\FWLIB\\src\\stm32f4xx_rcc.c          0x00000000   Number         0  stm32f4xx_rcc.o ABSOLUTE
    ..\\FWLIB\\src\\stm32f4xx_syscfg.c       0x00000000   Number         0  stm32f4xx_syscfg.o ABSOLUTE
    ..\\FWLIB\\src\\stm32f4xx_tim.c          0x00000000   Number         0  stm32f4xx_tim.o ABSOLUTE
    ..\\FWLIB\\src\\stm32f4xx_usart.c        0x00000000   Number         0  stm32f4xx_usart.o ABSOLUTE
    ..\\HARDWARE\\BEEP\\beep.c               0x00000000   Number         0  beep.o ABSOLUTE
    ..\\HARDWARE\\EXTI\\exti.c               0x00000000   Number         0  exti.o ABSOLUTE
    ..\\HARDWARE\\GPS\\gps.c                 0x00000000   Number         0  gps.o ABSOLUTE
    ..\\HARDWARE\\IIC\\myiic.c               0x00000000   Number         0  myiic.o ABSOLUTE
    ..\\HARDWARE\\KEY\\key.c                 0x00000000   Number         0  key.o ABSOLUTE
    ..\\HARDWARE\\LED\\led.c                 0x00000000   Number         0  led.o ABSOLUTE
    ..\\HARDWARE\\MPU6050\\eMPL\\inv_mpu.c   0x00000000   Number         0  inv_mpu.o ABSOLUTE
    ..\\HARDWARE\\MPU6050\\eMPL\\inv_mpu_dmp_motion_driver.c 0x00000000   Number         0  inv_mpu_dmp_motion_driver.o ABSOLUTE
    ..\\HARDWARE\\MPU6050\\mpu6050.c         0x00000000   Number         0  mpu6050.o ABSOLUTE
    ..\\HARDWARE\\TIMER\\timer.c             0x00000000   Number         0  timer.o ABSOLUTE
    ..\\HARDWARE\\USART2\\usart2.c           0x00000000   Number         0  usart2.o ABSOLUTE
    ..\\HARDWARE\\USART3\\usart3.c           0x00000000   Number         0  usart3.o ABSOLUTE
    ..\\HARDWARE\\USART4\\usart4.c           0x00000000   Number         0  usart4.o ABSOLUTE
    ..\\SIM800C\\sim800c.c                   0x00000000   Number         0  sim800c.o ABSOLUTE
    ..\\SYSTEM\\delay\\delay.c               0x00000000   Number         0  delay.o ABSOLUTE
    ..\\SYSTEM\\sys\\sys.c                   0x00000000   Number         0  sys.o ABSOLUTE
    ..\\SYSTEM\\usart\\usart.c               0x00000000   Number         0  usart.o ABSOLUTE
    ..\\USMART\\usmart.c                     0x00000000   Number         0  usmart.o ABSOLUTE
    ..\\USMART\\usmart_config.c              0x00000000   Number         0  usmart_config.o ABSOLUTE
    ..\\USMART\\usmart_str.c                 0x00000000   Number         0  usmart_str.o ABSOLUTE
    cdcmple.s                                0x00000000   Number         0  cdcmple.o ABSOLUTE
    cdrcmple.s                               0x00000000   Number         0  cdrcmple.o ABSOLUTE
    dc.s                                     0x00000000   Number         0  dc.o ABSOLUTE
    handlers.s                               0x00000000   Number         0  handlers.o ABSOLUTE
    init.s                                   0x00000000   Number         0  init.o ABSOLUTE
    main.c                                   0x00000000   Number         0  main.o ABSOLUTE
    main.c                                   0x00000000   Number         0  main.o ABSOLUTE
    stm32f4xx_it.c                           0x00000000   Number         0  stm32f4xx_it.o ABSOLUTE
    stm32f4xx_it.c                           0x00000000   Number         0  stm32f4xx_it.o ABSOLUTE
    system_stm32f4xx.c                       0x00000000   Number         0  system_stm32f4xx.o ABSOLUTE
    system_stm32f4xx.c                       0x00000000   Number         0  system_stm32f4xx.o ABSOLUTE
    RESET                                    0x08000000   Section      392  startup_stm32f40_41xxx.o(RESET)
    .ARM.Collect$$$$00000000                 0x08000188   Section        0  entry.o(.ARM.Collect$$$$00000000)
    .ARM.Collect$$$$00000001                 0x08000188   Section        4  entry2.o(.ARM.Collect$$$$00000001)
    .ARM.Collect$$$$00000004                 0x0800018c   Section        4  entry5.o(.ARM.Collect$$$$00000004)
    .ARM.Collect$$$$00000008                 0x08000190   Section        0  entry7b.o(.ARM.Collect$$$$00000008)
    .ARM.Collect$$$$0000000A                 0x08000190   Section        0  entry8b.o(.ARM.Collect$$$$0000000A)
    .ARM.Collect$$$$0000000B                 0x08000190   Section        8  entry9a.o(.ARM.Collect$$$$0000000B)
    .ARM.Collect$$$$0000000D                 0x08000198   Section        0  entry10a.o(.ARM.Collect$$$$0000000D)
    .ARM.Collect$$$$0000000F                 0x08000198   Section        0  entry11a.o(.ARM.Collect$$$$0000000F)
    .ARM.Collect$$$$00002712                 0x08000198   Section        4  entry2.o(.ARM.Collect$$$$00002712)
    __lit__00000000                          0x08000198   Data           4  entry2.o(.ARM.Collect$$$$00002712)
    .text                                    0x0800019c   Section        0  main.o(.text)
    .text                                    0x08000250   Section        0  stm32f4xx_it.o(.text)
    .text                                    0x0800026c   Section        0  system_stm32f4xx.o(.text)
    SetSysClock                              0x0800026d   Thumb Code   220  system_stm32f4xx.o(.text)
    .text                                    0x0800047c   Section        0  led.o(.text)
    .text                                    0x080004bc   Section        0  key.o(.text)
    .text                                    0x080005d4   Section        0  myiic.o(.text)
    .text                                    0x08000c44   Section        0  timer.o(.text)
    .text                                    0x08000dd8   Section        0  usart3.o(.text)
    .text                                    0x08000f64   Section        0  beep.o(.text)
    .text                                    0x080011fc   Section        0  gps.o(.text)
    .text                                    0x08001530   Section        0  usart2.o(.text)
    .text                                    0x080016b4   Section        0  usart4.o(.text)
    .text                                    0x0800188c   Section        0  exti.o(.text)
    .text                                    0x08001964   Section        0  mpu6050.o(.text)
    .text                                    0x08001d64   Section        0  delay.o(.text)
    .text                                    0x08001e68   Section        0  usart.o(.text)
    .text                                    0x08001fa4   Section       36  startup_stm32f40_41xxx.o(.text)
    $v0                                      0x08001fa4   Number         0  startup_stm32f40_41xxx.o(.text)
    .text                                    0x08001fc8   Section        0  misc.o(.text)
    .text                                    0x080020a8   Section        0  stm32f4xx_gpio.o(.text)
    .text                                    0x0800233c   Section        0  stm32f4xx_rcc.o(.text)
    .text                                    0x08002998   Section        0  stm32f4xx_syscfg.o(.text)
    .text                                    0x08002a2c   Section        0  stm32f4xx_usart.o(.text)
    .text                                    0x08002e80   Section        0  stm32f4xx_tim.o(.text)
    TI4_Config                               0x0800361f   Thumb Code    80  stm32f4xx_tim.o(.text)
    TI3_Config                               0x08003681   Thumb Code    72  stm32f4xx_tim.o(.text)
    TI2_Config                               0x080036e3   Thumb Code    90  stm32f4xx_tim.o(.text)
    TI1_Config                               0x0800374f   Thumb Code    58  stm32f4xx_tim.o(.text)
    .text                                    0x08003b24   Section        0  stm32f4xx_exti.o(.text)
    .text                                    0x08003c34   Section        0  usmart.o(.text)
    .text                                    0x08004868   Section        0  usmart_str.o(.text)
    .text                                    0x08004d90   Section        0  sim800c.o(.text)
    .text                                    0x0800572c   Section        0  memcpya.o(.text)
    .text                                    0x08005750   Section        0  strcat.o(.text)
    .text                                    0x08005768   Section        0  strstr.o(.text)
    .text                                    0x0800578c   Section        0  strncpy.o(.text)
    .text                                    0x080057a4   Section        0  strlen.o(.text)
    .text                                    0x080057b2   Section        0  strcmp.o(.text)
    .text                                    0x080057ce   Section        0  strcpy.o(.text)
    .text                                    0x080057e0   Section        0  strncmp.o(.text)
    .text                                    0x080057fe   Section        0  atoi.o(.text)
    .text                                    0x08005818   Section        0  dadd.o(.text)
    .text                                    0x08005966   Section        0  dmul.o(.text)
    .text                                    0x08005a4a   Section        0  ddiv.o(.text)
    .text                                    0x08005b28   Section        0  dflti.o(.text)
    .text                                    0x08005b4a   Section        0  d2f.o(.text)
    .text                                    0x08005b82   Section        0  uidiv.o(.text)
    .text                                    0x08005bae   Section        0  uldiv.o(.text)
    .text                                    0x08005c10   Section        0  llshl.o(.text)
    .text                                    0x08005c2e   Section        0  llsshr.o(.text)
    .text                                    0x08005c52   Section        0  strtol.o(.text)
    .text                                    0x08005cc2   Section        0  fepilogue.o(.text)
    .text                                    0x08005cc2   Section        0  iusefp.o(.text)
    .text                                    0x08005d30   Section        0  depilogue.o(.text)
    .text                                    0x08005dea   Section        0  dfixul.o(.text)
    .text                                    0x08005e1c   Section       48  cdrcmple.o(.text)
    .text                                    0x08005e4c   Section       36  init.o(.text)
    .text                                    0x08005e70   Section        0  llushr.o(.text)
    .text                                    0x08005e90   Section        0  ctype_o.o(.text)
    .text                                    0x08005e98   Section        0  _strtoul.o(.text)
    .text                                    0x08005f36   Section        0  _chval.o(.text)
    .text                                    0x08005f52   Section        0  __dczerorl2.o(.text)
    i.__0printf                              0x08005fa8   Section        0  printfa.o(i.__0printf)
    i.__0sprintf                             0x08005fc8   Section        0  printfa.o(i.__0sprintf)
    i.__0vsprintf                            0x08005ff0   Section        0  printfa.o(i.__0vsprintf)
    i.__aeabi_errno_addr                     0x08006014   Section        0  errno.o(i.__aeabi_errno_addr)
    i.__scatterload_copy                     0x0800601c   Section       14  handlers.o(i.__scatterload_copy)
    i.__scatterload_null                     0x0800602a   Section        2  handlers.o(i.__scatterload_null)
    i.__scatterload_zeroinit                 0x0800602c   Section       14  handlers.o(i.__scatterload_zeroinit)
    i._fp_digits                             0x0800603c   Section        0  printfa.o(i._fp_digits)
    _fp_digits                               0x0800603d   Thumb Code   334  printfa.o(i._fp_digits)
    i._printf_core                           0x080061a0   Section        0  printfa.o(i._printf_core)
    _printf_core                             0x080061a1   Thumb Code  1744  printfa.o(i._printf_core)
    i._printf_post_padding                   0x0800687c   Section        0  printfa.o(i._printf_post_padding)
    _printf_post_padding                     0x0800687d   Thumb Code    36  printfa.o(i._printf_post_padding)
    i._printf_pre_padding                    0x080068a0   Section        0  printfa.o(i._printf_pre_padding)
    _printf_pre_padding                      0x080068a1   Thumb Code    46  printfa.o(i._printf_pre_padding)
    i._sputc                                 0x080068ce   Section        0  printfa.o(i._sputc)
    _sputc                                   0x080068cf   Thumb Code    10  printfa.o(i._sputc)
    i.free                                   0x080068d8   Section        0  malloc.o(i.free)
    i.malloc                                 0x08006928   Section        0  malloc.o(i.malloc)
    .constdata                               0x08006994   Section      192  gps.o(.constdata)
    .constdata                               0x08006a54   Section      129  ctype_o.o(.constdata)
    .constdata                               0x08006ad8   Section        4  ctype_o.o(.constdata)
    table                                    0x08006ad8   Data           4  ctype_o.o(.constdata)
    .conststring                             0x08006adc   Section       40  usmart.o(.conststring)
    .conststring                             0x08006b04   Section      112  usmart_config.o(.conststring)
    .conststring                             0x08006b74   Section       56  sim800c.o(.conststring)
    .data                                    0x20000000   Section        8  main.o(.data)
    .data                                    0x20000008   Section       20  system_stm32f4xx.o(.data)
    .data                                    0x2000001c   Section        1  key.o(.data)
    key_up                                   0x2000001c   Data           1  key.o(.data)
    .data                                    0x2000001d   Section        2  timer.o(.data)
    i                                        0x2000001d   Data           1  timer.o(.data)
    i                                        0x2000001e   Data           1  timer.o(.data)
    .data                                    0x20000020   Section        2  usart3.o(.data)
    .data                                    0x20000022   Section        2  usart2.o(.data)
    .data                                    0x20000024   Section        2  usart4.o(.data)
    .data                                    0x20000026   Section        4  delay.o(.data)
    fac_us                                   0x20000026   Data           1  delay.o(.data)
    fac_ms                                   0x20000028   Data           2  delay.o(.data)
    .data                                    0x2000002c   Section        6  usart.o(.data)
    .data                                    0x20000032   Section       16  stm32f4xx_rcc.o(.data)
    APBAHBPrescTable                         0x20000032   Data          16  stm32f4xx_rcc.o(.data)
    .data                                    0x20000044   Section       28  usmart.o(.data)
    .data                                    0x20000060   Section      268  usmart_config.o(.data)
    .data                                    0x2000016c   Section      120  sim800c.o(.data)
    .data                                    0x200001e4   Section        4  mvars.o(.data)
    .data                                    0x200001e8   Section        4  mvars.o(.data)
    .data                                    0x200001ec   Section        4  errno.o(.data)
    _errno                                   0x200001ec   Data           4  errno.o(.data)
    .bss                                     0x200001f0   Section     1275  main.o(.bss)
    .bss                                     0x200006f0   Section      800  usart3.o(.bss)
    .bss                                     0x20000a10   Section      800  usart2.o(.bss)
    .bss                                     0x20000d30   Section     1200  usart4.o(.bss)
    .bss                                     0x200011e0   Section      400  usart.o(.bss)
    HEAP                                     0x20001370   Section      512  startup_stm32f40_41xxx.o(HEAP)
    STACK                                    0x20001570   Section     1024  startup_stm32f40_41xxx.o(STACK)

    Global Symbols

    Symbol Name                              Value     Ov Type        Size  Object(Section)

    BuildAttributes$$THM_ISAv4$E$P$D$K$B$S$7EM$VFPi3$EXTD16$VFPS$VFMA$PE$A:L22UL41UL21$X:L11$S22US41US21$IEEE1$IW$USESV6$~STKCKD$USESV7$~SHL$OTIME$ROPI$IEEEX$EBA8$MICROLIB$REQ8$PRES8$EABIv2 0x00000000   Number         0  anon$$obj.o ABSOLUTE
    __ARM_use_no_argv                        0x00000000   Number         0  main.o ABSOLUTE
    __use_no_errno                           0x00000000   Number         0  useno.o ABSOLUTE
    __use_no_exception_handling              0x00000000   Number         0  useno.o ABSOLUTE
    __use_no_fp                              0x00000000   Number         0  useno.o ABSOLUTE
    __use_no_heap                            0x00000000   Number         0  useno.o ABSOLUTE
    __use_no_heap_region                     0x00000000   Number         0  useno.o ABSOLUTE
    __use_no_semihosting                     0x00000000   Number         0  useno.o ABSOLUTE
    __use_no_semihosting_swi                 0x00000000   Number         0  useno.o ABSOLUTE
    __use_no_signal_handling                 0x00000000   Number         0  useno.o ABSOLUTE
    _printf_a                                0x00000000   Number         0  stubs.o ABSOLUTE
    _printf_c                                0x00000000   Number         0  stubs.o ABSOLUTE
    _printf_charcount                        0x00000000   Number         0  stubs.o ABSOLUTE
    _printf_d                                0x00000000   Number         0  stubs.o ABSOLUTE
    _printf_e                                0x00000000   Number         0  stubs.o ABSOLUTE
    _printf_f                                0x00000000   Number         0  stubs.o ABSOLUTE
    _printf_flags                            0x00000000   Number         0  stubs.o ABSOLUTE
    _printf_fp_dec                           0x00000000   Number         0  stubs.o ABSOLUTE
    _printf_fp_hex                           0x00000000   Number         0  stubs.o ABSOLUTE
    _printf_g                                0x00000000   Number         0  stubs.o ABSOLUTE
    _printf_i                                0x00000000   Number         0  stubs.o ABSOLUTE
    _printf_int_dec                          0x00000000   Number         0  stubs.o ABSOLUTE
    _printf_l                                0x00000000   Number         0  stubs.o ABSOLUTE
    _printf_lc                               0x00000000   Number         0  stubs.o ABSOLUTE
    _printf_ll                               0x00000000   Number         0  stubs.o ABSOLUTE
    _printf_lld                              0x00000000   Number         0  stubs.o ABSOLUTE
    _printf_lli                              0x00000000   Number         0  stubs.o ABSOLUTE
    _printf_llo                              0x00000000   Number         0  stubs.o ABSOLUTE
    _printf_llu                              0x00000000   Number         0  stubs.o ABSOLUTE
    _printf_llx                              0x00000000   Number         0  stubs.o ABSOLUTE
    _printf_longlong_dec                     0x00000000   Number         0  stubs.o ABSOLUTE
    _printf_longlong_hex                     0x00000000   Number         0  stubs.o ABSOLUTE
    _printf_longlong_oct                     0x00000000   Number         0  stubs.o ABSOLUTE
    _printf_ls                               0x00000000   Number         0  stubs.o ABSOLUTE
    _printf_mbtowc                           0x00000000   Number         0  stubs.o ABSOLUTE
    _printf_n                                0x00000000   Number         0  stubs.o ABSOLUTE
    _printf_o                                0x00000000   Number         0  stubs.o ABSOLUTE
    _printf_p                                0x00000000   Number         0  stubs.o ABSOLUTE
    _printf_percent                          0x00000000   Number         0  stubs.o ABSOLUTE
    _printf_pre_padding                      0x00000000   Number         0  stubs.o ABSOLUTE
    _printf_return_value                     0x00000000   Number         0  stubs.o ABSOLUTE
    _printf_s                                0x00000000   Number         0  stubs.o ABSOLUTE
    _printf_sizespec                         0x00000000   Number         0  stubs.o ABSOLUTE
    _printf_str                              0x00000000   Number         0  stubs.o ABSOLUTE
    _printf_truncate_signed                  0x00000000   Number         0  stubs.o ABSOLUTE
    _printf_truncate_unsigned                0x00000000   Number         0  stubs.o ABSOLUTE
    _printf_u                                0x00000000   Number         0  stubs.o ABSOLUTE
    _printf_wc                               0x00000000   Number         0  stubs.o ABSOLUTE
    _printf_wctomb                           0x00000000   Number         0  stubs.o ABSOLUTE
    _printf_widthprec                        0x00000000   Number         0  stubs.o ABSOLUTE
    _printf_x                                0x00000000   Number         0  stubs.o ABSOLUTE
    __cpp_initialize__aeabi_                  - Undefined Weak Reference
    __cxa_finalize                            - Undefined Weak Reference
    _clock_init                               - Undefined Weak Reference
    _microlib_exit                            - Undefined Weak Reference
    __Vectors_Size                           0x00000188   Number         0  startup_stm32f40_41xxx.o ABSOLUTE
    __Vectors                                0x08000000   Data           4  startup_stm32f40_41xxx.o(RESET)
    __Vectors_End                            0x08000188   Data           0  startup_stm32f40_41xxx.o(RESET)
    __main                                   0x08000189   Thumb Code     0  entry.o(.ARM.Collect$$$$00000000)
    _main_stk                                0x08000189   Thumb Code     0  entry2.o(.ARM.Collect$$$$00000001)
    _main_scatterload                        0x0800018d   Thumb Code     0  entry5.o(.ARM.Collect$$$$00000004)
    __main_after_scatterload                 0x08000191   Thumb Code     0  entry5.o(.ARM.Collect$$$$00000004)
    _main_clock                              0x08000191   Thumb Code     0  entry7b.o(.ARM.Collect$$$$00000008)
    _main_cpp_init                           0x08000191   Thumb Code     0  entry8b.o(.ARM.Collect$$$$0000000A)
    _main_init                               0x08000191   Thumb Code     0  entry9a.o(.ARM.Collect$$$$0000000B)
    __rt_final_cpp                           0x08000199   Thumb Code     0  entry10a.o(.ARM.Collect$$$$0000000D)
    __rt_final_exit                          0x08000199   Thumb Code     0  entry11a.o(.ARM.Collect$$$$0000000F)
    main                                     0x0800019d   Thumb Code   170  main.o(.text)
    NMI_Handler                              0x08000251   Thumb Code     2  stm32f4xx_it.o(.text)
    HardFault_Handler                        0x08000253   Thumb Code     4  stm32f4xx_it.o(.text)
    MemManage_Handler                        0x08000257   Thumb Code     4  stm32f4xx_it.o(.text)
    BusFault_Handler                         0x0800025b   Thumb Code     4  stm32f4xx_it.o(.text)
    UsageFault_Handler                       0x0800025f   Thumb Code     4  stm32f4xx_it.o(.text)
    SVC_Handler                              0x08000263   Thumb Code     2  stm32f4xx_it.o(.text)
    DebugMon_Handler                         0x08000265   Thumb Code     2  stm32f4xx_it.o(.text)
    PendSV_Handler                           0x08000267   Thumb Code     2  stm32f4xx_it.o(.text)
    SysTick_Handler                          0x08000269   Thumb Code     2  stm32f4xx_it.o(.text)
    SystemInit                               0x08000349   Thumb Code    88  system_stm32f4xx.o(.text)
    SystemCoreClockUpdate                    0x080003a1   Thumb Code   174  system_stm32f4xx.o(.text)
    LED_Init                                 0x0800047d   Thumb Code    60  led.o(.text)
    KEY_Init                                 0x080004bd   Thumb Code    50  key.o(.text)
    KEY_Scan                                 0x080004ef   Thumb Code   128  key.o(.text)
    KEY_PRESS                                0x0800056f   Thumb Code    68  key.o(.text)
    IIC_Init                                 0x080005d5   Thumb Code   162  myiic.o(.text)
    IIC_Start                                0x08000677   Thumb Code    68  myiic.o(.text)
    IIC_Stop                                 0x080006bb   Thumb Code    62  myiic.o(.text)
    IIC_Wait_Ack                             0x080006f9   Thumb Code    86  myiic.o(.text)
    IIC_Ack                                  0x0800074f   Thumb Code    66  myiic.o(.text)
    IIC_NAck                                 0x08000791   Thumb Code    66  myiic.o(.text)
    IIC_Send_Byte                            0x080007d3   Thumb Code    90  myiic.o(.text)
    IIC_Read_Byte                            0x0800082d   Thumb Code    94  myiic.o(.text)
    KS102_WriteOneByte                       0x0800088b   Thumb Code    48  myiic.o(.text)
    KS102_ReadOneByte                        0x080008bb   Thumb Code    70  myiic.o(.text)
    IIC_Stop1                                0x08000901   Thumb Code    64  myiic.o(.text)
    IIC_Ack1                                 0x08000941   Thumb Code    66  myiic.o(.text)
    IIC_NAck1                                0x08000983   Thumb Code    66  myiic.o(.text)
    IIC_Read_Byte1                           0x080009c5   Thumb Code   132  myiic.o(.text)
    IIC_Wait_Ack1                            0x08000a49   Thumb Code    84  myiic.o(.text)
    IIC_Send_Byte1                           0x08000a9d   Thumb Code    88  myiic.o(.text)
    IIC_Start1                               0x08000af5   Thumb Code    70  myiic.o(.text)
    KS102_ReadOneByte1                       0x08000b3b   Thumb Code    70  myiic.o(.text)
    KS102_WriteOneByte1                      0x08000b81   Thumb Code    48  myiic.o(.text)
    avoidance_task                           0x08000bb1   Thumb Code    70  myiic.o(.text)
    avoidance_task1                          0x08000bf7   Thumb Code    62  myiic.o(.text)
    TIM7_SetARR                              0x08000c45   Thumb Code    36  timer.o(.text)
    TIM7_IRQHandler                          0x08000c69   Thumb Code   108  timer.o(.text)
    TIM7_Int_Init                            0x08000cd5   Thumb Code    78  timer.o(.text)
    TIM2_SetARR                              0x08000d23   Thumb Code    38  timer.o(.text)
    TIM2_IRQHandler                          0x08000d49   Thumb Code    44  timer.o(.text)
    TIM2_Int_Init                            0x08000d75   Thumb Code    80  timer.o(.text)
    USART3_IRQHandler                        0x08000dd9   Thumb Code    96  usart3.o(.text)
    usart3_init                              0x08000e39   Thumb Code   204  usart3.o(.text)
    u3_printf                                0x08000f05   Thumb Code    72  usart3.o(.text)
    BEEP_Init                                0x08000f65   Thumb Code   104  beep.o(.text)
    Beep_warning                             0x08000fcd   Thumb Code    52  beep.o(.text)
    VOICE_TEST                               0x08001001   Thumb Code    88  beep.o(.text)
    Timer_get                                0x08001059   Thumb Code   308  beep.o(.text)
    Date_Sorting                             0x0800118d   Thumb Code    60  beep.o(.text)
    Getcomma                                 0x080011fd   Thumb Code    50  gps.o(.text)
    data_change2                             0x0800122f   Thumb Code   226  gps.o(.text)
    get_double_number2                       0x08001311   Thumb Code    82  gps.o(.text)
    data_change1                             0x08001363   Thumb Code   230  gps.o(.text)
    get_double_number1                       0x08001449   Thumb Code   102  gps.o(.text)
    NMEA_GNGGA_Analysis                      0x080014af   Thumb Code    98  gps.o(.text)
    USART2_IRQHandler                        0x08001531   Thumb Code    98  usart2.o(.text)
    usart2_init                              0x08001593   Thumb Code   196  usart2.o(.text)
    u2_printf                                0x08001657   Thumb Code    72  usart2.o(.text)
    UART4_IRQHandler                         0x080016b5   Thumb Code    98  usart4.o(.text)
    usart4_init                              0x08001717   Thumb Code   196  usart4.o(.text)
    u4_printf                                0x080017db   Thumb Code    72  usart4.o(.text)
    USART4_GPS                               0x08001823   Thumb Code    80  usart4.o(.text)
    EXTI4_IRQHandler                         0x0800188d   Thumb Code    40  exti.o(.text)
    EXTI9_5_IRQHandler                       0x080018b5   Thumb Code    46  exti.o(.text)
    EXTIX_Init                               0x080018e3   Thumb Code   118  exti.o(.text)
    MPU_Write_Byte                           0x08001965   Thumb Code    68  mpu6050.o(.text)
    MPU_Set_LPF                              0x080019a9   Thumb Code    58  mpu6050.o(.text)
    MPU_Set_Rate                             0x080019e3   Thumb Code    58  mpu6050.o(.text)
    MPU_Read_Byte                            0x08001a1d   Thumb Code    58  mpu6050.o(.text)
    MPU_Set_Accel_Fsr                        0x08001a57   Thumb Code    16  mpu6050.o(.text)
    MPU_Set_Gyro_Fsr                         0x08001a67   Thumb Code    16  mpu6050.o(.text)
    MPU_Init                                 0x08001a77   Thumb Code   122  mpu6050.o(.text)
    MPU_Read_Len                             0x08001af1   Thumb Code   116  mpu6050.o(.text)
    MPU_Get_Temperature                      0x08001b65   Thumb Code   110  mpu6050.o(.text)
    MPU_Get_Gyroscope                        0x08001bd3   Thumb Code    80  mpu6050.o(.text)
    MPU_Get_Accelerometer                    0x08001c23   Thumb Code    80  mpu6050.o(.text)
    MPU_Write_Len                            0x08001c73   Thumb Code    96  mpu6050.o(.text)
    Fall_down                                0x08001cd3   Thumb Code   114  mpu6050.o(.text)
    delay_init                               0x08001d65   Thumb Code    52  delay.o(.text)
    delay_us                                 0x08001d99   Thumb Code    72  delay.o(.text)
    delay_xms                                0x08001de1   Thumb Code    72  delay.o(.text)
    delay_ms                                 0x08001e29   Thumb Code    56  delay.o(.text)
    _sys_exit                                0x08001e69   Thumb Code     4  usart.o(.text)
    fputc                                    0x08001e6d   Thumb Code    22  usart.o(.text)
    uart_init                                0x08001e83   Thumb Code   172  usart.o(.text)
    USART1_IRQHandler                        0x08001f2f   Thumb Code    96  usart.o(.text)
    Reset_Handler                            0x08001fa5   Thumb Code     8  startup_stm32f40_41xxx.o(.text)
    ADC_IRQHandler                           0x08001fbf   Thumb Code     0  startup_stm32f40_41xxx.o(.text)
    CAN1_RX0_IRQHandler                      0x08001fbf   Thumb Code     0  startup_stm32f40_41xxx.o(.text)
    CAN1_RX1_IRQHandler                      0x08001fbf   Thumb Code     0  startup_stm32f40_41xxx.o(.text)
    CAN1_SCE_IRQHandler                      0x08001fbf   Thumb Code     0  startup_stm32f40_41xxx.o(.text)
    CAN1_TX_IRQHandler                       0x08001fbf   Thumb Code     0  startup_stm32f40_41xxx.o(.text)
    CAN2_RX0_IRQHandler                      0x08001fbf   Thumb Code     0  startup_stm32f40_41xxx.o(.text)
    CAN2_RX1_IRQHandler                      0x08001fbf   Thumb Code     0  startup_stm32f40_41xxx.o(.text)
    CAN2_SCE_IRQHandler                      0x08001fbf   Thumb Code     0  startup_stm32f40_41xxx.o(.text)
    CAN2_TX_IRQHandler                       0x08001fbf   Thumb Code     0  startup_stm32f40_41xxx.o(.text)
    CRYP_IRQHandler                          0x08001fbf   Thumb Code     0  startup_stm32f40_41xxx.o(.text)
    DCMI_IRQHandler                          0x08001fbf   Thumb Code     0  startup_stm32f40_41xxx.o(.text)
    DMA1_Stream0_IRQHandler                  0x08001fbf   Thumb Code     0  startup_stm32f40_41xxx.o(.text)
    DMA1_Stream1_IRQHandler                  0x08001fbf   Thumb Code     0  startup_stm32f40_41xxx.o(.text)
    DMA1_Stream2_IRQHandler                  0x08001fbf   Thumb Code     0  startup_stm32f40_41xxx.o(.text)
    DMA1_Stream3_IRQHandler                  0x08001fbf   Thumb Code     0  startup_stm32f40_41xxx.o(.text)
    DMA1_Stream4_IRQHandler                  0x08001fbf   Thumb Code     0  startup_stm32f40_41xxx.o(.text)
    DMA1_Stream5_IRQHandler                  0x08001fbf   Thumb Code     0  startup_stm32f40_41xxx.o(.text)
    DMA1_Stream6_IRQHandler                  0x08001fbf   Thumb Code     0  startup_stm32f40_41xxx.o(.text)
    DMA1_Stream7_IRQHandler                  0x08001fbf   Thumb Code     0  startup_stm32f40_41xxx.o(.text)
    DMA2_Stream0_IRQHandler                  0x08001fbf   Thumb Code     0  startup_stm32f40_41xxx.o(.text)
    DMA2_Stream1_IRQHandler                  0x08001fbf   Thumb Code     0  startup_stm32f40_41xxx.o(.text)
    DMA2_Stream2_IRQHandler                  0x08001fbf   Thumb Code     0  startup_stm32f40_41xxx.o(.text)
    DMA2_Stream3_IRQHandler                  0x08001fbf   Thumb Code     0  startup_stm32f40_41xxx.o(.text)
    DMA2_Stream4_IRQHandler                  0x08001fbf   Thumb Code     0  startup_stm32f40_41xxx.o(.text)
    DMA2_Stream5_IRQHandler                  0x08001fbf   Thumb Code     0  startup_stm32f40_41xxx.o(.text)
    DMA2_Stream6_IRQHandler                  0x08001fbf   Thumb Code     0  startup_stm32f40_41xxx.o(.text)
    DMA2_Stream7_IRQHandler                  0x08001fbf   Thumb Code     0  startup_stm32f40_41xxx.o(.text)
    ETH_IRQHandler                           0x08001fbf   Thumb Code     0  startup_stm32f40_41xxx.o(.text)
    ETH_WKUP_IRQHandler                      0x08001fbf   Thumb Code     0  startup_stm32f40_41xxx.o(.text)
    EXTI0_IRQHandler                         0x08001fbf   Thumb Code     0  startup_stm32f40_41xxx.o(.text)
    EXTI15_10_IRQHandler                     0x08001fbf   Thumb Code     0  startup_stm32f40_41xxx.o(.text)
    EXTI1_IRQHandler                         0x08001fbf   Thumb Code     0  startup_stm32f40_41xxx.o(.text)
    EXTI2_IRQHandler                         0x08001fbf   Thumb Code     0  startup_stm32f40_41xxx.o(.text)
    EXTI3_IRQHandler                         0x08001fbf   Thumb Code     0  startup_stm32f40_41xxx.o(.text)
    FLASH_IRQHandler                         0x08001fbf   Thumb Code     0  startup_stm32f40_41xxx.o(.text)
    FPU_IRQHandler                           0x08001fbf   Thumb Code     0  startup_stm32f40_41xxx.o(.text)
    FSMC_IRQHandler                          0x08001fbf   Thumb Code     0  startup_stm32f40_41xxx.o(.text)
    HASH_RNG_IRQHandler                      0x08001fbf   Thumb Code     0  startup_stm32f40_41xxx.o(.text)
    I2C1_ER_IRQHandler                       0x08001fbf   Thumb Code     0  startup_stm32f40_41xxx.o(.text)
    I2C1_EV_IRQHandler                       0x08001fbf   Thumb Code     0  startup_stm32f40_41xxx.o(.text)
    I2C2_ER_IRQHandler                       0x08001fbf   Thumb Code     0  startup_stm32f40_41xxx.o(.text)
    I2C2_EV_IRQHandler                       0x08001fbf   Thumb Code     0  startup_stm32f40_41xxx.o(.text)
    I2C3_ER_IRQHandler                       0x08001fbf   Thumb Code     0  startup_stm32f40_41xxx.o(.text)
    I2C3_EV_IRQHandler                       0x08001fbf   Thumb Code     0  startup_stm32f40_41xxx.o(.text)
    OTG_FS_IRQHandler                        0x08001fbf   Thumb Code     0  startup_stm32f40_41xxx.o(.text)
    OTG_FS_WKUP_IRQHandler                   0x08001fbf   Thumb Code     0  startup_stm32f40_41xxx.o(.text)
    OTG_HS_EP1_IN_IRQHandler                 0x08001fbf   Thumb Code     0  startup_stm32f40_41xxx.o(.text)
    OTG_HS_EP1_OUT_IRQHandler                0x08001fbf   Thumb Code     0  startup_stm32f40_41xxx.o(.text)
    OTG_HS_IRQHandler                        0x08001fbf   Thumb Code     0  startup_stm32f40_41xxx.o(.text)
    OTG_HS_WKUP_IRQHandler                   0x08001fbf   Thumb Code     0  startup_stm32f40_41xxx.o(.text)
    PVD_IRQHandler                           0x08001fbf   Thumb Code     0  startup_stm32f40_41xxx.o(.text)
    RCC_IRQHandler                           0x08001fbf   Thumb Code     0  startup_stm32f40_41xxx.o(.text)
    RTC_Alarm_IRQHandler                     0x08001fbf   Thumb Code     0  startup_stm32f40_41xxx.o(.text)
    RTC_WKUP_IRQHandler                      0x08001fbf   Thumb Code     0  startup_stm32f40_41xxx.o(.text)
    SDIO_IRQHandler                          0x08001fbf   Thumb Code     0  startup_stm32f40_41xxx.o(.text)
    SPI1_IRQHandler                          0x08001fbf   Thumb Code     0  startup_stm32f40_41xxx.o(.text)
    SPI2_IRQHandler                          0x08001fbf   Thumb Code     0  startup_stm32f40_41xxx.o(.text)
    SPI3_IRQHandler                          0x08001fbf   Thumb Code     0  startup_stm32f40_41xxx.o(.text)
    TAMP_STAMP_IRQHandler                    0x08001fbf   Thumb Code     0  startup_stm32f40_41xxx.o(.text)
    TIM1_BRK_TIM9_IRQHandler                 0x08001fbf   Thumb Code     0  startup_stm32f40_41xxx.o(.text)
    TIM1_CC_IRQHandler                       0x08001fbf   Thumb Code     0  startup_stm32f40_41xxx.o(.text)
    TIM1_TRG_COM_TIM11_IRQHandler            0x08001fbf   Thumb Code     0  startup_stm32f40_41xxx.o(.text)
    TIM1_UP_TIM10_IRQHandler                 0x08001fbf   Thumb Code     0  startup_stm32f40_41xxx.o(.text)
    TIM3_IRQHandler                          0x08001fbf   Thumb Code     0  startup_stm32f40_41xxx.o(.text)
    TIM5_IRQHandler                          0x08001fbf   Thumb Code     0  startup_stm32f40_41xxx.o(.text)
    TIM6_DAC_IRQHandler                      0x08001fbf   Thumb Code     0  startup_stm32f40_41xxx.o(.text)
    TIM8_BRK_TIM12_IRQHandler                0x08001fbf   Thumb Code     0  startup_stm32f40_41xxx.o(.text)
    TIM8_CC_IRQHandler                       0x08001fbf   Thumb Code     0  startup_stm32f40_41xxx.o(.text)
    TIM8_TRG_COM_TIM14_IRQHandler            0x08001fbf   Thumb Code     0  startup_stm32f40_41xxx.o(.text)
    TIM8_UP_TIM13_IRQHandler                 0x08001fbf   Thumb Code     0  startup_stm32f40_41xxx.o(.text)
    UART5_IRQHandler                         0x08001fbf   Thumb Code     0  startup_stm32f40_41xxx.o(.text)
    USART6_IRQHandler                        0x08001fbf   Thumb Code     0  startup_stm32f40_41xxx.o(.text)
    WWDG_IRQHandler                          0x08001fbf   Thumb Code     0  startup_stm32f40_41xxx.o(.text)
    NVIC_PriorityGroupConfig                 0x08001fc9   Thumb Code    10  misc.o(.text)
    NVIC_Init                                0x08001fd3   Thumb Code   106  misc.o(.text)
    NVIC_SetVectorTable                      0x0800203d   Thumb Code    14  misc.o(.text)
    NVIC_SystemLPConfig                      0x0800204b   Thumb Code    34  misc.o(.text)
    SysTick_CLKSourceConfig                  0x0800206d   Thumb Code    40  misc.o(.text)
    GPIO_DeInit                              0x080020a9   Thumb Code   268  stm32f4xx_gpio.o(.text)
    GPIO_Init                                0x080021b5   Thumb Code   144  stm32f4xx_gpio.o(.text)
    GPIO_StructInit                          0x08002245   Thumb Code    18  stm32f4xx_gpio.o(.text)
    GPIO_PinLockConfig                       0x08002257   Thumb Code    34  stm32f4xx_gpio.o(.text)
    GPIO_ReadInputDataBit                    0x08002279   Thumb Code    18  stm32f4xx_gpio.o(.text)
    GPIO_ReadInputData                       0x0800228b   Thumb Code     8  stm32f4xx_gpio.o(.text)
    GPIO_ReadOutputDataBit                   0x08002293   Thumb Code    18  stm32f4xx_gpio.o(.text)
    GPIO_ReadOutputData                      0x080022a5   Thumb Code     8  stm32f4xx_gpio.o(.text)
    GPIO_SetBits                             0x080022ad   Thumb Code     4  stm32f4xx_gpio.o(.text)
    GPIO_ResetBits                           0x080022b1   Thumb Code     4  stm32f4xx_gpio.o(.text)
    GPIO_WriteBit                            0x080022b5   Thumb Code    10  stm32f4xx_gpio.o(.text)
    GPIO_Write                               0x080022bf   Thumb Code     4  stm32f4xx_gpio.o(.text)
    GPIO_ToggleBits                          0x080022c3   Thumb Code     8  stm32f4xx_gpio.o(.text)
    GPIO_PinAFConfig                         0x080022cb   Thumb Code    70  stm32f4xx_gpio.o(.text)
    RCC_DeInit                               0x0800233d   Thumb Code    82  stm32f4xx_rcc.o(.text)
    RCC_HSEConfig                            0x0800238f   Thumb Code    14  stm32f4xx_rcc.o(.text)
    RCC_GetFlagStatus                        0x0800239d   Thumb Code    60  stm32f4xx_rcc.o(.text)
    RCC_WaitForHSEStartUp                    0x080023d9   Thumb Code    56  stm32f4xx_rcc.o(.text)
    RCC_AdjustHSICalibrationValue            0x08002411   Thumb Code    20  stm32f4xx_rcc.o(.text)
    RCC_HSICmd                               0x08002425   Thumb Code     6  stm32f4xx_rcc.o(.text)
    RCC_LSEConfig                            0x0800242b   Thumb Code    46  stm32f4xx_rcc.o(.text)
    RCC_LSICmd                               0x08002459   Thumb Code     6  stm32f4xx_rcc.o(.text)
    RCC_PLLConfig                            0x0800245f   Thumb Code    32  stm32f4xx_rcc.o(.text)
    RCC_PLLCmd                               0x0800247f   Thumb Code     6  stm32f4xx_rcc.o(.text)
    RCC_PLLI2SConfig                         0x08002485   Thumb Code    14  stm32f4xx_rcc.o(.text)
    RCC_PLLI2SCmd                            0x08002493   Thumb Code     6  stm32f4xx_rcc.o(.text)
    RCC_PLLSAIConfig                         0x08002499   Thumb Code    20  stm32f4xx_rcc.o(.text)
    RCC_PLLSAICmd                            0x080024ad   Thumb Code     6  stm32f4xx_rcc.o(.text)
    RCC_ClockSecuritySystemCmd               0x080024b3   Thumb Code     6  stm32f4xx_rcc.o(.text)
    RCC_MCO1Config                           0x080024b9   Thumb Code    28  stm32f4xx_rcc.o(.text)
    RCC_MCO2Config                           0x080024d5   Thumb Code    28  stm32f4xx_rcc.o(.text)
    RCC_SYSCLKConfig                         0x080024f1   Thumb Code    20  stm32f4xx_rcc.o(.text)
    RCC_GetSYSCLKSource                      0x08002505   Thumb Code    12  stm32f4xx_rcc.o(.text)
    RCC_HCLKConfig                           0x08002511   Thumb Code    20  stm32f4xx_rcc.o(.text)
    RCC_PCLK1Config                          0x08002525   Thumb Code    20  stm32f4xx_rcc.o(.text)
    RCC_PCLK2Config                          0x08002539   Thumb Code    22  stm32f4xx_rcc.o(.text)
    RCC_GetClocksFreq                        0x0800254f   Thumb Code   222  stm32f4xx_rcc.o(.text)
    RCC_RTCCLKConfig                         0x0800262d   Thumb Code    54  stm32f4xx_rcc.o(.text)
    RCC_RTCCLKCmd                            0x08002663   Thumb Code     8  stm32f4xx_rcc.o(.text)
    RCC_BackupResetCmd                       0x0800266b   Thumb Code     8  stm32f4xx_rcc.o(.text)
    RCC_I2SCLKConfig                         0x08002673   Thumb Code     6  stm32f4xx_rcc.o(.text)
    RCC_SAIPLLI2SClkDivConfig                0x08002679   Thumb Code    26  stm32f4xx_rcc.o(.text)
    RCC_SAIPLLSAIClkDivConfig                0x08002693   Thumb Code    28  stm32f4xx_rcc.o(.text)
    RCC_SAIBlockACLKConfig                   0x080026af   Thumb Code    20  stm32f4xx_rcc.o(.text)
    RCC_SAIBlockBCLKConfig                   0x080026c3   Thumb Code    20  stm32f4xx_rcc.o(.text)
    RCC_LTDCCLKDivConfig                     0x080026d7   Thumb Code    20  stm32f4xx_rcc.o(.text)
    RCC_TIMCLKPresConfig                     0x080026eb   Thumb Code     6  stm32f4xx_rcc.o(.text)
    RCC_AHB1PeriphClockCmd                   0x080026f1   Thumb Code    34  stm32f4xx_rcc.o(.text)
    RCC_AHB2PeriphClockCmd                   0x08002713   Thumb Code    78  stm32f4xx_rcc.o(.text)
    RCC_AHB3PeriphClockCmd                   0x08002761   Thumb Code    34  stm32f4xx_rcc.o(.text)
    RCC_APB1PeriphClockCmd                   0x08002783   Thumb Code    34  stm32f4xx_rcc.o(.text)
    RCC_APB2PeriphClockCmd                   0x080027a5   Thumb Code    34  stm32f4xx_rcc.o(.text)
    RCC_AHB1PeriphResetCmd                   0x080027c7   Thumb Code    34  stm32f4xx_rcc.o(.text)
    RCC_AHB2PeriphResetCmd                   0x080027e9   Thumb Code    34  stm32f4xx_rcc.o(.text)
    RCC_AHB3PeriphResetCmd                   0x0800280b   Thumb Code    34  stm32f4xx_rcc.o(.text)
    RCC_APB1PeriphResetCmd                   0x0800282d   Thumb Code    34  stm32f4xx_rcc.o(.text)
    RCC_APB2PeriphResetCmd                   0x0800284f   Thumb Code    34  stm32f4xx_rcc.o(.text)
    RCC_AHB1PeriphClockLPModeCmd             0x08002871   Thumb Code    34  stm32f4xx_rcc.o(.text)
    RCC_AHB2PeriphClockLPModeCmd             0x08002893   Thumb Code    34  stm32f4xx_rcc.o(.text)
    RCC_AHB3PeriphClockLPModeCmd             0x080028b5   Thumb Code    34  stm32f4xx_rcc.o(.text)
    RCC_APB1PeriphClockLPModeCmd             0x080028d7   Thumb Code    34  stm32f4xx_rcc.o(.text)
    RCC_APB2PeriphClockLPModeCmd             0x080028f9   Thumb Code    34  stm32f4xx_rcc.o(.text)
    RCC_LSEModeConfig                        0x0800291b   Thumb Code    40  stm32f4xx_rcc.o(.text)
    RCC_ITConfig                             0x08002943   Thumb Code    34  stm32f4xx_rcc.o(.text)
    RCC_ClearFlag                            0x08002965   Thumb Code    18  stm32f4xx_rcc.o(.text)
    RCC_GetITStatus                          0x08002977   Thumb Code    22  stm32f4xx_rcc.o(.text)
    RCC_ClearITPendingBit                    0x0800298d   Thumb Code     8  stm32f4xx_rcc.o(.text)
    SYSCFG_DeInit                            0x08002999   Thumb Code    22  stm32f4xx_syscfg.o(.text)
    SYSCFG_MemoryRemapConfig                 0x080029af   Thumb Code     6  stm32f4xx_syscfg.o(.text)
    SYSCFG_MemorySwappingBank                0x080029b5   Thumb Code     6  stm32f4xx_syscfg.o(.text)
    SYSCFG_EXTILineConfig                    0x080029bb   Thumb Code    66  stm32f4xx_syscfg.o(.text)
    SYSCFG_ETH_MediaInterfaceConfig          0x080029fd   Thumb Code     8  stm32f4xx_syscfg.o(.text)
    SYSCFG_CompensationCellCmd               0x08002a05   Thumb Code     6  stm32f4xx_syscfg.o(.text)
    SYSCFG_GetCompensationCellStatus         0x08002a0b   Thumb Code    22  stm32f4xx_syscfg.o(.text)
    USART_DeInit                             0x08002a2d   Thumb Code   206  stm32f4xx_usart.o(.text)
    USART_Init                               0x08002afb   Thumb Code   204  stm32f4xx_usart.o(.text)
    USART_StructInit                         0x08002bc7   Thumb Code    24  stm32f4xx_usart.o(.text)
    USART_ClockInit                          0x08002bdf   Thumb Code    32  stm32f4xx_usart.o(.text)
    USART_ClockStructInit                    0x08002bff   Thumb Code    12  stm32f4xx_usart.o(.text)
    USART_Cmd                                0x08002c0b   Thumb Code    24  stm32f4xx_usart.o(.text)
    USART_SetPrescaler                       0x08002c23   Thumb Code    16  stm32f4xx_usart.o(.text)
    USART_OverSampling8Cmd                   0x08002c33   Thumb Code    22  stm32f4xx_usart.o(.text)
    USART_OneBitMethodCmd                    0x08002c49   Thumb Code    24  stm32f4xx_usart.o(.text)
    USART_SendData                           0x08002c61   Thumb Code     8  stm32f4xx_usart.o(.text)
    USART_ReceiveData                        0x08002c69   Thumb Code    10  stm32f4xx_usart.o(.text)
    USART_SetAddress                         0x08002c73   Thumb Code    18  stm32f4xx_usart.o(.text)
    USART_ReceiverWakeUpCmd                  0x08002c85   Thumb Code    24  stm32f4xx_usart.o(.text)
    USART_WakeUpConfig                       0x08002c9d   Thumb Code    18  stm32f4xx_usart.o(.text)
    USART_LINBreakDetectLengthConfig         0x08002caf   Thumb Code    18  stm32f4xx_usart.o(.text)
    USART_LINCmd                             0x08002cc1   Thumb Code    24  stm32f4xx_usart.o(.text)
    USART_SendBreak                          0x08002cd9   Thumb Code    10  stm32f4xx_usart.o(.text)
    USART_HalfDuplexCmd                      0x08002ce3   Thumb Code    24  stm32f4xx_usart.o(.text)
    USART_SetGuardTime                       0x08002cfb   Thumb Code    16  stm32f4xx_usart.o(.text)
    USART_SmartCardCmd                       0x08002d0b   Thumb Code    24  stm32f4xx_usart.o(.text)
    USART_SmartCardNACKCmd                   0x08002d23   Thumb Code    24  stm32f4xx_usart.o(.text)
    USART_IrDAConfig                         0x08002d3b   Thumb Code    18  stm32f4xx_usart.o(.text)
    USART_IrDACmd                            0x08002d4d   Thumb Code    24  stm32f4xx_usart.o(.text)
    USART_DMACmd                             0x08002d65   Thumb Code    18  stm32f4xx_usart.o(.text)
    USART_ITConfig                           0x08002d77   Thumb Code    74  stm32f4xx_usart.o(.text)
    USART_GetFlagStatus                      0x08002dc1   Thumb Code    26  stm32f4xx_usart.o(.text)
    USART_ClearFlag                          0x08002ddb   Thumb Code    18  stm32f4xx_usart.o(.text)
    USART_GetITStatus                        0x08002ded   Thumb Code   118  stm32f4xx_usart.o(.text)
    USART_ClearITPendingBit                  0x08002e63   Thumb Code    30  stm32f4xx_usart.o(.text)
    TIM_DeInit                               0x08002e81   Thumb Code   346  stm32f4xx_tim.o(.text)
    TIM_TimeBaseInit                         0x08002fdb   Thumb Code   104  stm32f4xx_tim.o(.text)
    TIM_TimeBaseStructInit                   0x08003043   Thumb Code    18  stm32f4xx_tim.o(.text)
    TIM_PrescalerConfig                      0x08003055   Thumb Code     6  stm32f4xx_tim.o(.text)
    TIM_CounterModeConfig                    0x0800305b   Thumb Code    18  stm32f4xx_tim.o(.text)
    TIM_SetCounter                           0x0800306d   Thumb Code     4  stm32f4xx_tim.o(.text)
    TIM_SetAutoreload                        0x08003071   Thumb Code     4  stm32f4xx_tim.o(.text)
    TIM_GetCounter                           0x08003075   Thumb Code     6  stm32f4xx_tim.o(.text)
    TIM_GetPrescaler                         0x0800307b   Thumb Code     6  stm32f4xx_tim.o(.text)
    TIM_UpdateDisableConfig                  0x08003081   Thumb Code    24  stm32f4xx_tim.o(.text)
    TIM_UpdateRequestConfig                  0x08003099   Thumb Code    24  stm32f4xx_tim.o(.text)
    TIM_ARRPreloadConfig                     0x080030b1   Thumb Code    24  stm32f4xx_tim.o(.text)
    TIM_SelectOnePulseMode                   0x080030c9   Thumb Code    18  stm32f4xx_tim.o(.text)
    TIM_SetClockDivision                     0x080030db   Thumb Code    18  stm32f4xx_tim.o(.text)
    TIM_Cmd                                  0x080030ed   Thumb Code    24  stm32f4xx_tim.o(.text)
    TIM_OC1Init                              0x08003105   Thumb Code   114  stm32f4xx_tim.o(.text)
    TIM_OC2Init                              0x08003177   Thumb Code   154  stm32f4xx_tim.o(.text)
    TIM_OC3Init                              0x08003211   Thumb Code   204  stm32f4xx_tim.o(.text)
    TIM_OC4Init                              0x080032dd   Thumb Code   112  stm32f4xx_tim.o(.text)
    TIM_OCStructInit                         0x0800334d   Thumb Code    20  stm32f4xx_tim.o(.text)
    TIM_SelectOCxM                           0x08003361   Thumb Code    86  stm32f4xx_tim.o(.text)
    TIM_SetCompare1                          0x080033b7   Thumb Code     4  stm32f4xx_tim.o(.text)
    TIM_SetCompare2                          0x080033bb   Thumb Code     4  stm32f4xx_tim.o(.text)
    TIM_SetCompare3                          0x080033bf   Thumb Code     4  stm32f4xx_tim.o(.text)
    TIM_SetCompare4                          0x080033c3   Thumb Code     4  stm32f4xx_tim.o(.text)
    TIM_ForcedOC1Config                      0x080033c7   Thumb Code    18  stm32f4xx_tim.o(.text)
    TIM_ForcedOC2Config                      0x080033d9   Thumb Code    26  stm32f4xx_tim.o(.text)
    TIM_ForcedOC3Config                      0x080033f3   Thumb Code    18  stm32f4xx_tim.o(.text)
    TIM_ForcedOC4Config                      0x08003405   Thumb Code    26  stm32f4xx_tim.o(.text)
    TIM_OC1PreloadConfig                     0x0800341f   Thumb Code    18  stm32f4xx_tim.o(.text)
    TIM_OC2PreloadConfig                     0x08003431   Thumb Code    26  stm32f4xx_tim.o(.text)
    TIM_OC3PreloadConfig                     0x0800344b   Thumb Code    18  stm32f4xx_tim.o(.text)
    TIM_OC4PreloadConfig                     0x0800345d   Thumb Code    26  stm32f4xx_tim.o(.text)
    TIM_OC1FastConfig                        0x08003477   Thumb Code    18  stm32f4xx_tim.o(.text)
    TIM_OC2FastConfig                        0x08003489   Thumb Code    26  stm32f4xx_tim.o(.text)
    TIM_OC3FastConfig                        0x080034a3   Thumb Code    18  stm32f4xx_tim.o(.text)
    TIM_OC4FastConfig                        0x080034b5   Thumb Code    26  stm32f4xx_tim.o(.text)
    TIM_ClearOC1Ref                          0x080034cf   Thumb Code    18  stm32f4xx_tim.o(.text)
    TIM_ClearOC2Ref                          0x080034e1   Thumb Code    24  stm32f4xx_tim.o(.text)
    TIM_ClearOC3Ref                          0x080034f9   Thumb Code    18  stm32f4xx_tim.o(.text)
    TIM_ClearOC4Ref                          0x0800350b   Thumb Code    24  stm32f4xx_tim.o(.text)
    TIM_OC1PolarityConfig                    0x08003523   Thumb Code    18  stm32f4xx_tim.o(.text)
    TIM_OC1NPolarityConfig                   0x08003535   Thumb Code    18  stm32f4xx_tim.o(.text)
    TIM_OC2PolarityConfig                    0x08003547   Thumb Code    26  stm32f4xx_tim.o(.text)
    TIM_OC2NPolarityConfig                   0x08003561   Thumb Code    26  stm32f4xx_tim.o(.text)
    TIM_OC3PolarityConfig                    0x0800357b   Thumb Code    26  stm32f4xx_tim.o(.text)
    TIM_OC3NPolarityConfig                   0x08003595   Thumb Code    26  stm32f4xx_tim.o(.text)
    TIM_OC4PolarityConfig                    0x080035af   Thumb Code    26  stm32f4xx_tim.o(.text)
    TIM_CCxCmd                               0x080035c9   Thumb Code    30  stm32f4xx_tim.o(.text)
    TIM_CCxNCmd                              0x080035e7   Thumb Code    30  stm32f4xx_tim.o(.text)
    TIM_SetIC4Prescaler                      0x08003605   Thumb Code    26  stm32f4xx_tim.o(.text)
    TIM_SetIC3Prescaler                      0x0800366f   Thumb Code    18  stm32f4xx_tim.o(.text)
    TIM_SetIC2Prescaler                      0x080036c9   Thumb Code    26  stm32f4xx_tim.o(.text)
    TIM_SetIC1Prescaler                      0x0800373d   Thumb Code    18  stm32f4xx_tim.o(.text)
    TIM_ICInit                               0x08003789   Thumb Code   110  stm32f4xx_tim.o(.text)
    TIM_ICStructInit                         0x080037f7   Thumb Code    18  stm32f4xx_tim.o(.text)
    TIM_PWMIConfig                           0x08003809   Thumb Code   124  stm32f4xx_tim.o(.text)
    TIM_GetCapture1                          0x08003885   Thumb Code     6  stm32f4xx_tim.o(.text)
    TIM_GetCapture2                          0x0800388b   Thumb Code     6  stm32f4xx_tim.o(.text)
    TIM_GetCapture3                          0x08003891   Thumb Code     6  stm32f4xx_tim.o(.text)
    TIM_GetCapture4                          0x08003897   Thumb Code     6  stm32f4xx_tim.o(.text)
    TIM_BDTRConfig                           0x0800389d   Thumb Code    32  stm32f4xx_tim.o(.text)
    TIM_BDTRStructInit                       0x080038bd   Thumb Code    18  stm32f4xx_tim.o(.text)
    TIM_CtrlPWMOutputs                       0x080038cf   Thumb Code    30  stm32f4xx_tim.o(.text)
    TIM_SelectCOM                            0x080038ed   Thumb Code    24  stm32f4xx_tim.o(.text)
    TIM_CCPreloadControl                     0x08003905   Thumb Code    24  stm32f4xx_tim.o(.text)
    TIM_ITConfig                             0x0800391d   Thumb Code    18  stm32f4xx_tim.o(.text)
    TIM_GenerateEvent                        0x0800392f   Thumb Code     4  stm32f4xx_tim.o(.text)
    TIM_GetFlagStatus                        0x08003933   Thumb Code    18  stm32f4xx_tim.o(.text)
    TIM_ClearFlag                            0x08003945   Thumb Code     6  stm32f4xx_tim.o(.text)
    TIM_GetITStatus                          0x0800394b   Thumb Code    34  stm32f4xx_tim.o(.text)
    TIM_ClearITPendingBit                    0x0800396d   Thumb Code     6  stm32f4xx_tim.o(.text)
    TIM_DMAConfig                            0x08003973   Thumb Code    10  stm32f4xx_tim.o(.text)
    TIM_DMACmd                               0x0800397d   Thumb Code    18  stm32f4xx_tim.o(.text)
    TIM_SelectCCDMA                          0x0800398f   Thumb Code    24  stm32f4xx_tim.o(.text)
    TIM_InternalClockConfig                  0x080039a7   Thumb Code    12  stm32f4xx_tim.o(.text)
    TIM_SelectInputTrigger                   0x080039b3   Thumb Code    18  stm32f4xx_tim.o(.text)
    TIM_ITRxExternalClockConfig              0x080039c5   Thumb Code    24  stm32f4xx_tim.o(.text)
    TIM_TIxExternalClockConfig               0x080039dd   Thumb Code    62  stm32f4xx_tim.o(.text)
    TIM_ETRConfig                            0x08003a1b   Thumb Code    28  stm32f4xx_tim.o(.text)
    TIM_ETRClockMode1Config                  0x08003a37   Thumb Code    54  stm32f4xx_tim.o(.text)
    TIM_ETRClockMode2Config                  0x08003a6d   Thumb Code    32  stm32f4xx_tim.o(.text)
    TIM_SelectOutputTrigger                  0x08003a8d   Thumb Code    18  stm32f4xx_tim.o(.text)
    TIM_SelectSlaveMode                      0x08003a9f   Thumb Code    18  stm32f4xx_tim.o(.text)
    TIM_SelectMasterSlaveMode                0x08003ab1   Thumb Code    18  stm32f4xx_tim.o(.text)
    TIM_EncoderInterfaceConfig               0x08003ac3   Thumb Code    66  stm32f4xx_tim.o(.text)
    TIM_SelectHallSensor                     0x08003b05   Thumb Code    24  stm32f4xx_tim.o(.text)
    TIM_RemapConfig                          0x08003b1d   Thumb Code     6  stm32f4xx_tim.o(.text)
    EXTI_DeInit                              0x08003b25   Thumb Code    28  stm32f4xx_exti.o(.text)
    EXTI_Init                                0x08003b41   Thumb Code   142  stm32f4xx_exti.o(.text)
    EXTI_StructInit                          0x08003bcf   Thumb Code    16  stm32f4xx_exti.o(.text)
    EXTI_GenerateSWInterrupt                 0x08003bdf   Thumb Code    16  stm32f4xx_exti.o(.text)
    EXTI_GetFlagStatus                       0x08003bef   Thumb Code    22  stm32f4xx_exti.o(.text)
    EXTI_ClearFlag                           0x08003c05   Thumb Code     8  stm32f4xx_exti.o(.text)
    EXTI_GetITStatus                         0x08003c0d   Thumb Code    22  stm32f4xx_exti.o(.text)
    EXTI_ClearITPendingBit                   0x08003c23   Thumb Code     8  stm32f4xx_exti.o(.text)
    usmart_sys_cmd_exe                       0x08003c35   Thumb Code  1554  usmart.o(.text)
    usmart_reset_runtime                     0x08004247   Thumb Code    38  usmart.o(.text)
    usmart_get_runtime                       0x0800426d   Thumb Code    60  usmart.o(.text)
    TIM4_IRQHandler                          0x080042a9   Thumb Code    46  usmart.o(.text)
    Timer4_Init                              0x080042d7   Thumb Code    86  usmart.o(.text)
    usmart_init                              0x0800432d   Thumb Code    36  usmart.o(.text)
    usmart_cmd_rec                           0x08004351   Thumb Code   170  usmart.o(.text)
    usmart_exe                               0x080043fb   Thumb Code   868  usmart.o(.text)
    usmart_scan                              0x0800475f   Thumb Code   120  usmart.o(.text)
    read_addr                                0x080047d7   Thumb Code     6  usmart.o(.text)
    write_addr                               0x080047dd   Thumb Code     4  usmart.o(.text)
    usmart_strcmp                            0x08004869   Thumb Code    34  usmart_str.o(.text)
    usmart_strcopy                           0x0800488b   Thumb Code    22  usmart_str.o(.text)
    usmart_strlen                            0x080048a1   Thumb Code    24  usmart_str.o(.text)
    usmart_pow                               0x080048b9   Thumb Code    22  usmart_str.o(.text)
    usmart_str2num                           0x080048cf   Thumb Code   202  usmart_str.o(.text)
    usmart_get_cmdname                       0x08004999   Thumb Code    54  usmart_str.o(.text)
    usmart_search_nextc                      0x080049cf   Thumb Code    22  usmart_str.o(.text)
    usmart_get_fname                         0x080049e5   Thumb Code   440  usmart_str.o(.text)
    usmart_get_aparm                         0x08004b9d   Thumb Code   200  usmart_str.o(.text)
    usmart_get_parmpos                       0x08004c65   Thumb Code    26  usmart_str.o(.text)
    usmart_get_fparam                        0x08004c7f   Thumb Code   262  usmart_str.o(.text)
    sim_at_response                          0x08004d91   Thumb Code    32  sim800c.o(.text)
    sim800c_check_cmd                        0x08004db1   Thumb Code    44  sim800c.o(.text)
    sim800c_send_cmd                         0x08004ddd   Thumb Code   162  sim800c.o(.text)
    sim800c_wait_request                     0x08004e7f   Thumb Code    92  sim800c.o(.text)
    sim800c_chr2hex                          0x08004edb   Thumb Code    54  sim800c.o(.text)
    sim800c_hex2chr                          0x08004f11   Thumb Code    34  sim800c.o(.text)
    sim800c_unigbk_exchange                  0x08004f33   Thumb Code     2  sim800c.o(.text)
    sim800c_load_keyboard                    0x08004f35   Thumb Code     2  sim800c.o(.text)
    sim800c_key_staset                       0x08004f37   Thumb Code     2  sim800c.o(.text)
    sim800c_get_keynum                       0x08004f39   Thumb Code     6  sim800c.o(.text)
    sim800c_call_test                        0x08004f3f   Thumb Code     4  sim800c.o(.text)
    sim800c_sms_select                       0x08004f43   Thumb Code    96  sim800c.o(.text)
    sim800c_sms_read_test                    0x08004fa3   Thumb Code   742  sim800c.o(.text)
    sim800c_sms_send_test                    0x08005289   Thumb Code   122  sim800c.o(.text)
    sim800c_sms_ui                           0x08005303   Thumb Code     2  sim800c.o(.text)
    sim800c_sms_test                         0x08005305   Thumb Code   172  sim800c.o(.text)
    sim800c_mtest_ui                         0x080053b1   Thumb Code     2  sim800c.o(.text)
    sim800c_gsminfo_show                     0x080053b3   Thumb Code   306  sim800c.o(.text)
    ntp_update                               0x080054e5   Thumb Code    80  sim800c.o(.text)
    sim800c_test                             0x08005535   Thumb Code    94  sim800c.o(.text)
    __aeabi_memcpy                           0x0800572d   Thumb Code    36  memcpya.o(.text)
    __aeabi_memcpy4                          0x0800572d   Thumb Code     0  memcpya.o(.text)
    __aeabi_memcpy8                          0x0800572d   Thumb Code     0  memcpya.o(.text)
    strcat                                   0x08005751   Thumb Code    24  strcat.o(.text)
    strstr                                   0x08005769   Thumb Code    36  strstr.o(.text)
    strncpy                                  0x0800578d   Thumb Code    24  strncpy.o(.text)
    strlen                                   0x080057a5   Thumb Code    14  strlen.o(.text)
    strcmp                                   0x080057b3   Thumb Code    28  strcmp.o(.text)
    strcpy                                   0x080057cf   Thumb Code    18  strcpy.o(.text)
    strncmp                                  0x080057e1   Thumb Code    30  strncmp.o(.text)
    atoi                                     0x080057ff   Thumb Code    26  atoi.o(.text)
    __aeabi_dadd                             0x08005819   Thumb Code   322  dadd.o(.text)
    __aeabi_dsub                             0x0800595b   Thumb Code     6  dadd.o(.text)
    __aeabi_drsub                            0x08005961   Thumb Code     6  dadd.o(.text)
    __aeabi_dmul                             0x08005967   Thumb Code   228  dmul.o(.text)
    __aeabi_ddiv                             0x08005a4b   Thumb Code   222  ddiv.o(.text)
    __aeabi_i2d                              0x08005b29   Thumb Code    34  dflti.o(.text)
    __aeabi_d2f                              0x08005b4b   Thumb Code    56  d2f.o(.text)
    __aeabi_uidiv                            0x08005b83   Thumb Code     0  uidiv.o(.text)
    __aeabi_uidivmod                         0x08005b83   Thumb Code    44  uidiv.o(.text)
    __aeabi_uldivmod                         0x08005baf   Thumb Code    98  uldiv.o(.text)
    __aeabi_llsl                             0x08005c11   Thumb Code    30  llshl.o(.text)
    _ll_shift_l                              0x08005c11   Thumb Code     0  llshl.o(.text)
    __aeabi_lasr                             0x08005c2f   Thumb Code    36  llsshr.o(.text)
    _ll_sshift_r                             0x08005c2f   Thumb Code     0  llsshr.o(.text)
    strtol                                   0x08005c53   Thumb Code   112  strtol.o(.text)
    __I$use$fp                               0x08005cc3   Thumb Code     0  iusefp.o(.text)
    _float_round                             0x08005cc3   Thumb Code    18  fepilogue.o(.text)
    _float_epilogue                          0x08005cd5   Thumb Code    92  fepilogue.o(.text)
    _double_round                            0x08005d31   Thumb Code    30  depilogue.o(.text)
    _double_epilogue                         0x08005d4f   Thumb Code   156  depilogue.o(.text)
    __aeabi_d2ulz                            0x08005deb   Thumb Code    48  dfixul.o(.text)
    __aeabi_cdrcmple                         0x08005e1d   Thumb Code    48  cdrcmple.o(.text)
    __scatterload                            0x08005e4d   Thumb Code    28  init.o(.text)
    __scatterload_rt2                        0x08005e4d   Thumb Code     0  init.o(.text)
    __aeabi_llsr                             0x08005e71   Thumb Code    32  llushr.o(.text)
    _ll_ushift_r                             0x08005e71   Thumb Code     0  llushr.o(.text)
    __rt_ctype_table                         0x08005e91   Thumb Code     4  ctype_o.o(.text)
    _strtoul                                 0x08005e99   Thumb Code   158  _strtoul.o(.text)
    _chval                                   0x08005f37   Thumb Code    28  _chval.o(.text)
    __decompress                             0x08005f53   Thumb Code     0  __dczerorl2.o(.text)
    __decompress1                            0x08005f53   Thumb Code    86  __dczerorl2.o(.text)
    __0printf                                0x08005fa9   Thumb Code    22  printfa.o(i.__0printf)
    __1printf                                0x08005fa9   Thumb Code     0  printfa.o(i.__0printf)
    __2printf                                0x08005fa9   Thumb Code     0  printfa.o(i.__0printf)
    __c89printf                              0x08005fa9   Thumb Code     0  printfa.o(i.__0printf)
    printf                                   0x08005fa9   Thumb Code     0  printfa.o(i.__0printf)
    __0sprintf                               0x08005fc9   Thumb Code    34  printfa.o(i.__0sprintf)
    __1sprintf                               0x08005fc9   Thumb Code     0  printfa.o(i.__0sprintf)
    __2sprintf                               0x08005fc9   Thumb Code     0  printfa.o(i.__0sprintf)
    __c89sprintf                             0x08005fc9   Thumb Code     0  printfa.o(i.__0sprintf)
    sprintf                                  0x08005fc9   Thumb Code     0  printfa.o(i.__0sprintf)
    __0vsprintf                              0x08005ff1   Thumb Code    30  printfa.o(i.__0vsprintf)
    __1vsprintf                              0x08005ff1   Thumb Code     0  printfa.o(i.__0vsprintf)
    __2vsprintf                              0x08005ff1   Thumb Code     0  printfa.o(i.__0vsprintf)
    __c89vsprintf                            0x08005ff1   Thumb Code     0  printfa.o(i.__0vsprintf)
    vsprintf                                 0x08005ff1   Thumb Code     0  printfa.o(i.__0vsprintf)
    __aeabi_errno_addr                       0x08006015   Thumb Code     4  errno.o(i.__aeabi_errno_addr)
    __rt_errno_addr                          0x08006015   Thumb Code     0  errno.o(i.__aeabi_errno_addr)
    __scatterload_copy                       0x0800601d   Thumb Code    14  handlers.o(i.__scatterload_copy)
    __scatterload_null                       0x0800602b   Thumb Code     2  handlers.o(i.__scatterload_null)
    __scatterload_zeroinit                   0x0800602d   Thumb Code    14  handlers.o(i.__scatterload_zeroinit)
    free                                     0x080068d9   Thumb Code    76  malloc.o(i.free)
    malloc                                   0x08006929   Thumb Code    92  malloc.o(i.malloc)
    __ctype_table                            0x08006a54   Data         129  ctype_o.o(.constdata)
    Region$$Table$$Base                      0x08006bac   Number         0  anon$$obj.o(Region$$Table)
    Region$$Table$$Limit                     0x08006bcc   Number         0  anon$$obj.o(Region$$Table)
    msgnum                                   0x20000000   Data           1  main.o(.data)
    flag_msg                                 0x20000001   Data           1  main.o(.data)
    safe_distance                            0x20000002   Data           2  main.o(.data)
    sim_ready                                0x20000004   Data           1  main.o(.data)
    msglive                                  0x20000005   Data           1  main.o(.data)
    msgdel                                   0x20000006   Data           1  main.o(.data)
    msgmax                                   0x20000007   Data           1  main.o(.data)
    SystemCoreClock                          0x20000008   Data           4  system_stm32f4xx.o(.data)
    AHBPrescTable                            0x2000000c   Data          16  system_stm32f4xx.o(.data)
    USART3_RX_STA                            0x20000020   Data           2  usart3.o(.data)
    USART2_RX_STA                            0x20000022   Data           2  usart2.o(.data)
    USART4_RX_STA                            0x20000024   Data           2  usart4.o(.data)
    __stdout                                 0x2000002c   Data           4  usart.o(.data)
    USART_RX_STA                             0x20000030   Data           2  usart.o(.data)
    sys_cmd_tab                              0x20000044   Data          28  usmart.o(.data)
    usmart_nametab                           0x20000060   Data          24  usmart_config.o(.data)
    usmart_dev                               0x20000078   Data         244  usmart_config.o(.data)
    Scan_Wtime                               0x2000016c   Data           1  sim800c.o(.data)
    BT_Scan_mode                             0x2000016d   Data           1  sim800c.o(.data)
    kbd_tbl1                                 0x20000170   Data          52  sim800c.o(.data)
    kbd_tbl2                                 0x200001a4   Data          52  sim800c.o(.data)
    kbd_tbl                                  0x200001d8   Data           4  sim800c.o(.data)
    kbd_fn_tbl                               0x200001dc   Data           8  sim800c.o(.data)
    __microlib_freelist                      0x200001e4   Data           4  mvars.o(.data)
    __microlib_freelist_initialised          0x200001e8   Data           4  mvars.o(.data)
    phonenum                                 0x200001f0   Data         600  main.o(.bss)
    gpsbuff                                  0x20000448   Data          75  main.o(.bss)
    phonedel                                 0x20000493   Data         600  main.o(.bss)
    USART3_TX_BUF                            0x200006f0   Data         400  usart3.o(.bss)
    USART3_RX_BUF                            0x20000880   Data         400  usart3.o(.bss)
    USART2_TX_BUF                            0x20000a10   Data         400  usart2.o(.bss)
    USART2_RX_BUF                            0x20000ba0   Data         400  usart2.o(.bss)
    USART4_TX_BUF                            0x20000d30   Data         400  usart4.o(.bss)
    USART4_RX_BUF                            0x20000ec0   Data         400  usart4.o(.bss)
    USART1_TX_BUF                            0x20001050   Data         400  usart4.o(.bss)
    USART_RX_BUF                             0x200011e0   Data         200  usart.o(.bss)
    USART1_RX_BUF                            0x200012a8   Data         200  usart.o(.bss)
    __heap_base                              0x20001370   Data           0  startup_stm32f40_41xxx.o(HEAP)
    __heap_limit                             0x20001570   Data           0  startup_stm32f40_41xxx.o(HEAP)
    __initial_sp                             0x20001970   Data           0  startup_stm32f40_41xxx.o(STACK)



==============================================================================

Memory Map of the image

  Image Entry point : 0x08000189

  Load Region LR_IROM1 (Base: 0x08000000, Size: 0x00006dbc, Max: 0x00080000, ABSOLUTE, COMPRESSED[0x00006c54])

    Execution Region ER_IROM1 (Base: 0x08000000, Size: 0x00006bcc, Max: 0x00080000, ABSOLUTE)

    Base Addr    Size         Type   Attr      Idx    E Section Name        Object

    0x08000000   0x00000188   Data   RO          762    RESET               startup_stm32f40_41xxx.o
    0x08000188   0x00000000   Code   RO         1109  * .ARM.Collect$$$$00000000  mc_w.l(entry.o)
    0x08000188   0x00000004   Code   RO         1490    .ARM.Collect$$$$00000001  mc_w.l(entry2.o)
    0x0800018c   0x00000004   Code   RO         1493    .ARM.Collect$$$$00000004  mc_w.l(entry5.o)
    0x08000190   0x00000000   Code   RO         1495    .ARM.Collect$$$$00000008  mc_w.l(entry7b.o)
    0x08000190   0x00000000   Code   RO         1497    .ARM.Collect$$$$0000000A  mc_w.l(entry8b.o)
    0x08000190   0x00000008   Code   RO         1498    .ARM.Collect$$$$0000000B  mc_w.l(entry9a.o)
    0x08000198   0x00000000   Code   RO         1500    .ARM.Collect$$$$0000000D  mc_w.l(entry10a.o)
    0x08000198   0x00000000   Code   RO         1502    .ARM.Collect$$$$0000000F  mc_w.l(entry11a.o)
    0x08000198   0x00000004   Code   RO         1491    .ARM.Collect$$$$00002712  mc_w.l(entry2.o)
    0x0800019c   0x000000b4   Code   RO            4    .text               main.o
    0x08000250   0x0000001a   Code   RO          199    .text               stm32f4xx_it.o
    0x0800026a   0x00000002   PAD
    0x0800026c   0x00000210   Code   RO          252    .text               system_stm32f4xx.o
    0x0800047c   0x00000040   Code   RO          282    .text               led.o
    0x080004bc   0x00000118   Code   RO          306    .text               key.o
    0x080005d4   0x00000670   Code   RO          332    .text               myiic.o
    0x08000c44   0x00000194   Code   RO          364    .text               timer.o
    0x08000dd8   0x0000018c   Code   RO          393    .text               usart3.o
    0x08000f64   0x00000298   Code   RO          434    .text               beep.o
    0x080011fc   0x00000334   Code   RO          459    .text               gps.o
    0x08001530   0x00000184   Code   RO          499    .text               usart2.o
    0x080016b4   0x000001d8   Code   RO          530    .text               usart4.o
    0x0800188c   0x000000d8   Code   RO          562    .text               exti.o
    0x08001964   0x00000400   Code   RO          587    .text               mpu6050.o
    0x08001d64   0x00000104   Code   RO          680    .text               delay.o
    0x08001e68   0x0000013c   Code   RO          728    .text               usart.o
    0x08001fa4   0x00000024   Code   RO          763    .text               startup_stm32f40_41xxx.o
    0x08001fc8   0x000000e0   Code   RO          770    .text               misc.o
    0x080020a8   0x00000294   Code   RO          794    .text               stm32f4xx_gpio.o
    0x0800233c   0x0000065c   Code   RO          818    .text               stm32f4xx_rcc.o
    0x08002998   0x00000094   Code   RO          844    .text               stm32f4xx_syscfg.o
    0x08002a2c   0x00000454   Code   RO          868    .text               stm32f4xx_usart.o
    0x08002e80   0x00000ca2   Code   RO          892    .text               stm32f4xx_tim.o
    0x08003b22   0x00000002   PAD
    0x08003b24   0x00000110   Code   RO          916    .text               stm32f4xx_exti.o
    0x08003c34   0x00000c34   Code   RO          940    .text               usmart.o
    0x08004868   0x00000528   Code   RO          993    .text               usmart_str.o
    0x08004d90   0x0000099c   Code   RO         1017    .text               sim800c.o
    0x0800572c   0x00000024   Code   RO         1114    .text               mc_w.l(memcpya.o)
    0x08005750   0x00000018   Code   RO         1118    .text               mc_w.l(strcat.o)
    0x08005768   0x00000024   Code   RO         1120    .text               mc_w.l(strstr.o)
    0x0800578c   0x00000018   Code   RO         1122    .text               mc_w.l(strncpy.o)
    0x080057a4   0x0000000e   Code   RO         1124    .text               mc_w.l(strlen.o)
    0x080057b2   0x0000001c   Code   RO         1126    .text               mc_w.l(strcmp.o)
    0x080057ce   0x00000012   Code   RO         1130    .text               mc_w.l(strcpy.o)
    0x080057e0   0x0000001e   Code   RO         1132    .text               mc_w.l(strncmp.o)
    0x080057fe   0x0000001a   Code   RO         1425    .text               mc_w.l(atoi.o)
    0x08005818   0x0000014e   Code   RO         1427    .text               mf_w.l(dadd.o)
    0x08005966   0x000000e4   Code   RO         1429    .text               mf_w.l(dmul.o)
    0x08005a4a   0x000000de   Code   RO         1431    .text               mf_w.l(ddiv.o)
    0x08005b28   0x00000022   Code   RO         1433    .text               mf_w.l(dflti.o)
    0x08005b4a   0x00000038   Code   RO         1437    .text               mf_w.l(d2f.o)
    0x08005b82   0x0000002c   Code   RO         1504    .text               mc_w.l(uidiv.o)
    0x08005bae   0x00000062   Code   RO         1506    .text               mc_w.l(uldiv.o)
    0x08005c10   0x0000001e   Code   RO         1508    .text               mc_w.l(llshl.o)
    0x08005c2e   0x00000024   Code   RO         1510    .text               mc_w.l(llsshr.o)
    0x08005c52   0x00000070   Code   RO         1521    .text               mc_w.l(strtol.o)
    0x08005cc2   0x00000000   Code   RO         1523    .text               mc_w.l(iusefp.o)
    0x08005cc2   0x0000006e   Code   RO         1524    .text               mf_w.l(fepilogue.o)
    0x08005d30   0x000000ba   Code   RO         1526    .text               mf_w.l(depilogue.o)
    0x08005dea   0x00000030   Code   RO         1530    .text               mf_w.l(dfixul.o)
    0x08005e1a   0x00000002   PAD
    0x08005e1c   0x00000030   Code   RO         1532    .text               mf_w.l(cdrcmple.o)
    0x08005e4c   0x00000024   Code   RO         1534    .text               mc_w.l(init.o)
    0x08005e70   0x00000020   Code   RO         1536    .text               mc_w.l(llushr.o)
    0x08005e90   0x00000008   Code   RO         1538    .text               mc_w.l(ctype_o.o)
    0x08005e98   0x0000009e   Code   RO         1566    .text               mc_w.l(_strtoul.o)
    0x08005f36   0x0000001c   Code   RO         1572    .text               mc_w.l(_chval.o)
    0x08005f52   0x00000056   Code   RO         1582    .text               mc_w.l(__dczerorl2.o)
    0x08005fa8   0x00000020   Code   RO         1369    i.__0printf         mc_w.l(printfa.o)
    0x08005fc8   0x00000028   Code   RO         1371    i.__0sprintf        mc_w.l(printfa.o)
    0x08005ff0   0x00000024   Code   RO         1375    i.__0vsprintf       mc_w.l(printfa.o)
    0x08006014   0x00000008   Code   RO         1514    i.__aeabi_errno_addr  mc_w.l(errno.o)
    0x0800601c   0x0000000e   Code   RO         1576    i.__scatterload_copy  mc_w.l(handlers.o)
    0x0800602a   0x00000002   Code   RO         1577    i.__scatterload_null  mc_w.l(handlers.o)
    0x0800602c   0x0000000e   Code   RO         1578    i.__scatterload_zeroinit  mc_w.l(handlers.o)
    0x0800603a   0x00000002   PAD
    0x0800603c   0x00000164   Code   RO         1376    i._fp_digits        mc_w.l(printfa.o)
    0x080061a0   0x000006dc   Code   RO         1377    i._printf_core      mc_w.l(printfa.o)
    0x0800687c   0x00000024   Code   RO         1378    i._printf_post_padding  mc_w.l(printfa.o)
    0x080068a0   0x0000002e   Code   RO         1379    i._printf_pre_padding  mc_w.l(printfa.o)
    0x080068ce   0x0000000a   Code   RO         1381    i._sputc            mc_w.l(printfa.o)
    0x080068d8   0x00000050   Code   RO         1397    i.free              mc_w.l(malloc.o)
    0x08006928   0x0000006c   Code   RO         1398    i.malloc            mc_w.l(malloc.o)
    0x08006994   0x000000c0   Data   RO          460    .constdata          gps.o
    0x08006a54   0x00000081   Data   RO         1539    .constdata          mc_w.l(ctype_o.o)
    0x08006ad5   0x00000003   PAD
    0x08006ad8   0x00000004   Data   RO         1540    .constdata          mc_w.l(ctype_o.o)
    0x08006adc   0x00000028   Data   RO          941    .conststring        usmart.o
    0x08006b04   0x00000070   Data   RO          968    .conststring        usmart_config.o
    0x08006b74   0x00000038   Data   RO         1018    .conststring        sim800c.o
    0x08006bac   0x00000020   Data   RO         1574    Region$$Table       anon$$obj.o


    Execution Region RW_IRAM1 (Base: 0x20000000, Size: 0x00001970, Max: 0x00020000, ABSOLUTE, COMPRESSED[0x00000088])

    Base Addr    Size         Type   Attr      Idx    E Section Name        Object

    0x20000000   0x00000008   Data   RW            6    .data               main.o
    0x20000008   0x00000014   Data   RW          253    .data               system_stm32f4xx.o
    0x2000001c   0x00000001   Data   RW          307    .data               key.o
    0x2000001d   0x00000002   Data   RW          365    .data               timer.o
    0x2000001f   0x00000001   PAD
    0x20000020   0x00000002   Data   RW          395    .data               usart3.o
    0x20000022   0x00000002   Data   RW          501    .data               usart2.o
    0x20000024   0x00000002   Data   RW          532    .data               usart4.o
    0x20000026   0x00000004   Data   RW          681    .data               delay.o
    0x2000002a   0x00000002   PAD
    0x2000002c   0x00000006   Data   RW          730    .data               usart.o
    0x20000032   0x00000010   Data   RW          819    .data               stm32f4xx_rcc.o
    0x20000042   0x00000002   PAD
    0x20000044   0x0000001c   Data   RW          942    .data               usmart.o
    0x20000060   0x0000010c   Data   RW          969    .data               usmart_config.o
    0x2000016c   0x00000078   Data   RW         1019    .data               sim800c.o
    0x200001e4   0x00000004   Data   RW         1512    .data               mc_w.l(mvars.o)
    0x200001e8   0x00000004   Data   RW         1513    .data               mc_w.l(mvars.o)
    0x200001ec   0x00000004   Data   RW         1517    .data               mc_w.l(errno.o)
    0x200001f0   0x000004fb   Zero   RW            5    .bss                main.o
    0x200006eb   0x00000005   PAD
    0x200006f0   0x00000320   Zero   RW          394    .bss                usart3.o
    0x20000a10   0x00000320   Zero   RW          500    .bss                usart2.o
    0x20000d30   0x000004b0   Zero   RW          531    .bss                usart4.o
    0x200011e0   0x00000190   Zero   RW          729    .bss                usart.o
    0x20001370   0x00000200   Zero   RW          761    HEAP                startup_stm32f40_41xxx.o
    0x20001570   0x00000400   Zero   RW          760    STACK               startup_stm32f40_41xxx.o


==============================================================================

Image component sizes


      Code (inc. data)   RO Data    RW Data    ZI Data      Debug   Object Name

       664         52          0          0          0       2383   beep.o
       260          8          0          4          0       1465   delay.o
       216         12          0          0          0        933   exti.o
       820         32        192          0          0       3469   gps.o
       280         34          0          1          0       1014   key.o
        64          4          0          0          0        543   led.o
       180         10          0          8       1275     286001   main.o
       224         20          0          0          0       1849   misc.o
      1024         32          0          0          0       4665   mpu6050.o
      1648         54          0          0          0       5003   myiic.o
      2460        630         56        120          0       7795   sim800c.o
        36          8        392          0       1536        836   startup_stm32f40_41xxx.o
       272         10          0          0          0       2295   stm32f4xx_exti.o
       660         44          0          0          0       4129   stm32f4xx_gpio.o
        26          0          0          0          0       1238   stm32f4xx_it.o
      1628         52          0         16          0      12928   stm32f4xx_rcc.o
       148         12          0          0          0       1861   stm32f4xx_syscfg.o
      3234         60          0          0          0      22332   stm32f4xx_tim.o
      1108         34          0          0          0       7828   stm32f4xx_usart.o
       528         46          0         20          0       1827   system_stm32f4xx.o
       404         20          0          2          0       1634   timer.o
       316         22          0          6        400       3392   usart.o
       388         22          0          2        800       2050   usart2.o
       396         24          0          2        800       2618   usart3.o
       472         26          0          2       1200       2370   usart4.o
      3124       1286         40         28          0       4414   usmart.o
         0          0        112        268          0       1540   usmart_config.o
      1320         12          0          0          0       5197   usmart_str.o

    ----------------------------------------------------------------------
     21904       2566        824        484       6016     393609   Object Totals
         0          0         32          0          0          0   (incl. Generated)
         4          0          0          5          5          0   (incl. Padding)

    ----------------------------------------------------------------------

      Code (inc. data)   RO Data    RW Data    ZI Data      Debug   Library Member Name

        86          0          0          0          0          0   __dczerorl2.o
        28          0          0          0          0         68   _chval.o
       158          0          0          0          0         92   _strtoul.o
        26          0          0          0          0         80   atoi.o
         8          4        133          0          0         68   ctype_o.o
         0          0          0          0          0          0   entry.o
         0          0          0          0          0          0   entry10a.o
         0          0          0          0          0          0   entry11a.o
         8          4          0          0          0          0   entry2.o
         4          0          0          0          0          0   entry5.o
         0          0          0          0          0          0   entry7b.o
         0          0          0          0          0          0   entry8b.o
         8          4          0          0          0          0   entry9a.o
         8          4          0          4          0         68   errno.o
        30          0          0          0          0          0   handlers.o
        36          8          0          0          0         68   init.o
         0          0          0          0          0          0   iusefp.o
        30          0          0          0          0         68   llshl.o
        36          0          0          0          0         68   llsshr.o
        32          0          0          0          0         68   llushr.o
       188         20          0          0          0        160   malloc.o
        36          0          0          0          0         68   memcpya.o
         0          0          0          8          0          0   mvars.o
      2312        102          0          0          0        676   printfa.o
        24          0          0          0          0         68   strcat.o
        28          0          0          0          0         76   strcmp.o
        18          0          0          0          0         68   strcpy.o
        14          0          0          0          0         68   strlen.o
        30          0          0          0          0         80   strncmp.o
        24          0          0          0          0         76   strncpy.o
        36          0          0          0          0         80   strstr.o
       112          0          0          0          0         88   strtol.o
        44          0          0          0          0         80   uidiv.o
        98          0          0          0          0         92   uldiv.o
        48          0          0          0          0         68   cdrcmple.o
        56          0          0          0          0         88   d2f.o
       334          0          0          0          0        148   dadd.o
       222          0          0          0          0        100   ddiv.o
       186          0          0          0          0        176   depilogue.o
        48          0          0          0          0         68   dfixul.o
        34          0          0          0          0         76   dflti.o
       228          0          0          0          0         96   dmul.o
       110          0          0          0          0        168   fepilogue.o

    ----------------------------------------------------------------------
      4732        146        136         12          0       3316   Library Totals
         4          0          3          0          0          0   (incl. Padding)

    ----------------------------------------------------------------------

      Code (inc. data)   RO Data    RW Data    ZI Data      Debug   Library Name

      3462        146        133         12          0       2328   mc_w.l
      1266          0          0          0          0        988   mf_w.l

    ----------------------------------------------------------------------
      4732        146        136         12          0       3316   Library Totals

    ----------------------------------------------------------------------

==============================================================================


      Code (inc. data)   RO Data    RW Data    ZI Data      Debug   

     26636       2712        960        496       6016     390489   Grand Totals
     26636       2712        960        136       6016     390489   ELF Image Totals (compressed)
     26636       2712        960        136          0          0   ROM Totals

==============================================================================

    Total RO  Size (Code + RO Data)                27596 (  26.95kB)
    Total RW  Size (RW Data + ZI Data)              6512 (   6.36kB)
    Total ROM Size (Code + RO Data + RW Data)      27732 (  27.08kB)

==============================================================================

