Component: ARM Compiler 5.05 update 1 (build 106) Tool: armlink [4d0efa]

==============================================================================

Section Cross References

    main.o(.text) refers to misc.o(.text) for NVIC_PriorityGroupConfig
    main.o(.text) refers to delay.o(.text) for delay_init
    main.o(.text) refers to led.o(.text) for LED_Init
    main.o(.text) refers to key.o(.text) for KEY_Init
    main.o(.text) refers to beep.o(.text) for BEEP_Init
    main.o(.text) refers to myiic.o(.text) for IIC_Init
    main.o(.text) refers to mpu6050.o(.text) for MPU_Init
    main.o(.text) refers to usart4.o(.text) for usart4_init
    main.o(.text) refers to usart3.o(.text) for usart3_init
    main.o(.text) refers to exti.o(.text) for EXTIX_Init
    main.o(.text) refers to sim800c.o(.text) for sim800c_test
    main.o(.text) refers to main.o(.data) for safe_distance
    system_stm32f4xx.o(.text) refers to system_stm32f4xx.o(.data) for SystemCoreClock
    led.o(.text) refers to stm32f4xx_rcc.o(.text) for RCC_AHB1PeriphClockCmd
    led.o(.text) refers to stm32f4xx_gpio.o(.text) for GPIO_Init
    key.o(.text) refers to stm32f4xx_rcc.o(.text) for RCC_AHB1PeriphClockCmd
    key.o(.text) refers to stm32f4xx_gpio.o(.text) for GPIO_Init
    key.o(.text) refers to delay.o(.text) for delay_ms
    key.o(.text) refers to usart4.o(.text) for USART4_GPS
    key.o(.text) refers to sim800c.o(.text) for sim800c_sms_send_test
    key.o(.text) refers to beep.o(.text) for Timer_get
    key.o(.text) refers to key.o(.data) for key_up
    key.o(.text) refers to main.o(.data) for flag_msg
    myiic.o(.text) refers to stm32f4xx_rcc.o(.text) for RCC_AHB1PeriphClockCmd
    myiic.o(.text) refers to stm32f4xx_gpio.o(.text) for GPIO_Init
    myiic.o(.text) refers to delay.o(.text) for delay_us
    myiic.o(.text) refers to beep.o(.text) for Beep_warning
    timer.o(.text) refers to stm32f4xx_tim.o(.text) for TIM_SetCounter
    timer.o(.text) refers to stm32f4xx_rcc.o(.text) for RCC_APB1PeriphClockCmd
    timer.o(.text) refers to misc.o(.text) for NVIC_Init
    timer.o(.text) refers to sim800c.o(.data) for Scan_Wtime
    timer.o(.text) refers to timer.o(.data) for i
    timer.o(.text) refers to usart3.o(.data) for USART3_RX_STA
    timer.o(.text) refers to usart4.o(.data) for USART4_RX_STA
    usart3.o(.text) refers to stm32f4xx_usart.o(.text) for USART_GetITStatus
    usart3.o(.text) refers to stm32f4xx_tim.o(.text) for TIM_SetCounter
    usart3.o(.text) refers to stm32f4xx_rcc.o(.text) for RCC_AHB1PeriphClockCmd
    usart3.o(.text) refers to stm32f4xx_gpio.o(.text) for GPIO_PinAFConfig
    usart3.o(.text) refers to misc.o(.text) for NVIC_Init
    usart3.o(.text) refers to timer.o(.text) for TIM7_Int_Init
    usart3.o(.text) refers to printfa.o(i.__0vsprintf) for vsprintf
    usart3.o(.text) refers to strlen.o(.text) for strlen
    usart3.o(.text) refers to usart3.o(.data) for USART3_RX_STA
    usart3.o(.text) refers to usart3.o(.bss) for USART3_RX_BUF
    beep.o(.text) refers to stm32f4xx_rcc.o(.text) for RCC_AHB1PeriphClockCmd
    beep.o(.text) refers to stm32f4xx_gpio.o(.text) for GPIO_Init
    beep.o(.text) refers to delay.o(.text) for delay_ms
    beep.o(.text) refers to sim800c.o(.text) for sim800c_send_cmd
    beep.o(.text) refers to strstr.o(.text) for strstr
    beep.o(.text) refers to strncpy.o(.text) for strncpy
    beep.o(.text) refers to main.o(.data) for safe_distance
    beep.o(.text) refers to usart3.o(.bss) for USART3_RX_BUF
    gps.o(.text) refers to strlen.o(.text) for strlen
    gps.o(.text) refers to memcpya.o(.text) for __aeabi_memcpy4
    gps.o(.text) refers to strstr.o(.text) for strstr
    gps.o(.text) refers to strncpy.o(.text) for strncpy
    gps.o(.text) refers to strcpy.o(.text) for strcpy
    gps.o(.text) refers to atoi.o(.text) for atoi
    gps.o(.text) refers to dflti.o(.text) for __aeabi_i2d
    gps.o(.text) refers to ddiv.o(.text) for __aeabi_ddiv
    gps.o(.text) refers to printfa.o(i.__0sprintf) for __2sprintf
    gps.o(.text) refers to strcat.o(.text) for strcat
    gps.o(.text) refers to gps.o(.constdata) for .constdata
    gps.o(.text) refers to main.o(.bss) for gpsbuff
    usart2.o(.text) refers to stm32f4xx_usart.o(.text) for USART_GetITStatus
    usart2.o(.text) refers to stm32f4xx_tim.o(.text) for TIM_SetCounter
    usart2.o(.text) refers to stm32f4xx_rcc.o(.text) for RCC_AHB1PeriphClockCmd
    usart2.o(.text) refers to stm32f4xx_gpio.o(.text) for GPIO_PinAFConfig
    usart2.o(.text) refers to misc.o(.text) for NVIC_Init
    usart2.o(.text) refers to timer.o(.text) for TIM2_Int_Init
    usart2.o(.text) refers to printfa.o(i.__0vsprintf) for vsprintf
    usart2.o(.text) refers to strlen.o(.text) for strlen
    usart2.o(.text) refers to usart2.o(.data) for USART2_RX_STA
    usart2.o(.text) refers to usart2.o(.bss) for USART2_RX_BUF
    usart4.o(.text) refers to stm32f4xx_usart.o(.text) for USART_GetITStatus
    usart4.o(.text) refers to stm32f4xx_tim.o(.text) for TIM_SetCounter
[...]
    ../mathlib/sqrt.c                        0x00000000   Number         0  sqrt_x.o ABSOLUTE
    ..\CORE\startup_stm32f40_41xxx.s         0x00000000   Number         0  startup_stm32f40_41xxx.o ABSOLUTE
    ..\FWLIB\src\misc.c                      0x00000000   Number         0  misc.o ABSOLUTE
    ..\FWLIB\src\stm32f4xx_exti.c            0x00000000   Number         0  stm32f4xx_exti.o ABSOLUTE
    ..\FWLIB\src\stm32f4xx_gpio.c            0x00000000   Number         0  stm32f4xx_gpio.o ABSOLUTE
    ..\FWLIB\src\stm32f4xx_rcc.c             0x00000000   Number         0  stm32f4xx_rcc.o ABSOLUTE
    ..\FWLIB\src\stm32f4xx_syscfg.c          0x00000000   Number         0  stm32f4xx_syscfg.o ABSOLUTE
    ..\FWLIB\src\stm32f4xx_tim.c             0x00000000   Number         0  stm32f4xx_tim.o ABSOLUTE
    ..\FWLIB\src\stm32f4xx_usart.c           0x00000000   Number         0  stm32f4xx_usart.o ABSOLUTE
    ..\HARDWARE\BEEP\beep.c                  0x00000000   Number         0  beep.o ABSOLUTE
    ..\HARDWARE\EXTI\exti.c                  0x00000000   Number         0  exti.o ABSOLUTE
    ..\HARDWARE\GPS\gps.c                    0x00000000   Number         0  gps.o ABSOLUTE
    ..\HARDWARE\IIC\myiic.c                  0x00000000   Number         0  myiic.o ABSOLUTE
    ..\HARDWARE\KEY\key.c                    0x00000000   Number         0  key.o ABSOLUTE
    ..\HARDWARE\LED\led.c                    0x00000000   Number         0  led.o ABSOLUTE
    ..\HARDWARE\MPU6050\eMPL\inv_mpu.c       0x00000000   Number         0  inv_mpu.o ABSOLUTE
    ..\HARDWARE\MPU6050\eMPL\inv_mpu_dmp_motion_driver.c 0x00000000   Number         0  inv_mpu_dmp_motion_driver.o ABSOLUTE
    ..\HARDWARE\MPU6050\mpu6050.c            0x00000000   Number         0  mpu6050.o ABSOLUTE
    ..\HARDWARE\TIMER\timer.c                0x00000000   Number         0  timer.o ABSOLUTE
    ..\HARDWARE\USART2\usart2.c              0x00000000   Number         0  usart2.o ABSOLUTE
    ..\HARDWARE\USART3\usart3.c              0x00000000   Number         0  usart3.o ABSOLUTE
    ..\HARDWARE\USART4\usart4.c              0x00000000   Number         0  usart4.o ABSOLUTE
    ..\SIM800C\sim800c.c                     0x00000000   Number         0  sim800c.o ABSOLUTE
    ..\SYSTEM\delay\delay.c                  0x00000000   Number         0  delay.o ABSOLUTE
    ..\SYSTEM\sys\sys.c                      0x00000000   Number         0  sys.o ABSOLUTE
    ..\SYSTEM\usart\usart.c                  0x00000000   Number         0  usart.o ABSOLUTE
    ..\USMART\usmart.c                       0x00000000   Number         0  usmart.o ABSOLUTE
    ..\USMART\usmart_config.c                0x00000000   Number         0  usmart_config.o ABSOLUTE
    ..\USMART\usmart_str.c                   0x00000000   Number         0  usmart_str.o ABSOLUTE
    ..\\FWLIB\\src\\misc.c                   0x00000000   Number         0  misc.o ABSOLUTE
    ..\\FWLIB\\src\\stm32f4xx_exti.c         0x00000000   Number         0  stm32f4xx_exti.o ABSOLUTE
    ..\\FWLIB\\src\\stm32f4xx_gpio.c         0x00000000   Number         0  stm32f4xx_gpio.o ABSOLUTE
    ..\\FWLIB\\src\\stm32f4xx_rcc.c          0x00000000   Number         0  stm32f4xx_rcc.o ABSOLUTE
    ..\\FWLIB\\src\\stm32f4xx_syscfg.c       0x00000000   Number         0  stm32f4xx_syscfg.o ABSOLUTE
    ..\\FWLIB\\src\\stm32f4xx_tim.c          0x00000000   Number         0  stm32f4xx_tim.o ABSOLUTE
    ..\\FWLIB\\src\\stm32f4xx_usart.c        0x00000000   Number         0  stm32f4xx_usart.o ABSOLUTE
    ..\\HARDWARE\\BEEP\\beep.c               0x00000000   Number         0  beep.o ABSOLUTE
    ..\\HARDWARE\\EXTI\\exti.c               0x00000000   Number         0  exti.o ABSOLUTE
    ..\\HARDWARE\\GPS\\gps.c                 0x00000000   Number         0  gps.o ABSOLUTE
    ..\\HARDWARE\\IIC\\myiic.c               0x00000000   Number         0  myiic.o ABSOLUTE
    ..\\HARDWARE\\KEY\\key.c                 0x00000000   Number         0  key.o ABSOLUTE
    ..\\HARDWARE\\LED\\led.c                 0x00000000   Number         0  led.o ABSOLUTE
    ..\\HARDWARE\\MPU6050\\eMPL\\inv_mpu.c   0x00000000   Number         0  inv_mpu.o ABSOLUTE
    ..\\HARDWARE\\MPU6050\\eMPL\\inv_mpu_dmp_motion_driver.c 0x00000000   Number         0  inv_mpu_dmp_motion_driver.o ABSOLUTE
    ..\\HARDWARE\\MPU6050\\mpu6050.c         0x00000000   Number         0  mpu6050.o ABSOLUTE
    ..\\HARDWARE\\TIMER\\timer.c             0x00000000   Number         0  timer.o ABSOLUTE
    ..\\HARDWARE\\USART2\\usart2.c           0x00000000   Number         0  usart2.o ABSOLUTE
    ..\\HARDWARE\\USART3\\usart3.c           0x00000000   Number         0  usart3.o ABSOLUTE
    ..\\HARDWARE\\USART4\\usart4.c           0x00000000   Number         0  usart4.o ABSOLUTE
    ..\\SIM800C\\sim800c.c                   0x00000000   Number         0  sim800c.o ABSOLUTE
    ..\\SYSTEM\\delay\\delay.c               0x00000000   Number         0  delay.o ABSOLUTE
    ..\\SYSTEM\\sys\\sys.c                   0x00000000   Number         0  sys.o ABSOLUTE
    ..\\SYSTEM\\usart\\usart.c               0x00000000   Number         0  usart.o ABSOLUTE
    ..\\USMART\\usmart.c                     0x00000000   Number         0  usmart.o ABSOLUTE
    ..\\USMART\\usmart_config.c              0x00000000   Number         0  usmart_config.o ABSOLUTE
    ..\\USMART\\usmart_str.c                 0x00000000   Number         0  usmart_str.o ABSOLUTE
    cdcmple.s                                0x00000000   Number         0  cdcmple.o ABSOLUTE
    cdrcmple.s                               0x00000000   Number         0  cdrcmple.o ABSOLUTE
    dc.s                                     0x00000000   Number         0  dc.o ABSOLUTE
    handlers.s                               0x00000000   Number         0  handlers.o ABSOLUTE
    init.s                                   0x00000000   Number         0  init.o ABSOLUTE
    main.c                                   0x00000000   Number         0  main.o ABSOLUTE
    main.c                                   0x00000000   Number         0  main.o ABSOLUTE
    stm32f4xx_it.c                           0x00000000   Number         0  stm32f4xx_it.o ABSOLUTE
    stm32f4xx_it.c                           0x00000000   Number         0  stm32f4xx_it.o ABSOLUTE
    system_stm32f4xx.c                       0x00000000   Number         0  system_stm32f4xx.o ABSOLUTE
    system_stm32f4xx.c                       0x00000000   Number         0  system_stm32f4xx.o ABSOLUTE
    RESET                                    0x08000000   Section      392  startup_stm32f40_41xxx.o(RESET)
    .ARM.Collect$$$$00000000                 0x08000188   Section        0  entry.o(.ARM.Collect$$$$00000000)
    .ARM.Collect$$$$00000001                 0x08000188   Section        4  entry2.o(.ARM.Collect$$$$00000001)
    .ARM.Collect$$$$00000004                 0x0800018c   Section        4  entry5.o(.ARM.Collect$$$$00000004)
    .ARM.Collect$$$$00000008                 0x08000190   Section        0  entry7b.o(.ARM.Collect$$$$00000008)
    .ARM.Collect$$$$0000000A                 0x08000190   Section        0  entry8b.o(.ARM.Collect$$$$0000000A)
    .ARM.Collect$$$$0000000B                 0x08000190   Section        8  entry9a.o(.ARM.Collect$$$$0000000B)
    .ARM.Collect$$$$0000000D                 0x08000198   Section        0  entry10a.o(.ARM.Collect$$$$0000000D)
    .ARM.Collect$$$$0000000F                 0x08000198   Section        0  entry11a.o(.ARM.Collect$$$$0000000F)
    .ARM.Collect$$$$00002712                 0x08000198   Section        4  entry2.o(.ARM.Collect$$$$00002712)
    __lit__00000000                          0x08000198   Data           4  entry2.o(.ARM.Collect$$$$00002712)
    .text                                    0x0800019c   Section        0  main.o(.text)
    .text                                    0x08000254   Section        0  stm32f4xx_it.o(.text)
    .text                                    0x08000270   Section        0  system_stm32f4xx.o(.text)
    SetSysClock                              0x08000271   Thumb Code   220  system_stm32f4xx.o(.text)
    .text                                    0x08000480   Section        0  led.o(.text)
    .text                                    0x080004c0   Section        0  key.o(.text)
    .text                                    0x080005cc   Section        0  myiic.o(.text)
    .text                                    0x08000c3c   Section        0  timer.o(.text)
    .text                                    0x08000dd0   Section        0  usart3.o(.text)
    .text                                    0x08000f5c   Section        0  beep.o(.text)
    .text                                    0x080011f4   Section        0  gps.o(.text)
    .text                                    0x08001528   Section        0  usart2.o(.text)
    .text                                    0x080016ac   Section        0  usart4.o(.text)
    .text                                    0x08001884   Section        0  exti.o(.text)
    .text                                    0x0800195c   Section        0  mpu6050.o(.text)
    .text                                    0x08001d60   Section        0  delay.o(.text)
    .text                                    0x08001e64   Section        0  usart.o(.text)
    .text                                    0x08001fa0   Section       36  startup_stm32f40_41xxx.o(.text)
    $v0                                      0x08001fa0   Number         0  startup_stm32f40_41xxx.o(.text)
    .text                                    0x08001fc4   Section        0  misc.o(.text)
    .text                                    0x080020a4   Section        0  stm32f4xx_gpio.o(.text)
    .text                                    0x08002338   Section        0  stm32f4xx_rcc.o(.text)
    .text                                    0x08002994   Section        0  stm32f4xx_syscfg.o(.text)
    .text                                    0x08002a28   Section        0  stm32f4xx_usart.o(.text)
    .text                                    0x08002e7c   Section        0  stm32f4xx_tim.o(.text)
    TI4_Config                               0x0800361b   Thumb Code    80  stm32f4xx_tim.o(.text)
    TI3_Config                               0x0800367d   Thumb Code    72  stm32f4xx_tim.o(.text)
    TI2_Config                               0x080036df   Thumb Code    90  stm32f4xx_tim.o(.text)
    TI1_Config                               0x0800374b   Thumb Code    58  stm32f4xx_tim.o(.text)
    .text                                    0x08003b20   Section        0  stm32f4xx_exti.o(.text)
    .text                                    0x08003c30   Section        0  usmart.o(.text)
    .text                                    0x08004864   Section        0  usmart_str.o(.text)
    .text                                    0x08004d8c   Section        0  sim800c.o(.text)
    .text                                    0x0800571c   Section        0  memcpya.o(.text)
    .text                                    0x08005740   Section        0  strcat.o(.text)
    .text                                    0x08005758   Section        0  strstr.o(.text)
    .text                                    0x0800577c   Section        0  strncpy.o(.text)
    .text                                    0x08005794   Section        0  strlen.o(.text)
    .text                                    0x080057a2   Section        0  strcmp.o(.text)
    .text                                    0x080057be   Section        0  strcpy.o(.text)
    .text                                    0x080057d0   Section        0  strncmp.o(.text)
    .text                                    0x080057ee   Section        0  atoi.o(.text)
    .text                                    0x08005808   Section        0  dadd.o(.text)
    .text                                    0x08005956   Section        0  dmul.o(.text)
    .text                                    0x08005a3a   Section        0  ddiv.o(.text)
    .text                                    0x08005b18   Section        0  dflti.o(.text)
    .text                                    0x08005b3a   Section        0  d2f.o(.text)
    .text                                    0x08005b72   Section        0  uidiv.o(.text)
    .text                                    0x08005b9e   Section        0  uldiv.o(.text)
    .text                                    0x08005c00   Section        0  llshl.o(.text)
    .text                                    0x08005c1e   Section        0  llsshr.o(.text)
    .text                                    0x08005c42   Section        0  strtol.o(.text)
    .text                                    0x08005cb2   Section        0  fepilogue.o(.text)
    .text                                    0x08005cb2   Section        0  iusefp.o(.text)
    .text                                    0x08005d20   Section        0  depilogue.o(.text)
    .text                                    0x08005dda   Section        0  dfixul.o(.text)
    .text                                    0x08005e0c   Section       48  cdrcmple.o(.text)
    .text                                    0x08005e3c   Section       36  init.o(.text)
    .text                                    0x08005e60   Section        0  llushr.o(.text)
    .text                                    0x08005e80   Section        0  ctype_o.o(.text)
    .text                                    0x08005e88   Section        0  _strtoul.o(.text)
    .text                                    0x08005f26   Section        0  _chval.o(.text)
    .text                                    0x08005f42   Section        0  __dczerorl2.o(.text)
    i.__0printf                              0x08005f98   Section        0  printfa.o(i.__0printf)
    i.__0sprintf                             0x08005fb8   Section        0  printfa.o(i.__0sprintf)
    i.__0vsprintf                            0x08005fe0   Section        0  printfa.o(i.__0vsprintf)
    i.__aeabi_errno_addr                     0x08006004   Section        0  errno.o(i.__aeabi_errno_addr)
    i.__scatterload_copy                     0x0800600c   Section       14  handlers.o(i.__scatterload_copy)
    i.__scatterload_null                     0x0800601a   Section        2  handlers.o(i.__scatterload_null)
    i.__scatterload_zeroinit                 0x0800601c   Section       14  handlers.o(i.__scatterload_zeroinit)
    i._fp_digits                             0x0800602c   Section        0  printfa.o(i._fp_digits)
    _fp_digits                               0x0800602d   Thumb Code   334  printfa.o(i._fp_digits)
    i._printf_core                           0x08006190   Section        0  printfa.o(i._printf_core)
    _printf_core                             0x08006191   Thumb Code  1744  printfa.o(i._printf_core)
    i._printf_post_padding                   0x0800686c   Section        0  printfa.o(i._printf_post_padding)
    _printf_post_padding                     0x0800686d   Thumb Code    36  printfa.o(i._printf_post_padding)
    i._printf_pre_padding                    0x08006890   Section        0  printfa.o(i._printf_pre_padding)
    _printf_pre_padding                      0x08006891   Thumb Code    46  printfa.o(i._printf_pre_padding)
    i._sputc                                 0x080068be   Section        0  printfa.o(i._sputc)
    _sputc                                   0x080068bf   Thumb Code    10  printfa.o(i._sputc)
    i.free                                   0x080068c8   Section        0  malloc.o(i.free)
    i.malloc                                 0x08006918   Section        0  malloc.o(i.malloc)
    .constdata                               0x08006984   Section      192  gps.o(.constdata)
    .constdata                               0x08006a44   Section      129  ctype_o.o(.constdata)
    .constdata                               0x08006ac8   Section        4  ctype_o.o(.constdata)
    table                                    0x08006ac8   Data           4  ctype_o.o(.constdata)
    .conststring                             0x08006acc   Section       40  usmart.o(.conststring)
    .conststring                             0x08006af4   Section      112  usmart_config.o(.conststring)
    .conststring                             0x08006b64   Section       56  sim800c.o(.conststring)
    .data                                    0x20000000   Section        8  main.o(.data)
    .data                                    0x20000008   Section       20  system_stm32f4xx.o(.data)
    .data                                    0x2000001c   Section        1  key.o(.data)
    key_up                                   0x2000001c   Data           1  key.o(.data)
    .data                                    0x2000001d   Section        2  timer.o(.data)
    i                                        0x2000001d   Data           1  timer.o(.data)
    i                                        0x2000001e   Data           1  timer.o(.data)
    .data                                    0x20000020   Section        2  usart3.o(.data)
    .data                                    0x20000022   Section        2  usart2.o(.data)
    .data                                    0x20000024   Section        2  usart4.o(.data)
    .data                                    0x20000026   Section        4  delay.o(.data)
    fac_us                                   0x20000026   Data           1  delay.o(.data)
    fac_ms                                   0x20000028   Data           2  delay.o(.data)
    .data                                    0x2000002c   Section        6  usart.o(.data)
    .data                                    0x20000032   Section       16  stm32f4xx_rcc.o(.data)
    APBAHBPrescTable                         0x20000032   Data          16  stm32f4xx_rcc.o(.data)
    .data                                    0x20000044   Section       28  usmart.o(.data)
    .data                                    0x20000060   Section      268  usmart_config.o(.data)
    .data                                    0x2000016c   Section      120  sim800c.o(.data)
    .data                                    0x200001e4   Section        4  mvars.o(.data)
    .data                                    0x200001e8   Section        4  mvars.o(.data)
    .data                                    0x200001ec   Section        4  errno.o(.data)
    _errno                                   0x200001ec   Data           4  errno.o(.data)
    .bss                                     0x200001f0   Section     1275  main.o(.bss)
    .bss                                     0x200006f0   Section      800  usart3.o(.bss)
    .bss                                     0x20000a10   Section      800  usart2.o(.bss)
    .bss                                     0x20000d30   Section     1200  usart4.o(.bss)
    .bss                                     0x200011e0   Section      400  usart.o(.bss)
    HEAP                                     0x20001370   Section      512  startup_stm32f40_41xxx.o(HEAP)
    STACK                                    0x20001570   Section     1024  startup_stm32f40_41xxx.o(STACK)

    Global Symbols

    Symbol Name                              Value     Ov Type        Size  Object(Section)

    BuildAttributes$$THM_ISAv4$E$P$D$K$B$S$7EM$VFPi3$EXTD16$VFPS$VFMA$PE$A:L22UL41UL21$X:L11$S22US41US21$IEEE1$IW$USESV6$~STKCKD$USESV7$~SHL$OTIME$ROPI$IEEEX$EBA8$MICROLIB$REQ8$PRES8$EABIv2 0x00000000   Number         0  anon$$obj.o ABSOLUTE
    __ARM_use_no_argv                        0x00000000   Number         0  main.o ABSOLUTE
    __use_no_errno                           0x00000000   Number         0  useno.o ABSOLUTE
    __use_no_exception_handling              0x00000000   Number         0  useno.o ABSOLUTE
    __use_no_fp                              0x00000000   Number         0  useno.o ABSOLUTE
    __use_no_heap                            0x00000000   Number         0  useno.o ABSOLUTE
    __use_no_heap_region                     0x00000000   Number         0  useno.o ABSOLUTE
    __use_no_semihosting                     0x00000000   Number         0  useno.o ABSOLUTE
    __use_no_semihosting_swi                 0x00000000   Number         0  useno.o ABSOLUTE
    __use_no_signal_handling                 0x00000000   Number         0  useno.o ABSOLUTE
    _printf_a                                0x00000000   Number         0  stubs.o ABSOLUTE
    _printf_c                                0x00000000   Number         0  stubs.o ABSOLUTE
    _printf_charcount                        0x00000000   Number         0  stubs.o ABSOLUTE
    _printf_d                                0x00000000   Number         0  stubs.o ABSOLUTE
    _printf_e                                0x00000000   Number         0  stubs.o ABSOLUTE
    _printf_f                                0x00000000   Number         0  stubs.o ABSOLUTE
    _printf_flags                            0x00000000   Number         0  stubs.o ABSOLUTE
    _printf_fp_dec                           0x00000000   Number         0  stubs.o ABSOLUTE
    _printf_fp_hex                           0x00000000   Number         0  stubs.o ABSOLUTE
    _printf_g                                0x00000000   Number         0  stubs.o ABSOLUTE
    _printf_i                                0x00000000   Number         0  stubs.o ABSOLUTE
    _printf_int_dec                          0x00000000   Number         0  stubs.o ABSOLUTE
    _printf_l                                0x00000000   Number         0  stubs.o ABSOLUTE
    _printf_lc                               0x00000000   Number         0  stubs.o ABSOLUTE
    _printf_ll                               0x00000000   Number         0  stubs.o ABSOLUTE
    _printf_lld                              0x00000000   Number         0  stubs.o ABSOLUTE
    _printf_lli                              0x00000000   Number         0  stubs.o ABSOLUTE
    _printf_llo                              0x00000000   Number         0  stubs.o ABSOLUTE
    _printf_llu                              0x00000000   Number         0  stubs.o ABSOLUTE
    _printf_llx                              0x00000000   Number         0  stubs.o ABSOLUTE
    _printf_longlong_dec                     0x00000000   Number         0  stubs.o ABSOLUTE
    _printf_longlong_hex                     0x00000000   Number         0  stubs.o ABSOLUTE
    _printf_longlong_oct                     0x00000000   Number         0  stubs.o ABSOLUTE
    _printf_ls                               0x00000000   Number         0  stubs.o ABSOLUTE
    _printf_mbtowc                           0x00000000   Number         0  stubs.o ABSOLUTE
    _printf_n                                0x00000000   Number         0  stubs.o ABSOLUTE
    _printf_o                                0x00000000   Number         0  stubs.o ABSOLUTE
    _printf_p                                0x00000000   Number         0  stubs.o ABSOLUTE
    _printf_percent                          0x00000000   Number         0  stubs.o ABSOLUTE
    _printf_pre_padding                      0x00000000   Number         0  stubs.o ABSOLUTE
    _printf_return_value                     0x00000000   Number         0  stubs.o ABSOLUTE
    _printf_s                                0x00000000   Number         0  stubs.o ABSOLUTE
    _printf_sizespec                         0x00000000   Number         0  stubs.o ABSOLUTE
    _printf_str                              0x00000000   Number         0  stubs.o ABSOLUTE
    _printf_truncate_signed                  0x00000000   Number         0  stubs.o ABSOLUTE
    _printf_truncate_unsigned                0x00000000   Number         0  stubs.o ABSOLUTE
    _printf_u                                0x00000000   Number         0  stubs.o ABSOLUTE
    _printf_wc                               0x00000000   Number         0  stubs.o ABSOLUTE
    _printf_wctomb                           0x00000000   Number         0  stubs.o ABSOLUTE
    _printf_widthprec                        0x00000000   Number         0  stubs.o ABSOLUTE
    _printf_x                                0x00000000   Number         0  stubs.o ABSOLUTE
    __cpp_initialize__aeabi_                  - Undefined Weak Reference
    __cxa_finalize                            - Undefined Weak Reference
    _clock_init                               - Undefined Weak Reference
    _microlib_exit                            - Undefined Weak Reference
    __Vectors_Size                           0x00000188   Number         0  startup_stm32f40_41xxx.o ABSOLUTE
    __Vectors                                0x08000000   Data           4  startup_stm32f40_41xxx.o(RESET)
    __Vectors_End                            0x08000188   Data           0  startup_stm32f40_41xxx.o(RESET)
    __main                                   0x08000189   Thumb Code     0  entry.o(.ARM.Collect$$$$00000000)
    _main_stk                                0x08000189   Thumb Code     0  entry2.o(.ARM.Collect$$$$00000001)
    _main_scatterload                        0x0800018d   Thumb Code     0  entry5.o(.ARM.Collect$$$$00000004)
    __main_after_scatterload                 0x08000191   Thumb Code     0  entry5.o(.ARM.Collect$$$$00000004)
    _main_clock                              0x08000191   Thumb Code     0  entry7b.o(.ARM.Collect$$$$00000008)
    _main_cpp_init                           0x08000191   Thumb Code     0  entry8b.o(.ARM.Collect$$$$0000000A)
    _main_init                               0x08000191   Thumb Code     0  entry9a.o(.ARM.Collect$$$$0000000B)
    __rt_final_cpp                           0x08000199   Thumb Code     0  entry10a.o(.ARM.Collect$$$$0000000D)
    __rt_final_exit                          0x08000199   Thumb Code     0  entry11a.o(.ARM.Collect$$$$0000000F)
    main                                     0x0800019d   Thumb Code   174  main.o(.text)
    NMI_Handler                              0x08000255   Thumb Code     2  stm32f4xx_it.o(.text)
    HardFault_Handler                        0x08000257   Thumb Code     4  stm32f4xx_it.o(.text)
    MemManage_Handler                        0x0800025b   Thumb Code     4  stm32f4xx_it.o(.text)
    BusFault_Handler                         0x0800025f   Thumb Code     4  stm32f4xx_it.o(.text)
    UsageFault_Handler                       0x08000263   Thumb Code     4  stm32f4xx_it.o(.text)
    SVC_Handler                              0x08000267   Thumb Code     2  stm32f4xx_it.o(.text)
    DebugMon_Handler                         0x08000269   Thumb Code     2  stm32f4xx_it.o(.text)
    PendSV_Handler                           0x0800026b   Thumb Code     2  stm32f4xx_it.o(.text)
    SysTick_Handler                          0x0800026d   Thumb Code     2  stm32f4xx_it.o(.text)
    SystemInit                               0x0800034d   Thumb Code    88  system_stm32f4xx.o(.text)
    SystemCoreClockUpdate                    0x080003a5   Thumb Code   174  system_stm32f4xx.o(.text)
    LED_Init                                 0x08000481   Thumb Code    60  led.o(.text)
    KEY_Init                                 0x080004c1   Thumb Code    50  key.o(.text)
    KEY_Scan                                 0x080004f3   Thumb Code   128  key.o(.text)
    KEY_PRESS                                0x08000573   Thumb Code    62  key.o(.text)
    IIC_Init                                 0x080005cd   Thumb Code   162  myiic.o(.text)
    IIC_Start                                0x0800066f   Thumb Code    68  myiic.o(.text)
    IIC_Stop                                 0x080006b3   Thumb Code    62  myiic.o(.text)
    IIC_Wait_Ack                             0x080006f1   Thumb Code    86  myiic.o(.text)
    IIC_Ack                                  0x08000747   Thumb Code    66  myiic.o(.text)
    IIC_NAck                                 0x08000789   Thumb Code    66  myiic.o(.text)
    IIC_Send_Byte                            0x080007cb   Thumb Code    90  myiic.o(.text)
    IIC_Read_Byte                            0x08000825   Thumb Code    94  myiic.o(.text)
    KS102_WriteOneByte                       0x08000883   Thumb Code    48  myiic.o(.text)
    KS102_ReadOneByte                        0x080008b3   Thumb Code    70  myiic.o(.text)
    IIC_Stop1                                0x080008f9   Thumb Code    64  myiic.o(.text)
    IIC_Ack1                                 0x08000939   Thumb Code    66  myiic.o(.text)
    IIC_NAck1                                0x0800097b   Thumb Code    66  myiic.o(.text)
    IIC_Read_Byte1                           0x080009bd   Thumb Code   132  myiic.o(.text)
    IIC_Wait_Ack1                            0x08000a41   Thumb Code    84  myiic.o(.text)
    IIC_Send_Byte1                           0x08000a95   Thumb Code    88  myiic.o(.text)
    IIC_Start1                               0x08000aed   Thumb Code    70  myiic.o(.text)
    KS102_ReadOneByte1                       0x08000b33   Thumb Code    70  myiic.o(.text)
    KS102_WriteOneByte1                      0x08000b79   Thumb Code    48  myiic.o(.text)
    avoidance_task                           0x08000ba9   Thumb Code    70  myiic.o(.text)
    avoidance_task1                          0x08000bef   Thumb Code    62  myiic.o(.text)
    TIM7_SetARR                              0x08000c3d   Thumb Code    36  timer.o(.text)
    TIM7_IRQHandler                          0x08000c61   Thumb Code   108  timer.o(.text)
    TIM7_Int_Init                            0x08000ccd   Thumb Code    78  timer.o(.text)
    TIM2_SetARR                              0x08000d1b   Thumb Code    38  timer.o(.text)
    TIM2_IRQHandler                          0x08000d41   Thumb Code    44  timer.o(.text)
    TIM2_Int_Init                            0x08000d6d   Thumb Code    80  timer.o(.text)
    USART3_IRQHandler                        0x08000dd1   Thumb Code    96  usart3.o(.text)
    usart3_init                              0x08000e31   Thumb Code   204  usart3.o(.text)
    u3_printf                                0x08000efd   Thumb Code    72  usart3.o(.text)
    BEEP_Init                                0x08000f5d   Thumb Code   104  beep.o(.text)
    Beep_warning                             0x08000fc5   Thumb Code    52  beep.o(.text)
    VOICE_TEST                               0x08000ff9   Thumb Code    88  beep.o(.text)
    Timer_get                                0x08001051   Thumb Code   308  beep.o(.text)
    Date_Sorting                             0x08001185   Thumb Code    60  beep.o(.text)
    Getcomma                                 0x080011f5   Thumb Code    50  gps.o(.text)
    data_change2                             0x08001227   Thumb Code   226  gps.o(.text)
    get_double_number2                       0x08001309   Thumb Code    82  gps.o(.text)
    data_change1                             0x0800135b   Thumb Code   230  gps.o(.text)
    get_double_number1                       0x08001441   Thumb Code   102  gps.o(.text)
    NMEA_GNGGA_Analysis                      0x080014a7   Thumb Code    98  gps.o(.text)
    USART2_IRQHandler                        0x08001529   Thumb Code    98  usart2.o(.text)
    usart2_init                              0x0800158b   Thumb Code   196  usart2.o(.text)
    u2_printf                                0x0800164f   Thumb Code    72  usart2.o(.text)
    UART4_IRQHandler                         0x080016ad   Thumb Code    98  usart4.o(.text)
    usart4_init                              0x0800170f   Thumb Code   196  usart4.o(.text)
    u4_printf                                0x080017d3   Thumb Code    72  usart4.o(.text)
    USART4_GPS                               0x0800181b   Thumb Code    80  usart4.o(.text)
    EXTI4_IRQHandler                         0x08001885   Thumb Code    40  exti.o(.text)
    EXTI9_5_IRQHandler                       0x080018ad   Thumb Code    46  exti.o(.text)
    EXTIX_Init                               0x080018db   Thumb Code   118  exti.o(.text)
    MPU_Write_Byte                           0x0800195d   Thumb Code    68  mpu6050.o(.text)
    MPU_Set_LPF                              0x080019a1   Thumb Code    58  mpu6050.o(.text)
    MPU_Set_Rate                             0x080019db   Thumb Code    58  mpu6050.o(.text)
    MPU_Read_Byte                            0x08001a15   Thumb Code    58  mpu6050.o(.text)
    MPU_Set_Accel_Fsr                        0x08001a4f   Thumb Code    16  mpu6050.o(.text)
    MPU_Set_Gyro_Fsr                         0x08001a5f   Thumb Code    16  mpu6050.o(.text)
    MPU_Init                                 0x08001a6f   Thumb Code   122  mpu6050.o(.text)
    MPU_Read_Len                             0x08001ae9   Thumb Code   116  mpu6050.o(.text)
    MPU_Get_Temperature                      0x08001b5d   Thumb Code   110  mpu6050.o(.text)
    MPU_Get_Gyroscope                        0x08001bcb   Thumb Code    80  mpu6050.o(.text)
    MPU_Get_Accelerometer                    0x08001c1b   Thumb Code    80  mpu6050.o(.text)
    MPU_Write_Len                            0x08001c6b   Thumb Code    96  mpu6050.o(.text)
    Fall_down                                0x08001ccb   Thumb Code   118  mpu6050.o(.text)
    delay_init                               0x08001d61   Thumb Code    52  delay.o(.text)
    delay_us                                 0x08001d95   Thumb Code    72  delay.o(.text)
    delay_xms                                0x08001ddd   Thumb Code    72  delay.o(.text)
    delay_ms                                 0x08001e25   Thumb Code    56  delay.o(.text)
    _sys_exit                                0x08001e65   Thumb Code     4  usart.o(.text)
    fputc                                    0x08001e69   Thumb Code    22  usart.o(.text)
    uart_init                                0x08001e7f   Thumb Code   172  usart.o(.text)
    USART1_IRQHandler                        0x08001f2b   Thumb Code    96  usart.o(.text)
    Reset_Handler                            0x08001fa1   Thumb Code     8  startup_stm32f40_41xxx.o(.text)
    ADC_IRQHandler                           0x08001fbb   Thumb Code     0  startup_stm32f40_41xxx.o(.text)
    CAN1_RX0_IRQHandler                      0x08001fbb   Thumb Code     0  startup_stm32f40_41xxx.o(.text)
    CAN1_RX1_IRQHandler                      0x08001fbb   Thumb Code     0  startup_stm32f40_41xxx.o(.text)
    CAN1_SCE_IRQHandler                      0x08001fbb   Thumb Code     0  startup_stm32f40_41xxx.o(.text)
    CAN1_TX_IRQHandler                       0x08001fbb   Thumb Code     0  startup_stm32f40_41xxx.o(.text)
    CAN2_RX0_IRQHandler                      0x08001fbb   Thumb Code     0  startup_stm32f40_41xxx.o(.text)
    CAN2_RX1_IRQHandler                      0x08001fbb   Thumb Code     0  startup_stm32f40_41xxx.o(.text)
    CAN2_SCE_IRQHandler                      0x08001fbb   Thumb Code     0  startup_stm32f40_41xxx.o(.text)
    CAN2_TX_IRQHandler                       0x08001fbb   Thumb Code     0  startup_stm32f40_41xxx.o(.text)
    CRYP_IRQHandler                          0x08001fbb   Thumb Code     0  startup_stm32f40_41xxx.o(.text)
    DCMI_IRQHandler                          0x08001fbb   Thumb Code     0  startup_stm32f40_41xxx.o(.text)
    DMA1_Stream0_IRQHandler                  0x08001fbb   Thumb Code     0  startup_stm32f40_41xxx.o(.text)
    DMA1_Stream1_IRQHandler                  0x08001fbb   Thumb Code     0  startup_stm32f40_41xxx.o(.text)
    DMA1_Stream2_IRQHandler                  0x08001fbb   Thumb Code     0  startup_stm32f40_41xxx.o(.text)
    DMA1_Stream3_IRQHandler                  0x08001fbb   Thumb Code     0  startup_stm32f40_41xxx.o(.text)
    DMA1_Stream4_IRQHandler                  0x08001fbb   Thumb Code     0  startup_stm32f40_41xxx.o(.text)
    DMA1_Stream5_IRQHandler                  0x08001fbb   Thumb Code     0  startup_stm32f40_41xxx.o(.text)
    DMA1_Stream6_IRQHandler                  0x08001fbb   Thumb Code     0  startup_stm32f40_41xxx.o(.text)
    DMA1_Stream7_IRQHandler                  0x08001fbb   Thumb Code     0  startup_stm32f40_41xxx.o(.text)
    DMA2_Stream0_IRQHandler                  0x08001fbb   Thumb Code     0  startup_stm32f40_41xxx.o(.text)
    DMA2_Stream1_IRQHandler                  0x08001fbb   Thumb Code     0  startup_stm32f40_41xxx.o(.text)
    DMA2_Stream2_IRQHandler                  0x08001fbb   Thumb Code     0  startup_stm32f40_41xxx.o(.text)
    DMA2_Stream3_IRQHandler                  0x08001fbb   Thumb Code     0  startup_stm32f40_41xxx.o(.text)
    DMA2_Stream4_IRQHandler                  0x08001fbb   Thumb Code     0  startup_stm32f40_41xxx.o(.text)
    DMA2_Stream5_IRQHandler                  0x08001fbb   Thumb Code     0  startup_stm32f40_41xxx.o(.text)
    DMA2_Stream6_IRQHandler                  0x08001fbb   Thumb Code     0  startup_stm32f40_41xxx.o(.text)
    DMA2_Stream7_IRQHandler                  0x08001fbb   Thumb Code     0  startup_stm32f40_41xxx.o(.text)
    ETH_IRQHandler                           0x08001fbb   Thumb Code     0  startup_stm32f40_41xxx.o(.text)
    ETH_WKUP_IRQHandler                      0x08001fbb   Thumb Code     0  startup_stm32f40_41xxx.o(.text)
    EXTI0_IRQHandler                         0x08001fbb   Thumb Code     0  startup_stm32f40_41xxx.o(.text)
    EXTI15_10_IRQHandler                     0x08001fbb   Thumb Code     0  startup_stm32f40_41xxx.o(.text)
    EXTI1_IRQHandler                         0x08001fbb   Thumb Code     0  startup_stm32f40_41xxx.o(.text)
    EXTI2_IRQHandler                         0x08001fbb   Thumb Code     0  startup_stm32f40_41xxx.o(.text)
    EXTI3_IRQHandler                         0x08001fbb   Thumb Code     0  startup_stm32f40_41xxx.o(.text)
    FLASH_IRQHandler                         0x08001fbb   Thumb Code     0  startup_stm32f40_41xxx.o(.text)
    FPU_IRQHandler                           0x08001fbb   Thumb Code     0  startup_stm32f40_41xxx.o(.text)
    FSMC_IRQHandler                          0x08001fbb   Thumb Code     0  startup_stm32f40_41xxx.o(.text)
    HASH_RNG_IRQHandler                      0x08001fbb   Thumb Code     0  startup_stm32f40_41xxx.o(.text)
    I2C1_ER_IRQHandler                       0x08001fbb   Thumb Code     0  startup_stm32f40_41xxx.o(.text)
    I2C1_EV_IRQHandler                       0x08001fbb   Thumb Code     0  startup_stm32f40_41xxx.o(.text)
    I2C2_ER_IRQHandler                       0x08001fbb   Thumb Code     0  startup_stm32f40_41xxx.o(.text)
    I2C2_EV_IRQHandler                       0x08001fbb   Thumb Code     0  startup_stm32f40_41xxx.o(.text)
    I2C3_ER_IRQHandler                       0x08001fbb   Thumb Code     0  startup_stm32f40_41xxx.o(.text)
    I2C3_EV_IRQHandler                       0x08001fbb   Thumb Code     0  startup_stm32f40_41xxx.o(.text)
    OTG_FS_IRQHandler                        0x08001fbb   Thumb Code     0  startup_stm32f40_41xxx.o(.text)
    OTG_FS_WKUP_IRQHandler                   0x08001fbb   Thumb Code     0  startup_stm32f40_41xxx.o(.text)
    OTG_HS_EP1_IN_IRQHandler                 0x08001fbb   Thumb Code     0  startup_stm32f40_41xxx.o(.text)
    OTG_HS_EP1_OUT_IRQHandler                0x08001fbb   Thumb Code     0  startup_stm32f40_41xxx.o(.text)
    OTG_HS_IRQHandler                        0x08001fbb   Thumb Code     0  startup_stm32f40_41xxx.o(.text)
    OTG_HS_WKUP_IRQHandler                   0x08001fbb   Thumb Code     0  startup_stm32f40_41xxx.o(.text)
    PVD_IRQHandler                           0x08001fbb   Thumb Code     0  startup_stm32f40_41xxx.o(.text)
    RCC_IRQHandler                           0x08001fbb   Thumb Code     0  startup_stm32f40_41xxx.o(.text)
    RTC_Alarm_IRQHandler                     0x08001fbb   Thumb Code     0  startup_stm32f40_41xxx.o(.text)
    RTC_WKUP_IRQHandler                      0x08001fbb   Thumb Code     0  startup_stm32f40_41xxx.o(.text)
    SDIO_IRQHandler                          0x08001fbb   Thumb Code     0  startup_stm32f40_41xxx.o(.text)
    SPI1_IRQHandler                          0x08001fbb   Thumb Code     0  startup_stm32f40_41xxx.o(.text)
    SPI2_IRQHandler                          0x08001fbb   Thumb Code     0  startup_stm32f40_41xxx.o(.text)
    SPI3_IRQHandler                          0x08001fbb   Thumb Code     0  startup_stm32f40_41xxx.o(.text)
    TAMP_STAMP_IRQHandler                    0x08001fbb   Thumb Code     0  startup_stm32f40_41xxx.o(.text)
    TIM1_BRK_TIM9_IRQHandler                 0x08001fbb   Thumb Code     0  startup_stm32f40_41xxx.o(.text)
    TIM1_CC_IRQHandler                       0x08001fbb   Thumb Code     0  startup_stm32f40_41xxx.o(.text)
    TIM1_TRG_COM_TIM11_IRQHandler            0x08001fbb   Thumb Code     0  startup_stm32f40_41xxx.o(.text)
    TIM1_UP_TIM10_IRQHandler                 0x08001fbb   Thumb Code     0  startup_stm32f40_41xxx.o(.text)
    TIM3_IRQHandler                          0x08001fbb   Thumb Code     0  startup_stm32f40_41xxx.o(.text)
    TIM5_IRQHandler                          0x08001fbb   Thumb Code     0  startup_stm32f40_41xxx.o(.text)
    TIM6_DAC_IRQHandler                      0x08001fbb   Thumb Code     0  startup_stm32f40_41xxx.o(.text)
    TIM8_BRK_TIM12_IRQHandler                0x08001fbb   Thumb Code     0  startup_stm32f40_41xxx.o(.text)
    TIM8_CC_IRQHandler                       0x08001fbb   Thumb Code     0  startup_stm32f40_41xxx.o(.text)
    TIM8_TRG_COM_TIM14_IRQHandler            0x08001fbb   Thumb Code     0  startup_stm32f40_41xxx.o(.text)
    TIM8_UP_TIM13_IRQHandler                 0x08001fbb   Thumb Code     0  startup_stm32f40_41xxx.o(.text)
    UART5_IRQHandler                         0x08001fbb   Thumb Code     0  startup_stm32f40_41xxx.o(.text)
    USART6_IRQHandler                        0x08001fbb   Thumb Code     0  startup_stm32f40_41xxx.o(.text)
    WWDG_IRQHandler                          0x08001fbb   Thumb Code     0  startup_stm32f40_41xxx.o(.text)
    NVIC_PriorityGroupConfig                 0x08001fc5   Thumb Code    10  misc.o(.text)
    NVIC_Init                                0x08001fcf   Thumb Code   106  misc.o(.text)
    NVIC_SetVectorTable                      0x08002039   Thumb Code    14  misc.o(.text)
    NVIC_SystemLPConfig                      0x08002047   Thumb Code    34  misc.o(.text)
    SysTick_CLKSourceConfig                  0x08002069   Thumb Code    40  misc.o(.text)
    GPIO_DeInit                              0x080020a5   Thumb Code   268  stm32f4xx_gpio.o(.text)
    GPIO_Init                                0x080021b1   Thumb Code   144  stm32f4xx_gpio.o(.text)
    GPIO_StructInit                          0x08002241   Thumb Code    18  stm32f4xx_gpio.o(.text)
    GPIO_PinLockConfig                       0x08002253   Thumb Code    34  stm32f4xx_gpio.o(.text)
    GPIO_ReadInputDataBit                    0x08002275   Thumb Code    18  stm32f4xx_gpio.o(.text)
    GPIO_ReadInputData                       0x08002287   Thumb Code     8  stm32f4xx_gpio.o(.text)
    GPIO_ReadOutputDataBit                   0x0800228f   Thumb Code    18  stm32f4xx_gpio.o(.text)
    GPIO_ReadOutputData                      0x080022a1   Thumb Code     8  stm32f4xx_gpio.o(.text)
    GPIO_SetBits                             0x080022a9   Thumb Code     4  stm32f4xx_gpio.o(.text)
    GPIO_ResetBits                           0x080022ad   Thumb Code     4  stm32f4xx_gpio.o(.text)
    GPIO_WriteBit                            0x080022b1   Thumb Code    10  stm32f4xx_gpio.o(.text)
    GPIO_Write                               0x080022bb   Thumb Code     4  stm32f4xx_gpio.o(.text)
    GPIO_ToggleBits                          0x080022bf   Thumb Code     8  stm32f4xx_gpio.o(.text)
    GPIO_PinAFConfig                         0x080022c7   Thumb Code    70  stm32f4xx_gpio.o(.text)
    RCC_DeInit                               0x08002339   Thumb Code    82  stm32f4xx_rcc.o(.text)
    RCC_HSEConfig                            0x0800238b   Thumb Code    14  stm32f4xx_rcc.o(.text)
    RCC_GetFlagStatus                        0x08002399   Thumb Code    60  stm32f4xx_rcc.o(.text)
    RCC_WaitForHSEStartUp                    0x080023d5   Thumb Code    56  stm32f4xx_rcc.o(.text)
    RCC_AdjustHSICalibrationValue            0x0800240d   Thumb Code    20  stm32f4xx_rcc.o(.text)
    RCC_HSICmd                               0x08002421   Thumb Code     6  stm32f4xx_rcc.o(.text)
    RCC_LSEConfig                            0x08002427   Thumb Code    46  stm32f4xx_rcc.o(.text)
    RCC_LSICmd                               0x08002455   Thumb Code     6  stm32f4xx_rcc.o(.text)
    RCC_PLLConfig                            0x0800245b   Thumb Code    32  stm32f4xx_rcc.o(.text)
    RCC_PLLCmd                               0x0800247b   Thumb Code     6  stm32f4xx_rcc.o(.text)
    RCC_PLLI2SConfig                         0x08002481   Thumb Code    14  stm32f4xx_rcc.o(.text)
    RCC_PLLI2SCmd                            0x0800248f   Thumb Code     6  stm32f4xx_rcc.o(.text)
    RCC_PLLSAIConfig                         0x08002495   Thumb Code    20  stm32f4xx_rcc.o(.text)
    RCC_PLLSAICmd                            0x080024a9   Thumb Code     6  stm32f4xx_rcc.o(.text)
    RCC_ClockSecuritySystemCmd               0x080024af   Thumb Code     6  stm32f4xx_rcc.o(.text)
    RCC_MCO1Config                           0x080024b5   Thumb Code    28  stm32f4xx_rcc.o(.text)
    RCC_MCO2Config                           0x080024d1   Thumb Code    28  stm32f4xx_rcc.o(.text)
    RCC_SYSCLKConfig                         0x080024ed   Thumb Code    20  stm32f4xx_rcc.o(.text)
    RCC_GetSYSCLKSource                      0x08002501   Thumb Code    12  stm32f4xx_rcc.o(.text)
    RCC_HCLKConfig                           0x0800250d   Thumb Code    20  stm32f4xx_rcc.o(.text)
    RCC_PCLK1Config                          0x08002521   Thumb Code    20  stm32f4xx_rcc.o(.text)
    RCC_PCLK2Config                          0x08002535   Thumb Code    22  stm32f4xx_rcc.o(.text)
    RCC_GetClocksFreq                        0x0800254b   Thumb Code   222  stm32f4xx_rcc.o(.text)
    RCC_RTCCLKConfig                         0x08002629   Thumb Code    54  stm32f4xx_rcc.o(.text)
    RCC_RTCCLKCmd                            0x0800265f   Thumb Code     8  stm32f4xx_rcc.o(.text)
    RCC_BackupResetCmd                       0x08002667   Thumb Code     8  stm32f4xx_rcc.o(.text)
    RCC_I2SCLKConfig                         0x0800266f   Thumb Code     6  stm32f4xx_rcc.o(.text)
    RCC_SAIPLLI2SClkDivConfig                0x08002675   Thumb Code    26  stm32f4xx_rcc.o(.text)
    RCC_SAIPLLSAIClkDivConfig                0x0800268f   Thumb Code    28  stm32f4xx_rcc.o(.text)
    RCC_SAIBlockACLKConfig                   0x080026ab   Thumb Code    20  stm32f4xx_rcc.o(.text)
    RCC_SAIBlockBCLKConfig                   0x080026bf   Thumb Code    20  stm32f4xx_rcc.o(.text)
    RCC_LTDCCLKDivConfig                     0x080026d3   Thumb Code    20  stm32f4xx_rcc.o(.text)
    RCC_TIMCLKPresConfig                     0x080026e7   Thumb Code     6  stm32f4xx_rcc.o(.text)
    RCC_AHB1PeriphClockCmd                   0x080026ed   Thumb Code    34  stm32f4xx_rcc.o(.text)
    RCC_AHB2PeriphClockCmd                   0x0800270f   Thumb Code    78  stm32f4xx_rcc.o(.text)
    RCC_AHB3PeriphClockCmd                   0x0800275d   Thumb Code    34  stm32f4xx_rcc.o(.text)
    RCC_APB1PeriphClockCmd                   0x0800277f   Thumb Code    34  stm32f4xx_rcc.o(.text)
    RCC_APB2PeriphClockCmd                   0x080027a1   Thumb Code    34  stm32f4xx_rcc.o(.text)
    RCC_AHB1PeriphResetCmd                   0x080027c3   Thumb Code    34  stm32f4xx_rcc.o(.text)
    RCC_AHB2PeriphResetCmd                   0x080027e5   Thumb Code    34  stm32f4xx_rcc.o(.text)
    RCC_AHB3PeriphResetCmd                   0x08002807   Thumb Code    34  stm32f4xx_rcc.o(.text)
    RCC_APB1PeriphResetCmd                   0x08002829   Thumb Code    34  stm32f4xx_rcc.o(.text)
    RCC_APB2PeriphResetCmd                   0x0800284b   Thumb Code    34  stm32f4xx_rcc.o(.text)
    RCC_AHB1PeriphClockLPModeCmd             0x0800286d   Thumb Code    34  stm32f4xx_rcc.o(.text)
    RCC_AHB2PeriphClockLPModeCmd             0x0800288f   Thumb Code    34  stm32f4xx_rcc.o(.text)
    RCC_AHB3PeriphClockLPModeCmd             0x080028b1   Thumb Code    34  stm32f4xx_rcc.o(.text)
    RCC_APB1PeriphClockLPModeCmd             0x080028d3   Thumb Code    34  stm32f4xx_rcc.o(.text)
    RCC_APB2PeriphClockLPModeCmd             0x080028f5   Thumb Code    34  stm32f4xx_rcc.o(.text)
    RCC_LSEModeConfig                        0x08002917   Thumb Code    40  stm32f4xx_rcc.o(.text)
    RCC_ITConfig                             0x0800293f   Thumb Code    34  stm32f4xx_rcc.o(.text)
    RCC_ClearFlag                            0x08002961   Thumb Code    18  stm32f4xx_rcc.o(.text)
    RCC_GetITStatus                          0x08002973   Thumb Code    22  stm32f4xx_rcc.o(.text)
    RCC_ClearITPendingBit                    0x08002989   Thumb Code     8  stm32f4xx_rcc.o(.text)
    SYSCFG_DeInit                            0x08002995   Thumb Code    22  stm32f4xx_syscfg.o(.text)
    SYSCFG_MemoryRemapConfig                 0x080029ab   Thumb Code     6  stm32f4xx_syscfg.o(.text)
    SYSCFG_MemorySwappingBank                0x080029b1   Thumb Code     6  stm32f4xx_syscfg.o(.text)
    SYSCFG_EXTILineConfig                    0x080029b7   Thumb Code    66  stm32f4xx_syscfg.o(.text)
    SYSCFG_ETH_MediaInterfaceConfig          0x080029f9   Thumb Code     8  stm32f4xx_syscfg.o(.text)
    SYSCFG_CompensationCellCmd               0x08002a01   Thumb Code     6  stm32f4xx_syscfg.o(.text)
    SYSCFG_GetCompensationCellStatus         0x08002a07   Thumb Code    22  stm32f4xx_syscfg.o(.text)
    USART_DeInit                             0x08002a29   Thumb Code   206  stm32f4xx_usart.o(.text)
    USART_Init                               0x08002af7   Thumb Code   204  stm32f4xx_usart.o(.text)
    USART_StructInit                         0x08002bc3   Thumb Code    24  stm32f4xx_usart.o(.text)
    USART_ClockInit                          0x08002bdb   Thumb Code    32  stm32f4xx_usart.o(.text)
    USART_ClockStructInit                    0x08002bfb   Thumb Code    12  stm32f4xx_usart.o(.text)
    USART_Cmd                                0x08002c07   Thumb Code    24  stm32f4xx_usart.o(.text)
    USART_SetPrescaler                       0x08002c1f   Thumb Code    16  stm32f4xx_usart.o(.text)
    USART_OverSampling8Cmd                   0x08002c2f   Thumb Code    22  stm32f4xx_usart.o(.text)
    USART_OneBitMethodCmd                    0x08002c45   Thumb Code    24  stm32f4xx_usart.o(.text)
    USART_SendData                           0x08002c5d   Thumb Code     8  stm32f4xx_usart.o(.text)
    USART_ReceiveData                        0x08002c65   Thumb Code    10  stm32f4xx_usart.o(.text)
    USART_SetAddress                         0x08002c6f   Thumb Code    18  stm32f4xx_usart.o(.text)
    USART_ReceiverWakeUpCmd                  0x08002c81   Thumb Code    24  stm32f4xx_usart.o(.text)
    USART_WakeUpConfig                       0x08002c99   Thumb Code    18  stm32f4xx_usart.o(.text)
    USART_LINBreakDetectLengthConfig         0x08002cab   Thumb Code    18  stm32f4xx_usart.o(.text)
    USART_LINCmd                             0x08002cbd   Thumb Code    24  stm32f4xx_usart.o(.text)
    USART_SendBreak                          0x08002cd5   Thumb Code    10  stm32f4xx_usart.o(.text)
    USART_HalfDuplexCmd                      0x08002cdf   Thumb Code    24  stm32f4xx_usart.o(.text)
    USART_SetGuardTime                       0x08002cf7   Thumb Code    16  stm32f4xx_usart.o(.text)
    USART_SmartCardCmd                       0x08002d07   Thumb Code    24  stm32f4xx_usart.o(.text)
    USART_SmartCardNACKCmd                   0x08002d1f   Thumb Code    24  stm32f4xx_usart.o(.text)
    USART_IrDAConfig                         0x08002d37   Thumb Code    18  stm32f4xx_usart.o(.text)
    USART_IrDACmd                            0x08002d49   Thumb Code    24  stm32f4xx_usart.o(.text)
    USART_DMACmd                             0x08002d61   Thumb Code    18  stm32f4xx_usart.o(.text)
    USART_ITConfig                           0x08002d73   Thumb Code    74  stm32f4xx_usart.o(.text)
    USART_GetFlagStatus                      0x08002dbd   Thumb Code    26  stm32f4xx_usart.o(.text)
    USART_ClearFlag                          0x08002dd7   Thumb Code    18  stm32f4xx_usart.o(.text)
    USART_GetITStatus                        0x08002de9   Thumb Code   118  stm32f4xx_usart.o(.text)
    USART_ClearITPendingBit                  0x08002e5f   Thumb Code    30  stm32f4xx_usart.o(.text)
    TIM_DeInit                               0x08002e7d   Thumb Code   346  stm32f4xx_tim.o(.text)
    TIM_TimeBaseInit                         0x08002fd7   Thumb Code   104  stm32f4xx_tim.o(.text)
    TIM_TimeBaseStructInit                   0x0800303f   Thumb Code    18  stm32f4xx_tim.o(.text)
    TIM_PrescalerConfig                      0x08003051   Thumb Code     6  stm32f4xx_tim.o(.text)
    TIM_CounterModeConfig                    0x08003057   Thumb Code    18  stm32f4xx_tim.o(.text)
    TIM_SetCounter                           0x08003069   Thumb Code     4  stm32f4xx_tim.o(.text)
    TIM_SetAutoreload                        0x0800306d   Thumb Code     4  stm32f4xx_tim.o(.text)
    TIM_GetCounter                           0x08003071   Thumb Code     6  stm32f4xx_tim.o(.text)
    TIM_GetPrescaler                         0x08003077   Thumb Code     6  stm32f4xx_tim.o(.text)
    TIM_UpdateDisableConfig                  0x0800307d   Thumb Code    24  stm32f4xx_tim.o(.text)
    TIM_UpdateRequestConfig                  0x08003095   Thumb Code    24  stm32f4xx_tim.o(.text)
    TIM_ARRPreloadConfig                     0x080030ad   Thumb Code    24  stm32f4xx_tim.o(.text)
    TIM_SelectOnePulseMode                   0x080030c5   Thumb Code    18  stm32f4xx_tim.o(.text)
    TIM_SetClockDivision                     0x080030d7   Thumb Code    18  stm32f4xx_tim.o(.text)
    TIM_Cmd                                  0x080030e9   Thumb Code    24  stm32f4xx_tim.o(.text)
    TIM_OC1Init                              0x08003101   Thumb Code   114  stm32f4xx_tim.o(.text)
    TIM_OC2Init                              0x08003173   Thumb Code   154  stm32f4xx_tim.o(.text)
    TIM_OC3Init                              0x0800320d   Thumb Code   204  stm32f4xx_tim.o(.text)
    TIM_OC4Init                              0x080032d9   Thumb Code   112  stm32f4xx_tim.o(.text)
    TIM_OCStructInit                         0x08003349   Thumb Code    20  stm32f4xx_tim.o(.text)
    TIM_SelectOCxM                           0x0800335d   Thumb Code    86  stm32f4xx_tim.o(.text)
    TIM_SetCompare1                          0x080033b3   Thumb Code     4  stm32f4xx_tim.o(.text)
    TIM_SetCompare2                          0x080033b7   Thumb Code     4  stm32f4xx_tim.o(.text)
    TIM_SetCompare3                          0x080033bb   Thumb Code     4  stm32f4xx_tim.o(.text)
    TIM_SetCompare4                          0x080033bf   Thumb Code     4  stm32f4xx_tim.o(.text)
    TIM_ForcedOC1Config                      0x080033c3   Thumb Code    18  stm32f4xx_tim.o(.text)
    TIM_ForcedOC2Config                      0x080033d5   Thumb Code    26  stm32f4xx_tim.o(.text)
    TIM_ForcedOC3Config                      0x080033ef   Thumb Code    18  stm32f4xx_tim.o(.text)
    TIM_ForcedOC4Config                      0x08003401   Thumb Code    26  stm32f4xx_tim.o(.text)
    TIM_OC1PreloadConfig                     0x0800341b   Thumb Code    18  stm32f4xx_tim.o(.text)
    TIM_OC2PreloadConfig                     0x0800342d   Thumb Code    26  stm32f4xx_tim.o(.text)
    TIM_OC3PreloadConfig                     0x08003447   Thumb Code    18  stm32f4xx_tim.o(.text)
    TIM_OC4PreloadConfig                     0x08003459   Thumb Code    26  stm32f4xx_tim.o(.text)
    TIM_OC1FastConfig                        0x08003473   Thumb Code    18  stm32f4xx_tim.o(.text)
    TIM_OC2FastConfig                        0x08003485   Thumb Code    26  stm32f4xx_tim.o(.text)
    TIM_OC3FastConfig                        0x0800349f   Thumb Code    18  stm32f4xx_tim.o(.text)
    TIM_OC4FastConfig                        0x080034b1   Thumb Code    26  stm32f4xx_tim.o(.text)
    TIM_ClearOC1Ref                          0x080034cb   Thumb Code    18  stm32f4xx_tim.o(.text)
    TIM_ClearOC2Ref                          0x080034dd   Thumb Code    24  stm32f4xx_tim.o(.text)
    TIM_ClearOC3Ref                          0x080034f5   Thumb Code    18  stm32f4xx_tim.o(.text)
    TIM_ClearOC4Ref                          0x08003507   Thumb Code    24  stm32f4xx_tim.o(.text)
    TIM_OC1PolarityConfig                    0x0800351f   Thumb Code    18  stm32f4xx_tim.o(.text)
    TIM_OC1NPolarityConfig                   0x08003531   Thumb Code    18  stm32f4xx_tim.o(.text)
    TIM_OC2PolarityConfig                    0x08003543   Thumb Code    26  stm32f4xx_tim.o(.text)
    TIM_OC2NPolarityConfig                   0x0800355d   Thumb Code    26  stm32f4xx_tim.o(.text)
    TIM_OC3PolarityConfig                    0x08003577   Thumb Code    26  stm32f4xx_tim.o(.text)
    TIM_OC3NPolarityConfig                   0x08003591   Thumb Code    26  stm32f4xx_tim.o(.text)
    TIM_OC4PolarityConfig                    0x080035ab   Thumb Code    26  stm32f4xx_tim.o(.text)
    TIM_CCxCmd                               0x080035c5   Thumb Code    30  stm32f4xx_tim.o(.text)
    TIM_CCxNCmd                              0x080035e3   Thumb Code    30  stm32f4xx_tim.o(.text)
    TIM_SetIC4Prescaler                      0x08003601   Thumb Code    26  stm32f4xx_tim.o(.text)
    TIM_SetIC3Prescaler                      0x0800366b   Thumb Code    18  stm32f4xx_tim.o(.text)
    TIM_SetIC2Prescaler                      0x080036c5   Thumb Code    26  stm32f4xx_tim.o(.text)
    TIM_SetIC1Prescaler                      0x08003739   Thumb Code    18  stm32f4xx_tim.o(.text)
    TIM_ICInit                               0x08003785   Thumb Code   110  stm32f4xx_tim.o(.text)
    TIM_ICStructInit                         0x080037f3   Thumb Code    18  stm32f4xx_tim.o(.text)
    TIM_PWMIConfig                           0x08003805   Thumb Code   124  stm32f4xx_tim.o(.text)
    TIM_GetCapture1                          0x08003881   Thumb Code     6  stm32f4xx_tim.o(.text)
    TIM_GetCapture2                          0x08003887   Thumb Code     6  stm32f4xx_tim.o(.text)
    TIM_GetCapture3                          0x0800388d   Thumb Code     6  stm32f4xx_tim.o(.text)
    TIM_GetCapture4                          0x08003893   Thumb Code     6  stm32f4xx_tim.o(.text)
    TIM_BDTRConfig                           0x08003899   Thumb Code    32  stm32f4xx_tim.o(.text)
    TIM_BDTRStructInit                       0x080038b9   Thumb Code    18  stm32f4xx_tim.o(.text)
    TIM_CtrlPWMOutputs                       0x080038cb   Thumb Code    30  stm32f4xx_tim.o(.text)
    TIM_SelectCOM                            0x080038e9   Thumb Code    24  stm32f4xx_tim.o(.text)
    TIM_CCPreloadControl                     0x08003901   Thumb Code    24  stm32f4xx_tim.o(.text)
    TIM_ITConfig                             0x08003919   Thumb Code    18  stm32f4xx_tim.o(.text)
    TIM_GenerateEvent                        0x0800392b   Thumb Code     4  stm32f4xx_tim.o(.text)
    TIM_GetFlagStatus                        0x0800392f   Thumb Code    18  stm32f4xx_tim.o(.text)
    TIM_ClearFlag                            0x08003941   Thumb Code     6  stm32f4xx_tim.o(.text)
    TIM_GetITStatus                          0x08003947   Thumb Code    34  stm32f4xx_tim.o(.text)
    TIM_ClearITPendingBit                    0x08003969   Thumb Code     6  stm32f4xx_tim.o(.text)
    TIM_DMAConfig                            0x0800396f   Thumb Code    10  stm32f4xx_tim.o(.text)
    TIM_DMACmd                               0x08003979   Thumb Code    18  stm32f4xx_tim.o(.text)
    TIM_SelectCCDMA                          0x0800398b   Thumb Code    24  stm32f4xx_tim.o(.text)
    TIM_InternalClockConfig                  0x080039a3   Thumb Code    12  stm32f4xx_tim.o(.text)
    TIM_SelectInputTrigger                   0x080039af   Thumb Code    18  stm32f4xx_tim.o(.text)
    TIM_ITRxExternalClockConfig              0x080039c1   Thumb Code    24  stm32f4xx_tim.o(.text)
    TIM_TIxExternalClockConfig               0x080039d9   Thumb Code    62  stm32f4xx_tim.o(.text)
    TIM_ETRConfig                            0x08003a17   Thumb Code    28  stm32f4xx_tim.o(.text)
    TIM_ETRClockMode1Config                  0x08003a33   Thumb Code    54  stm32f4xx_tim.o(.text)
    TIM_ETRClockMode2Config                  0x08003a69   Thumb Code    32  stm32f4xx_tim.o(.text)
    TIM_SelectOutputTrigger                  0x08003a89   Thumb Code    18  stm32f4xx_tim.o(.text)
    TIM_SelectSlaveMode                      0x08003a9b   Thumb Code    18  stm32f4xx_tim.o(.text)
    TIM_SelectMasterSlaveMode                0x08003aad   Thumb Code    18  stm32f4xx_tim.o(.text)
    TIM_EncoderInterfaceConfig               0x08003abf   Thumb Code    66  stm32f4xx_tim.o(.text)
    TIM_SelectHallSensor                     0x08003b01   Thumb Code    24  stm32f4xx_tim.o(.text)
    TIM_RemapConfig                          0x08003b19   Thumb Code     6  stm32f4xx_tim.o(.text)
    EXTI_DeInit                              0x08003b21   Thumb Code    28  stm32f4xx_exti.o(.text)
    EXTI_Init                                0x08003b3d   Thumb Code   142  stm32f4xx_exti.o(.text)
    EXTI_StructInit                          0x08003bcb   Thumb Code    16  stm32f4xx_exti.o(.text)
    EXTI_GenerateSWInterrupt                 0x08003bdb   Thumb Code    16  stm32f4xx_exti.o(.text)
    EXTI_GetFlagStatus                       0x08003beb   Thumb Code    22  stm32f4xx_exti.o(.text)
    EXTI_ClearFlag                           0x08003c01   Thumb Code     8  stm32f4xx_exti.o(.text)
    EXTI_GetITStatus                         0x08003c09   Thumb Code    22  stm32f4xx_exti.o(.text)
    EXTI_ClearITPendingBit                   0x08003c1f   Thumb Code     8  stm32f4xx_exti.o(.text)
    usmart_sys_cmd_exe                       0x08003c31   Thumb Code  1554  usmart.o(.text)
    usmart_reset_runtime                     0x08004243   Thumb Code    38  usmart.o(.text)
    usmart_get_runtime                       0x08004269   Thumb Code    60  usmart.o(.text)
    TIM4_IRQHandler                          0x080042a5   Thumb Code    46  usmart.o(.text)
    Timer4_Init                              0x080042d3   Thumb Code    86  usmart.o(.text)
    usmart_init                              0x08004329   Thumb Code    36  usmart.o(.text)
    usmart_cmd_rec                           0x0800434d   Thumb Code   170  usmart.o(.text)
    usmart_exe                               0x080043f7   Thumb Code   868  usmart.o(.text)
    usmart_scan                              0x0800475b   Thumb Code   120  usmart.o(.text)
    read_addr                                0x080047d3   Thumb Code     6  usmart.o(.text)
    write_addr                               0x080047d9   Thumb Code     4  usmart.o(.text)
    usmart_strcmp                            0x08004865   Thumb Code    34  usmart_str.o(.text)
    usmart_strcopy                           0x08004887   Thumb Code    22  usmart_str.o(.text)
    usmart_strlen                            0x0800489d   Thumb Code    24  usmart_str.o(.text)
    usmart_pow                               0x080048b5   Thumb Code    22  usmart_str.o(.text)
    usmart_str2num                           0x080048cb   Thumb Code   202  usmart_str.o(.text)
    usmart_get_cmdname                       0x08004995   Thumb Code    54  usmart_str.o(.text)
    usmart_search_nextc                      0x080049cb   Thumb Code    22  usmart_str.o(.text)
    usmart_get_fname                         0x080049e1   Thumb Code   440  usmart_str.o(.text)
    usmart_get_aparm                         0x08004b99   Thumb Code   200  usmart_str.o(.text)
    usmart_get_parmpos                       0x08004c61   Thumb Code    26  usmart_str.o(.text)
    usmart_get_fparam                        0x08004c7b   Thumb Code   262  usmart_str.o(.text)
    sim_at_response                          0x08004d8d   Thumb Code    32  sim800c.o(.text)
    sim800c_check_cmd                        0x08004dad   Thumb Code    44  sim800c.o(.text)
    sim800c_send_cmd                         0x08004dd9   Thumb Code   162  sim800c.o(.text)
    sim800c_wait_request                     0x08004e7b   Thumb Code    92  sim800c.o(.text)
    sim800c_chr2hex                          0x08004ed7   Thumb Code    54  sim800c.o(.text)
    sim800c_hex2chr                          0x08004f0d   Thumb Code    34  sim800c.o(.text)
    sim800c_unigbk_exchange                  0x08004f2f   Thumb Code     2  sim800c.o(.text)
    sim800c_load_keyboard                    0x08004f31   Thumb Code     2  sim800c.o(.text)
    sim800c_key_staset                       0x08004f33   Thumb Code     2  sim800c.o(.text)
    sim800c_get_keynum                       0x08004f35   Thumb Code     6  sim800c.o(.text)
    sim800c_call_test                        0x08004f3b   Thumb Code     4  sim800c.o(.text)
    sim800c_sms_select                       0x08004f3f   Thumb Code    96  sim800c.o(.text)
    sim800c_sms_read_test                    0x08004f9f   Thumb Code   742  sim800c.o(.text)
    sim800c_sms_send_test                    0x08005285   Thumb Code   122  sim800c.o(.text)
    sim800c_sms_ui                           0x080052ff   Thumb Code     2  sim800c.o(.text)
    sim800c_sms_test                         0x08005301   Thumb Code   172  sim800c.o(.text)
    sim800c_mtest_ui                         0x080053ad   Thumb Code     2  sim800c.o(.text)
    sim800c_gsminfo_show                     0x080053af   Thumb Code   306  sim800c.o(.text)
    ntp_update                               0x080054e1   Thumb Code    80  sim800c.o(.text)
    sim800c_test                             0x08005531   Thumb Code    96  sim800c.o(.text)
    __aeabi_memcpy                           0x0800571d   Thumb Code    36  memcpya.o(.text)
    __aeabi_memcpy4                          0x0800571d   Thumb Code     0  memcpya.o(.text)
    __aeabi_memcpy8                          0x0800571d   Thumb Code     0  memcpya.o(.text)
    strcat                                   0x08005741   Thumb Code    24  strcat.o(.text)
    strstr                                   0x08005759   Thumb Code    36  strstr.o(.text)
    strncpy                                  0x0800577d   Thumb Code    24  strncpy.o(.text)
    strlen                                   0x08005795   Thumb Code    14  strlen.o(.text)
    strcmp                                   0x080057a3   Thumb Code    28  strcmp.o(.text)
    strcpy                                   0x080057bf   Thumb Code    18  strcpy.o(.text)
    strncmp                                  0x080057d1   Thumb Code    30  strncmp.o(.text)
    atoi                                     0x080057ef   Thumb Code    26  atoi.o(.text)
    __aeabi_dadd                             0x08005809   Thumb Code   322  dadd.o(.text)
    __aeabi_dsub                             0x0800594b   Thumb Code     6  dadd.o(.text)
    __aeabi_drsub                            0x08005951   Thumb Code     6  dadd.o(.text)
    __aeabi_dmul                             0x08005957   Thumb Code   228  dmul.o(.text)
    __aeabi_ddiv                             0x08005a3b   Thumb Code   222  ddiv.o(.text)
    __aeabi_i2d                              0x08005b19   Thumb Code    34  dflti.o(.text)
    __aeabi_d2f                              0x08005b3b   Thumb Code    56  d2f.o(.text)
    __aeabi_uidiv                            0x08005b73   Thumb Code     0  uidiv.o(.text)
    __aeabi_uidivmod                         0x08005b73   Thumb Code    44  uidiv.o(.text)
    __aeabi_uldivmod                         0x08005b9f   Thumb Code    98  uldiv.o(.text)
    __aeabi_llsl                             0x08005c01   Thumb Code    30  llshl.o(.text)
    _ll_shift_l                              0x08005c01   Thumb Code     0  llshl.o(.text)
    __aeabi_lasr                             0x08005c1f   Thumb Code    36  llsshr.o(.text)
    _ll_sshift_r                             0x08005c1f   Thumb Code     0  llsshr.o(.text)
    strtol                                   0x08005c43   Thumb Code   112  strtol.o(.text)
    __I$use$fp                               0x08005cb3   Thumb Code     0  iusefp.o(.text)
    _float_round                             0x08005cb3   Thumb Code    18  fepilogue.o(.text)
    _float_epilogue                          0x08005cc5   Thumb Code    92  fepilogue.o(.text)
    _double_round                            0x08005d21   Thumb Code    30  depilogue.o(.text)
    _double_epilogue                         0x08005d3f   Thumb Code   156  depilogue.o(.text)
    __aeabi_d2ulz                            0x08005ddb   Thumb Code    48  dfixul.o(.text)
    __aeabi_cdrcmple                         0x08005e0d   Thumb Code    48  cdrcmple.o(.text)
    __scatterload                            0x08005e3d   Thumb Code    28  init.o(.text)
    __scatterload_rt2                        0x08005e3d   Thumb Code     0  init.o(.text)
    __aeabi_llsr                             0x08005e61   Thumb Code    32  llushr.o(.text)
    _ll_ushift_r                             0x08005e61   Thumb Code     0  llushr.o(.text)
    __rt_ctype_table                         0x08005e81   Thumb Code     4  ctype_o.o(.text)
    _strtoul                                 0x08005e89   Thumb Code   158  _strtoul.o(.text)
    _chval                                   0x08005f27   Thumb Code    28  _chval.o(.text)
    __decompress                             0x08005f43   Thumb Code     0  __dczerorl2.o(.text)
    __decompress1                            0x08005f43   Thumb Code    86  __dczerorl2.o(.text)
    __0printf                                0x08005f99   Thumb Code    22  printfa.o(i.__0printf)
    __1printf                                0x08005f99   Thumb Code     0  printfa.o(i.__0printf)
    __2printf                                0x08005f99   Thumb Code     0  printfa.o(i.__0printf)
    __c89printf                              0x08005f99   Thumb Code     0  printfa.o(i.__0printf)
    printf                                   0x08005f99   Thumb Code     0  printfa.o(i.__0printf)
    __0sprintf                               0x08005fb9   Thumb Code    34  printfa.o(i.__0sprintf)
    __1sprintf                               0x08005fb9   Thumb Code     0  printfa.o(i.__0sprintf)
    __2sprintf                               0x08005fb9   Thumb Code     0  printfa.o(i.__0sprintf)
    __c89sprintf                             0x08005fb9   Thumb Code     0  printfa.o(i.__0sprintf)
    sprintf                                  0x08005fb9   Thumb Code     0  printfa.o(i.__0sprintf)
    __0vsprintf                              0x08005fe1   Thumb Code    30  printfa.o(i.__0vsprintf)
    __1vsprintf                              0x08005fe1   Thumb Code     0  printfa.o(i.__0vsprintf)
    __2vsprintf                              0x08005fe1   Thumb Code     0  printfa.o(i.__0vsprintf)
    __c89vsprintf                            0x08005fe1   Thumb Code     0  printfa.o(i.__0vsprintf)
    vsprintf                                 0x08005fe1   Thumb Code     0  printfa.o(i.__0vsprintf)
    __aeabi_errno_addr                       0x08006005   Thumb Code     4  errno.o(i.__aeabi_errno_addr)
    __rt_errno_addr                          0x08006005   Thumb Code     0  errno.o(i.__aeabi_errno_addr)
    __scatterload_copy                       0x0800600d   Thumb Code    14  handlers.o(i.__scatterload_copy)
    __scatterload_null                       0x0800601b   Thumb Code     2  handlers.o(i.__scatterload_null)
    __scatterload_zeroinit                   0x0800601d   Thumb Code    14  handlers.o(i.__scatterload_zeroinit)
    free                                     0x080068c9   Thumb Code    76  malloc.o(i.free)
    malloc                                   0x08006919   Thumb Code    92  malloc.o(i.malloc)
    __ctype_table                            0x08006a44   Data         129  ctype_o.o(.constdata)
    Region$$Table$$Base                      0x08006b9c   Number         0  anon$$obj.o(Region$$Table)
    Region$$Table$$Limit                     0x08006bbc   Number         0  anon$$obj.o(Region$$Table)
    msgnum                                   0x20000000   Data           1  main.o(.data)
    flag_msg                                 0x20000001   Data           1  main.o(.data)
    safe_distance                            0x20000002   Data           2  main.o(.data)
    sim_ready                                0x20000004   Data           1  main.o(.data)
    msglive                                  0x20000005   Data           1  main.o(.data)
    msgdel                                   0x20000006   Data           1  main.o(.data)
    msgmax                                   0x20000007   Data           1  main.o(.data)
    SystemCoreClock                          0x20000008   Data           4  system_stm32f4xx.o(.data)
    AHBPrescTable                            0x2000000c   Data          16  system_stm32f4xx.o(.data)
    USART3_RX_STA                            0x20000020   Data           2  usart3.o(.data)
    USART2_RX_STA                            0x20000022   Data           2  usart2.o(.data)
    USART4_RX_STA                            0x20000024   Data           2  usart4.o(.data)
    __stdout                                 0x2000002c   Data           4  usart.o(.data)
    USART_RX_STA                             0x20000030   Data           2  usart.o(.data)
    sys_cmd_tab                              0x20000044   Data          28  usmart.o(.data)
    usmart_nametab                           0x20000060   Data          24  usmart_config.o(.data)
    usmart_dev                               0x20000078   Data         244  usmart_config.o(.data)
    Scan_Wtime                               0x2000016c   Data           1  sim800c.o(.data)
    BT_Scan_mode                             0x2000016d   Data           1  sim800c.o(.data)
    kbd_tbl1                                 0x20000170   Data          52  sim800c.o(.data)
    kbd_tbl2                                 0x200001a4   Data          52  sim800c.o(.data)
    kbd_tbl                                  0x200001d8   Data           4  sim800c.o(.data)
    kbd_fn_tbl                               0x200001dc   Data           8  sim800c.o(.data)
    __microlib_freelist                      0x200001e4   Data           4  mvars.o(.data)
    __microlib_freelist_initialised          0x200001e8   Data           4  mvars.o(.data)
    phonenum                                 0x200001f0   Data         600  main.o(.bss)
    gpsbuff                                  0x20000448   Data          75  main.o(.bss)
    phonedel                                 0x20000493   Data         600  main.o(.bss)
    USART3_TX_BUF                            0x200006f0   Data         400  usart3.o(.bss)
    USART3_RX_BUF                            0x20000880   Data         400  usart3.o(.bss)
    USART2_TX_BUF                            0x20000a10   Data         400  usart2.o(.bss)
    USART2_RX_BUF                            0x20000ba0   Data         400  usart2.o(.bss)
    USART4_TX_BUF                            0x20000d30   Data         400  usart4.o(.bss)
    USART4_RX_BUF                            0x20000ec0   Data         400  usart4.o(.bss)
    USART1_TX_BUF                            0x20001050   Data         400  usart4.o(.bss)
    USART_RX_BUF                             0x200011e0   Data         200  usart.o(.bss)
    USART1_RX_BUF                            0x200012a8   Data         200  usart.o(.bss)
    __heap_base                              0x20001370   Data           0  startup_stm32f40_41xxx.o(HEAP)
    __heap_limit                             0x20001570   Data           0  startup_stm32f40_41xxx.o(HEAP)
    __initial_sp                             0x20001970   Data           0  startup_stm32f40_41xxx.o(STACK)



==============================================================================

Memory Map of the image

  Image Entry point : 0x08000189

  Load Region LR_IROM1 (Base: 0x08000000, Size: 0x00006dac, Max: 0x00080000, ABSOLUTE, COMPRESSED[0x00006c44])

    Execution Region ER_IROM1 (Base: 0x08000000, Size: 0x00006bbc, Max: 0x00080000, ABSOLUTE)

    Base Addr    Size         Type   Attr      Idx    E Section Name        Object

    0x08000000   0x00000188   Data   RO          762    RESET               startup_stm32f40_41xxx.o
    0x08000188   0x00000000   Code   RO         1109  * .ARM.Collect$$$$00000000  mc_w.l(entry.o)
    0x08000188   0x00000004   Code   RO         1490    .ARM.Collect$$$$00000001  mc_w.l(entry2.o)
    0x0800018c   0x00000004   Code   RO         1493    .ARM.Collect$$$$00000004  mc_w.l(entry5.o)
    0x08000190   0x00000000   Code   RO         1495    .ARM.Collect$$$$00000008  mc_w.l(entry7b.o)
    0x08000190   0x00000000   Code   RO         1497    .ARM.Collect$$$$0000000A  mc_w.l(entry8b.o)
    0x08000190   0x00000008   Code   RO         1498    .ARM.Collect$$$$0000000B  mc_w.l(entry9a.o)
    0x08000198   0x00000000   Code   RO         1500    .ARM.Collect$$$$0000000D  mc_w.l(entry10a.o)
    0x08000198   0x00000000   Code   RO         1502    .ARM.Collect$$$$0000000F  mc_w.l(entry11a.o)
    0x08000198   0x00000004   Code   RO         1491    .ARM.Collect$$$$00002712  mc_w.l(entry2.o)
    0x0800019c   0x000000b8   Code   RO            4    .text               main.o
    0x08000254   0x0000001a   Code   RO          199    .text               stm32f4xx_it.o
    0x0800026e   0x00000002   PAD
    0x08000270   0x00000210   Code   RO          252    .text               system_stm32f4xx.o
    0x08000480   0x00000040   Code   RO          282    .text               led.o
    0x080004c0   0x0000010c   Code   RO          306    .text               key.o
    0x080005cc   0x00000670   Code   RO          332    .text               myiic.o
    0x08000c3c   0x00000194   Code   RO          364    .text               timer.o
    0x08000dd0   0x0000018c   Code   RO          393    .text               usart3.o
    0x08000f5c   0x00000298   Code   RO          434    .text               beep.o
    0x080011f4   0x00000334   Code   RO          459    .text               gps.o
    0x08001528   0x00000184   Code   RO          499    .text               usart2.o
    0x080016ac   0x000001d8   Code   RO          530    .text               usart4.o
    0x08001884   0x000000d8   Code   RO          562    .text               exti.o
    0x0800195c   0x00000404   Code   RO          587    .text               mpu6050.o
    0x08001d60   0x00000104   Code   RO          680    .text               delay.o
    0x08001e64   0x0000013c   Code   RO          728    .text               usart.o
    0x08001fa0   0x00000024   Code   RO          763    .text               startup_stm32f40_41xxx.o
    0x08001fc4   0x000000e0   Code   RO          770    .text               misc.o
    0x080020a4   0x00000294   Code   RO          794    .text               stm32f4xx_gpio.o
    0x08002338   0x0000065c   Code   RO          818    .text               stm32f4xx_rcc.o
    0x08002994   0x00000094   Code   RO          844    .text               stm32f4xx_syscfg.o
    0x08002a28   0x00000454   Code   RO          868    .text               stm32f4xx_usart.o
    0x08002e7c   0x00000ca2   Code   RO          892    .text               stm32f4xx_tim.o
    0x08003b1e   0x00000002   PAD
    0x08003b20   0x00000110   Code   RO          916    .text               stm32f4xx_exti.o
    0x08003c30   0x00000c34   Code   RO          940    .text               usmart.o
    0x08004864   0x00000528   Code   RO          993    .text               usmart_str.o
    0x08004d8c   0x00000990   Code   RO         1017    .text               sim800c.o
    0x0800571c   0x00000024   Code   RO         1114    .text               mc_w.l(memcpya.o)
    0x08005740   0x00000018   Code   RO         1118    .text               mc_w.l(strcat.o)
    0x08005758   0x00000024   Code   RO         1120    .text               mc_w.l(strstr.o)
    0x0800577c   0x00000018   Code   RO         1122    .text               mc_w.l(strncpy.o)
    0x08005794   0x0000000e   Code   RO         1124    .text               mc_w.l(strlen.o)
    0x080057a2   0x0000001c   Code   RO         1126    .text               mc_w.l(strcmp.o)
    0x080057be   0x00000012   Code   RO         1130    .text               mc_w.l(strcpy.o)
    0x080057d0   0x0000001e   Code   RO         1132    .text               mc_w.l(strncmp.o)
    0x080057ee   0x0000001a   Code   RO         1425    .text               mc_w.l(atoi.o)
    0x08005808   0x0000014e   Code   RO         1427    .text               mf_w.l(dadd.o)
    0x08005956   0x000000e4   Code   RO         1429    .text               mf_w.l(dmul.o)
    0x08005a3a   0x000000de   Code   RO         1431    .text               mf_w.l(ddiv.o)
    0x08005b18   0x00000022   Code   RO         1433    .text               mf_w.l(dflti.o)
    0x08005b3a   0x00000038   Code   RO         1437    .text               mf_w.l(d2f.o)
    0x08005b72   0x0000002c   Code   RO         1504    .text               mc_w.l(uidiv.o)
    0x08005b9e   0x00000062   Code   RO         1506    .text               mc_w.l(uldiv.o)
    0x08005c00   0x0000001e   Code   RO         1508    .text               mc_w.l(llshl.o)
    0x08005c1e   0x00000024   Code   RO         1510    .text               mc_w.l(llsshr.o)
    0x08005c42   0x00000070   Code   RO         1521    .text               mc_w.l(strtol.o)
    0x08005cb2   0x00000000   Code   RO         1523    .text               mc_w.l(iusefp.o)
    0x08005cb2   0x0000006e   Code   RO         1524    .text               mf_w.l(fepilogue.o)
    0x08005d20   0x000000ba   Code   RO         1526    .text               mf_w.l(depilogue.o)
    0x08005dda   0x00000030   Code   RO         1530    .text               mf_w.l(dfixul.o)
    0x08005e0a   0x00000002   PAD
    0x08005e0c   0x00000030   Code   RO         1532    .text               mf_w.l(cdrcmple.o)
    0x08005e3c   0x00000024   Code   RO         1534    .text               mc_w.l(init.o)
    0x08005e60   0x00000020   Code   RO         1536    .text               mc_w.l(llushr.o)
    0x08005e80   0x00000008   Code   RO         1538    .text               mc_w.l(ctype_o.o)
    0x08005e88   0x0000009e   Code   RO         1566    .text               mc_w.l(_strtoul.o)
    0x08005f26   0x0000001c   Code   RO         1572    .text               mc_w.l(_chval.o)
    0x08005f42   0x00000056   Code   RO         1582    .text               mc_w.l(__dczerorl2.o)
    0x08005f98   0x00000020   Code   RO         1369    i.__0printf         mc_w.l(printfa.o)
    0x08005fb8   0x00000028   Code   RO         1371    i.__0sprintf        mc_w.l(printfa.o)
    0x08005fe0   0x00000024   Code   RO         1375    i.__0vsprintf       mc_w.l(printfa.o)
    0x08006004   0x00000008   Code   RO         1514    i.__aeabi_errno_addr  mc_w.l(errno.o)
    0x0800600c   0x0000000e   Code   RO         1576    i.__scatterload_copy  mc_w.l(handlers.o)
    0x0800601a   0x00000002   Code   RO         1577    i.__scatterload_null  mc_w.l(handlers.o)
    0x0800601c   0x0000000e   Code   RO         1578    i.__scatterload_zeroinit  mc_w.l(handlers.o)
    0x0800602a   0x00000002   PAD
    0x0800602c   0x00000164   Code   RO         1376    i._fp_digits        mc_w.l(printfa.o)
    0x08006190   0x000006dc   Code   RO         1377    i._printf_core      mc_w.l(printfa.o)
    0x0800686c   0x00000024   Code   RO         1378    i._printf_post_padding  mc_w.l(printfa.o)
    0x08006890   0x0000002e   Code   RO         1379    i._printf_pre_padding  mc_w.l(printfa.o)
    0x080068be   0x0000000a   Code   RO         1381    i._sputc            mc_w.l(printfa.o)
    0x080068c8   0x00000050   Code   RO         1397    i.free              mc_w.l(malloc.o)
    0x08006918   0x0000006c   Code   RO         1398    i.malloc            mc_w.l(malloc.o)
    0x08006984   0x000000c0   Data   RO          460    .constdata          gps.o
    0x08006a44   0x00000081   Data   RO         1539    .constdata          mc_w.l(ctype_o.o)
    0x08006ac5   0x00000003   PAD
    0x08006ac8   0x00000004   Data   RO         1540    .constdata          mc_w.l(ctype_o.o)
    0x08006acc   0x00000028   Data   RO          941    .conststring        usmart.o
    0x08006af4   0x00000070   Data   RO          968    .conststring        usmart_config.o
    0x08006b64   0x00000038   Data   RO         1018    .conststring        sim800c.o
    0x08006b9c   0x00000020   Data   RO         1574    Region$$Table       anon$$obj.o


    Execution Region RW_IRAM1 (Base: 0x20000000, Size: 0x00001970, Max: 0x00020000, ABSOLUTE, COMPRESSED[0x00000088])

    Base Addr    Size         Type   Attr      Idx    E Section Name        Object

    0x20000000   0x00000008   Data   RW            6    .data               main.o
    0x20000008   0x00000014   Data   RW          253    .data               system_stm32f4xx.o
    0x2000001c   0x00000001   Data   RW          307    .data               key.o
    0x2000001d   0x00000002   Data   RW          365    .data               timer.o
    0x2000001f   0x00000001   PAD
    0x20000020   0x00000002   Data   RW          395    .data               usart3.o
    0x20000022   0x00000002   Data   RW          501    .data               usart2.o
    0x20000024   0x00000002   Data   RW          532    .data               usart4.o
    0x20000026   0x00000004   Data   RW          681    .data               delay.o
    0x2000002a   0x00000002   PAD
    0x2000002c   0x00000006   Data   RW          730    .data               usart.o
    0x20000032   0x00000010   Data   RW          819    .data               stm32f4xx_rcc.o
    0x20000042   0x00000002   PAD
    0x20000044   0x0000001c   Data   RW          942    .data               usmart.o
    0x20000060   0x0000010c   Data   RW          969    .data               usmart_config.o
    0x2000016c   0x00000078   Data   RW         1019    .data               sim800c.o
    0x200001e4   0x00000004   Data   RW         1512    .data               mc_w.l(mvars.o)
    0x200001e8   0x00000004   Data   RW         1513    .data               mc_w.l(mvars.o)
    0x200001ec   0x00000004   Data   RW         1517    .data               mc_w.l(errno.o)
    0x200001f0   0x000004fb   Zero   RW            5    .bss                main.o
    0x200006eb   0x00000005   PAD
    0x200006f0   0x00000320   Zero   RW          394    .bss                usart3.o
    0x20000a10   0x00000320   Zero   RW          500    .bss                usart2.o
    0x20000d30   0x000004b0   Zero   RW          531    .bss                usart4.o
    0x200011e0   0x00000190   Zero   RW          729    .bss                usart.o
    0x20001370   0x00000200   Zero   RW          761    HEAP                startup_stm32f40_41xxx.o
    0x20001570   0x00000400   Zero   RW          760    STACK               startup_stm32f40_41xxx.o


==============================================================================

Image component sizes


      Code (inc. data)   RO Data    RW Data    ZI Data      Debug   Object Name

       664         52          0          0          0       2371   beep.o
       260          8          0          4          0       1457   delay.o
       216         12          0          0          0        925   exti.o
       820         32        192          0          0       3457   gps.o
       268         28          0          1          0       1002   key.o
        64          4          0          0          0        535   led.o
       184         10          0          8       1275     285945   main.o
       224         20          0          0          0       1837   misc.o
      1028         32          0          0          0       4657   mpu6050.o
      1648         54          0          0          0       4995   myiic.o
      2448        616         56        120          0       7779   sim800c.o
        36          8        392          0       1536        832   startup_stm32f40_41xxx.o
       272         10          0          0          0       2283   stm32f4xx_exti.o
       660         44          0          0          0       4113   stm32f4xx_gpio.o
        26          0          0          0          0       1234   stm32f4xx_it.o
      1628         52          0         16          0      12912   stm32f4xx_rcc.o
       148         12          0          0          0       1853   stm32f4xx_syscfg.o
      3234         60          0          0          0      22320   stm32f4xx_tim.o
      1108         34          0          0          0       7816   stm32f4xx_usart.o
       528         46          0         20          0       1807   system_stm32f4xx.o
       404         20          0          2          0       1630   timer.o
       316         22          0          6        400       3376   usart.o
       388         22          0          2        800       2034   usart2.o
       396         24          0          2        800       2602   usart3.o
       472         26          0          2       1200       2350   usart4.o
      3124       1286         40         28          0       4394   usmart.o
         0          0        112        268          0       1528   usmart_config.o
      1320         12          0          0          0       5185   usmart_str.o

    ----------------------------------------------------------------------
     21888       2546        824        484       6016     393229   Object Totals
         0          0         32          0          0          0   (incl. Generated)
         4          0          0          5          5          0   (incl. Padding)

    ----------------------------------------------------------------------

      Code (inc. data)   RO Data    RW Data    ZI Data      Debug   Library Member Name

        86          0          0          0          0          0   __dczerorl2.o
        28          0          0          0          0         68   _chval.o
       158          0          0          0          0         92   _strtoul.o
        26          0          0          0          0         80   atoi.o
         8          4        133          0          0         68   ctype_o.o
         0          0          0          0          0          0   entry.o
         0          0          0          0          0          0   entry10a.o
         0          0          0          0          0          0   entry11a.o
         8          4          0          0          0          0   entry2.o
         4          0          0          0          0          0   entry5.o
         0          0          0          0          0          0   entry7b.o
         0          0          0          0          0          0   entry8b.o
         8          4          0          0          0          0   entry9a.o
         8          4          0          4          0         68   errno.o
        30          0          0          0          0          0   handlers.o
        36          8          0          0          0         68   init.o
         0          0          0          0          0          0   iusefp.o
        30          0          0          0          0         68   llshl.o
        36          0          0          0          0         68   llsshr.o
        32          0          0          0          0         68   llushr.o
       188         20          0          0          0        160   malloc.o
        36          0          0          0          0         68   memcpya.o
         0          0          0          8          0          0   mvars.o
      2312        102          0          0          0        676   printfa.o
        24          0          0          0          0         68   strcat.o
        28          0          0          0          0         76   strcmp.o
        18          0          0          0          0         68   strcpy.o
        14          0          0          0          0         68   strlen.o
        30          0          0          0          0         80   strncmp.o
        24          0          0          0          0         76   strncpy.o
        36          0          0          0          0         80   strstr.o
       112          0          0          0          0         88   strtol.o
        44          0          0          0          0         80   uidiv.o
        98          0          0          0          0         92   uldiv.o
        48          0          0          0          0         68   cdrcmple.o
        56          0          0          0          0         88   d2f.o
       334          0          0          0          0        148   dadd.o
       222          0          0          0          0        100   ddiv.o
       186          0          0          0          0        176   depilogue.o
        48          0          0          0          0         68   dfixul.o
        34          0          0          0          0         76   dflti.o
       228          0          0          0          0         96   dmul.o
       110          0          0          0          0        168   fepilogue.o

    ----------------------------------------------------------------------
      4732        146        136         12          0       3316   Library Totals
         4          0          3          0          0          0   (incl. Padding)

    ----------------------------------------------------------------------

      Code (inc. data)   RO Data    RW Data    ZI Data      Debug   Library Name

      3462        146        133         12          0       2328   mc_w.l
      1266          0          0          0          0        988   mf_w.l

    ----------------------------------------------------------------------
      4732        146        136         12          0       3316   Library Totals

    ----------------------------------------------------------------------

==============================================================================


      Code (inc. data)   RO Data    RW Data    ZI Data      Debug   

     26620       2692        960        496       6016     390109   Grand Totals
     26620       2692        960        136       6016     390109   ELF Image Totals (compressed)
     26620       2692        960        136          0          0   ROM Totals

==============================================================================

    Total RO  Size (Code + RO Data)                27580 (  26.93kB)
    Total RW  Size (RW Data + ZI Data)              6512 (   6.36kB)
    Total ROM Size (Code + RO Data + RW Data)      27716 (  27.07kB)

==============================================================================

